Archive member included to satisfy reference by file (symbol)

C:/Apps/arm-toolchain/bin/../lib/gcc/arm-none-eabi/13.2.1/thumb/v8-m.main+fp/hard\libc_nano.a(libc_a-abs.o)
                              C:/Users/wwn24001/Downloads/lab4-game-main/lab4-game-main/nrfx/src/sample/../../build/chess.c.o (abs)
C:/Apps/arm-toolchain/bin/../lib/gcc/arm-none-eabi/13.2.1/thumb/v8-m.main+fp/hard\libc_nano.a(libc_a-atoi.o)
                              C:/Users/wwn24001/Downloads/lab4-game-main/lab4-game-main/nrfx/src/sample/../../build/goodFuncs.c.o (atoi)
C:/Apps/arm-toolchain/bin/../lib/gcc/arm-none-eabi/13.2.1/thumb/v8-m.main+fp/hard\libc_nano.a(libc_a-exit.o)
                              C:/Apps/arm-toolchain/bin/../lib/gcc/arm-none-eabi/13.2.1/thumb/v8-m.main+fp/hard/crt0.o (exit)
C:/Apps/arm-toolchain/bin/../lib/gcc/arm-none-eabi/13.2.1/thumb/v8-m.main+fp/hard\libc_nano.a(libc_a-malloc.o)
                              C:/Users/wwn24001/Downloads/lab4-game-main/lab4-game-main/nrfx/src/sample/../../build/chess.c.o (malloc)
C:/Apps/arm-toolchain/bin/../lib/gcc/arm-none-eabi/13.2.1/thumb/v8-m.main+fp/hard\libc_nano.a(libc_a-mallocr.o)
                              C:/Apps/arm-toolchain/bin/../lib/gcc/arm-none-eabi/13.2.1/thumb/v8-m.main+fp/hard\libc_nano.a(libc_a-malloc.o) (_malloc_r)
C:/Apps/arm-toolchain/bin/../lib/gcc/arm-none-eabi/13.2.1/thumb/v8-m.main+fp/hard\libc_nano.a(libc_a-mlock.o)
                              C:/Apps/arm-toolchain/bin/../lib/gcc/arm-none-eabi/13.2.1/thumb/v8-m.main+fp/hard\libc_nano.a(libc_a-mallocr.o) (__malloc_lock)
C:/Apps/arm-toolchain/bin/../lib/gcc/arm-none-eabi/13.2.1/thumb/v8-m.main+fp/hard\libc_nano.a(libc_a-rand.o)
                              C:/Users/wwn24001/Downloads/lab4-game-main/lab4-game-main/nrfx/src/sample/../../build/goodFuncs.c.o (srand)
C:/Apps/arm-toolchain/bin/../lib/gcc/arm-none-eabi/13.2.1/thumb/v8-m.main+fp/hard\libc_nano.a(libc_a-strtol.o)
                              C:/Apps/arm-toolchain/bin/../lib/gcc/arm-none-eabi/13.2.1/thumb/v8-m.main+fp/hard\libc_nano.a(libc_a-atoi.o) (_strtol_r)
C:/Apps/arm-toolchain/bin/../lib/gcc/arm-none-eabi/13.2.1/thumb/v8-m.main+fp/hard\libc_nano.a(libc_a-ctype_.o)
                              C:/Apps/arm-toolchain/bin/../lib/gcc/arm-none-eabi/13.2.1/thumb/v8-m.main+fp/hard\libc_nano.a(libc_a-strtol.o) (_ctype_)
C:/Apps/arm-toolchain/bin/../lib/gcc/arm-none-eabi/13.2.1/thumb/v8-m.main+fp/hard\libc_nano.a(libc_a-isupper.o)
                              C:/Users/wwn24001/Downloads/lab4-game-main/lab4-game-main/nrfx/src/sample/../../build/chess.c.o (isupper)
C:/Apps/arm-toolchain/bin/../lib/gcc/arm-none-eabi/13.2.1/thumb/v8-m.main+fp/hard\libc_nano.a(libc_a-tolower.o)
                              C:/Users/wwn24001/Downloads/lab4-game-main/lab4-game-main/nrfx/src/sample/../../build/chess.c.o (tolower)
C:/Apps/arm-toolchain/bin/../lib/gcc/arm-none-eabi/13.2.1/thumb/v8-m.main+fp/hard\libc_nano.a(libc_a-findfp.o)
                              C:/Apps/arm-toolchain/bin/../lib/gcc/arm-none-eabi/13.2.1/thumb/v8-m.main+fp/hard\libc_nano.a(libc_a-exit.o) (__stdio_exit_handler)
C:/Apps/arm-toolchain/bin/../lib/gcc/arm-none-eabi/13.2.1/thumb/v8-m.main+fp/hard\libc_nano.a(libc_a-fwalk.o)
                              C:/Apps/arm-toolchain/bin/../lib/gcc/arm-none-eabi/13.2.1/thumb/v8-m.main+fp/hard\libc_nano.a(libc_a-findfp.o) (_fwalk_sglue)
C:/Apps/arm-toolchain/bin/../lib/gcc/arm-none-eabi/13.2.1/thumb/v8-m.main+fp/hard\libc_nano.a(libc_a-printf.o)
                              C:/Users/wwn24001/Downloads/lab4-game-main/lab4-game-main/nrfx/src/sample/../../build/chess.c.o (printf)
C:/Apps/arm-toolchain/bin/../lib/gcc/arm-none-eabi/13.2.1/thumb/v8-m.main+fp/hard\libc_nano.a(libc_a-sprintf.o)
                              C:/Users/wwn24001/Downloads/lab4-game-main/lab4-game-main/nrfx/src/sample/../../build/chess.c.o (sprintf)
C:/Apps/arm-toolchain/bin/../lib/gcc/arm-none-eabi/13.2.1/thumb/v8-m.main+fp/hard\libc_nano.a(libc_a-stdio.o)
                              C:/Apps/arm-toolchain/bin/../lib/gcc/arm-none-eabi/13.2.1/thumb/v8-m.main+fp/hard\libc_nano.a(libc_a-findfp.o) (__sread)
C:/Apps/arm-toolchain/bin/../lib/gcc/arm-none-eabi/13.2.1/thumb/v8-m.main+fp/hard\libc_nano.a(libc_a-memset.o)
                              C:/Apps/arm-toolchain/bin/../lib/gcc/arm-none-eabi/13.2.1/thumb/v8-m.main+fp/hard/crt0.o (memset)
C:/Apps/arm-toolchain/bin/../lib/gcc/arm-none-eabi/13.2.1/thumb/v8-m.main+fp/hard\libc_nano.a(libc_a-strcspn.o)
                              C:/Users/wwn24001/Downloads/lab4-game-main/lab4-game-main/nrfx/src/sample/../../build/main.c.o (strcspn)
C:/Apps/arm-toolchain/bin/../lib/gcc/arm-none-eabi/13.2.1/thumb/v8-m.main+fp/hard\libc_nano.a(libc_a-closer.o)
                              C:/Apps/arm-toolchain/bin/../lib/gcc/arm-none-eabi/13.2.1/thumb/v8-m.main+fp/hard\libc_nano.a(libc_a-stdio.o) (_close_r)
C:/Apps/arm-toolchain/bin/../lib/gcc/arm-none-eabi/13.2.1/thumb/v8-m.main+fp/hard\libc_nano.a(libc_a-reent.o)
[...]
Memory Configuration

Name             Origin             Length             Attributes
FLASH            0x00000000         0x00100000         xr
EXTFLASH         0x10000000         0x08000000         xr
RAM              0x20000000         0x00040000         xrw
RAM1             0x20040000         0x0003f000         xrw
*default*        0x00000000         0xffffffff

Linker script and memory map

LOAD C:/Apps/arm-toolchain/bin/../lib/gcc/arm-none-eabi/13.2.1/thumb/v8-m.main+fp/hard/crti.o
LOAD C:/Apps/arm-toolchain/bin/../lib/gcc/arm-none-eabi/13.2.1/thumb/v8-m.main+fp/hard/crtbegin.o
LOAD C:/Apps/arm-toolchain/bin/../lib/gcc/arm-none-eabi/13.2.1/thumb/v8-m.main+fp/hard/crt0.o
LOAD C:/Users/wwn24001/Downloads/lab4-game-main/lab4-game-main/nrfx/src/sample/../../build/gcc_startup_nrf5340_application.S.o
LOAD C:/Users/wwn24001/Downloads/lab4-game-main/lab4-game-main/nrfx/src/sample/../../build/system_nrf5340_application.c.o
LOAD C:/Users/wwn24001/Downloads/lab4-game-main/lab4-game-main/nrfx/src/sample/../../build/nrfx_uarte.c.o
LOAD C:/Users/wwn24001/Downloads/lab4-game-main/lab4-game-main/nrfx/src/sample/../../build/nrfx_systick.c.o
LOAD C:/Users/wwn24001/Downloads/lab4-game-main/lab4-game-main/nrfx/src/sample/../../build/main.c.o
LOAD C:/Users/wwn24001/Downloads/lab4-game-main/lab4-game-main/nrfx/src/sample/../../build/chess.c.o
LOAD C:/Users/wwn24001/Downloads/lab4-game-main/lab4-game-main/nrfx/src/sample/../../build/goodFuncs.c.o
LOAD C:/Users/wwn24001/Downloads/lab4-game-main/lab4-game-main/nrfx/src/sample/../../build/nrfx_rtc.c.o
LOAD C:/Apps/arm-toolchain/bin/../lib/gcc/arm-none-eabi/13.2.1/thumb/v8-m.main+fp/hard\libc_nano.a
LOAD C:/Apps/arm-toolchain/bin/../lib/gcc/arm-none-eabi/13.2.1/thumb/v8-m.main+fp/hard\libnosys.a
LOAD C:/Apps/arm-toolchain/bin/../lib/gcc/arm-none-eabi/13.2.1/thumb/v8-m.main+fp/hard\libm.a
START GROUP
LOAD C:/Apps/arm-toolchain/bin/../lib/gcc/arm-none-eabi/13.2.1/thumb/v8-m.main+fp/hard\libgcc.a
LOAD C:/Apps/arm-toolchain/bin/../lib/gcc/arm-none-eabi/13.2.1/thumb/v8-m.main+fp/hard\libg_nano.a
LOAD C:/Apps/arm-toolchain/bin/../lib/gcc/arm-none-eabi/13.2.1/thumb/v8-m.main+fp/hard\libc_nano.a
END GROUP
START GROUP
LOAD C:/Apps/arm-toolchain/bin/../lib/gcc/arm-none-eabi/13.2.1/thumb/v8-m.main+fp/hard\libgcc.a
LOAD C:/Apps/arm-toolchain/bin/../lib/gcc/arm-none-eabi/13.2.1/thumb/v8-m.main+fp/hard\libc_nano.a
END GROUP
LOAD C:/Apps/arm-toolchain/bin/../lib/gcc/arm-none-eabi/13.2.1/thumb/v8-m.main+fp/hard/crtend.o
LOAD C:/Apps/arm-toolchain/bin/../lib/gcc/arm-none-eabi/13.2.1/thumb/v8-m.main+fp/hard/crtn.o
START GROUP
LOAD C:/Apps/arm-toolchain/bin/../lib/gcc/arm-none-eabi/13.2.1/thumb/v8-m.main+fp/hard\libgcc.a
LOAD C:/Apps/arm-toolchain/bin/../lib/gcc/arm-none-eabi/13.2.1/thumb/v8-m.main+fp/hard\libc.a
LOAD C:/Apps/arm-toolchain/bin/../lib/gcc/arm-none-eabi/13.2.1/thumb/v8-m.main+fp/hard\libnosys.a
END GROUP
                0x00000000                        . = ALIGN (ORIGIN (FLASH), 0x4)

.vectors        0x00000000      0x400
                0x00000000                        __vectors_start = .
 *(.isr_vector)
 .isr_vector    0x00000000      0x400 C:/Users/wwn24001/Downloads/lab4-game-main/lab4-game-main/nrfx/src/sample/../../build/gcc_startup_nrf5340_application.S.o
                0x00000000                __isr_vector
 *(.vectors)
                0x00000400                        __vectors_size = SIZEOF (.vectors)
                0x00000400                        __vectors_end = (__vectors_start + __vectors_size)
                0x00000001                        ASSERT (((__vectors_start == __vectors_end) || ((__vectors_end - ORIGIN (FLASH)) <= LENGTH (FLASH))), error: .vectors is too large to fit in FLASH memory segment)
                0x00000400                        . = ALIGN (0x4)

.ctors          0x00000400        0x0
                0x00000400                        __ctors_start = .
                0x00000400                        __CTOR_LIST__ = .
 *crtbegin*.o(.ctors)
 *(EXCLUDE_FILE(*crtend*.o) .ctors)
 *(SORT_BY_NAME(.ctors.*))
 *(.ctors)
                0x00000400                        __CTOR_END__ = .
                0x00000000                        __ctors_size = SIZEOF (.ctors)
                0x00000400                        __ctors_end = (__ctors_start + __ctors_size)
                0x00000001                        ASSERT (((__ctors_start == __ctors_end) || ((__ctors_end - ORIGIN (FLASH)) <= LENGTH (FLASH))), error: .ctors is too large to fit in FLASH memory segment)
                0x00000400                        . = ALIGN (0x4)

.dtors          0x00000400        0x0
                0x00000400                        __dtors_start = .
                0x00000400                        __DTOR_LIST__ = .
 *crtbegin*.o(.dtors)
 *(EXCLUDE_FILE(*crtend*.o) .dtors)
 *(SORT_BY_NAME(.dtors.*))
 *(.dtors)
                0x00000400                        __DTOR_END__ = .
                0x00000000                        __dtors_size = SIZEOF (.dtors)
                0x00000400                        __dtors_end = (__dtors_start + __dtors_size)
                0x00000001                        ASSERT (((__dtors_start == __dtors_end) || ((__dtors_end - ORIGIN (FLASH)) <= LENGTH (FLASH))), error: .dtors is too large to fit in FLASH memory segment)
                0x00000400                        . = ALIGN (0x4)

.rodata         0x00000400      0x328
                0x00000400                        . = ALIGN (0x4)
                0x00000400                        __rodata_start = .
 *(.rodata*)
 .rodata        0x00000400       0x77 C:/Users/wwn24001/Downloads/lab4-game-main/lab4-game-main/nrfx/src/sample/../../build/main.c.o
 *fill*         0x00000477        0x1 
 .rodata        0x00000478      0x160 C:/Users/wwn24001/Downloads/lab4-game-main/lab4-game-main/nrfx/src/sample/../../build/chess.c.o
 .rodata        0x000005d8       0x1c C:/Users/wwn24001/Downloads/lab4-game-main/lab4-game-main/nrfx/src/sample/../../build/goodFuncs.c.o
 .rodata._ctype_
                0x000005f4      0x101 C:/Apps/arm-toolchain/bin/../lib/gcc/arm-none-eabi/13.2.1/thumb/v8-m.main+fp/hard\libc_nano.a(libc_a-ctype_.o)
                0x000005f4                _ctype_
 .rodata._svfprintf_r.str1.1
                0x000006f5       0x33 C:/Apps/arm-toolchain/bin/../lib/gcc/arm-none-eabi/13.2.1/thumb/v8-m.main+fp/hard\libc_nano.a(libc_a-nano-svfprintf.o)
                                 0x11 (size before relaxing)
 .rodata._vfprintf_r.str1.1
                0x00000728       0x11 C:/Apps/arm-toolchain/bin/../lib/gcc/arm-none-eabi/13.2.1/thumb/v8-m.main+fp/hard\libc_nano.a(libc_a-nano-vfprintf.o)
 .rodata._printf_i.str1.1
                0x00000728       0x22 C:/Apps/arm-toolchain/bin/../lib/gcc/arm-none-eabi/13.2.1/thumb/v8-m.main+fp/hard\libc_nano.a(libc_a-nano-vfprintf_i.o)
 *(.srodata .srodata.*)
                0x00000328                        __rodata_size = SIZEOF (.rodata)
                0x00000728                        __rodata_end = (__rodata_start + __rodata_size)
                0x00000001                        ASSERT (((__rodata_start == __rodata_end) || ((__rodata_end - ORIGIN (FLASH)) <= LENGTH (FLASH))), error: .rodata is too large to fit in FLASH memory segment)

.ARM.exidx      0x00000728        0x8
 .ARM.exidx     0x00000728        0x8 C:/Apps/arm-toolchain/bin/../lib/gcc/arm-none-eabi/13.2.1/thumb/v8-m.main+fp/hard/crt0.o
                                 0x10 (size before relaxing)
 .ARM.exidx     0x00000730        0x0 C:/Apps/arm-toolchain/bin/../lib/gcc/arm-none-eabi/13.2.1/thumb/v8-m.main+fp/hard\libc_nano.a(libc_a-strlen.o)
                                  0x8 (size before relaxing)
                0x00000730                        . = ALIGN (0x4)

.text           0x00000730     0x3f8c
                0x00000730                        __text_start = .
 *(.startup)
 *(.startup*)
 *(.text*)
 .text.deregister_tm_clones
                0x00000730       0x1c C:/Apps/arm-toolchain/bin/../lib/gcc/arm-none-eabi/13.2.1/thumb/v8-m.main+fp/hard/crtbegin.o
 .text.register_tm_clones
                0x0000074c       0x28 C:/Apps/arm-toolchain/bin/../lib/gcc/arm-none-eabi/13.2.1/thumb/v8-m.main+fp/hard/crtbegin.o
 .text.__do_global_dtors_aux
                0x00000774       0x28 C:/Apps/arm-toolchain/bin/../lib/gcc/arm-none-eabi/13.2.1/thumb/v8-m.main+fp/hard/crtbegin.o
 .text.frame_dummy
                0x0000079c       0x24 C:/Apps/arm-toolchain/bin/../lib/gcc/arm-none-eabi/13.2.1/thumb/v8-m.main+fp/hard/crtbegin.o
 .text          0x000007c0       0x7c C:/Apps/arm-toolchain/bin/../lib/gcc/arm-none-eabi/13.2.1/thumb/v8-m.main+fp/hard/crt0.o
                0x000007c0                _stack_init
                0x000007c8                _start
                0x000007c8                _mainCRTStartup
 .text          0x0000083c       0x88 C:/Users/wwn24001/Downloads/lab4-game-main/lab4-game-main/nrfx/src/sample/../../build/gcc_startup_nrf5340_application.S.o
                0x0000083c                Reset_Handler
                0x000008ac                NMI_Handler
                0x000008ae                HardFault_Handler
                0x000008b0                MemoryManagement_Handler
                0x000008b2                BusFault_Handler
                0x000008b4                UsageFault_Handler
                0x000008b6                SecureFault_Handler
                0x000008b8                SVC_Handler
                0x000008ba                DebugMon_Handler
                0x000008bc                PendSV_Handler
                0x000008be                SysTick_Handler
                0x000008c0                WDT0_IRQHandler
                0x000008c0                I2S0_IRQHandler
                0x000008c0                IPC_IRQHandler
                0x000008c0                RTC0_IRQHandler
                0x000008c0                PWM3_IRQHandler
                0x000008c0                SERIAL3_IRQHandler
                0x000008c0                FPU_IRQHandler
                0x000008c0                USBD_IRQHandler
                0x000008c0                SERIAL2_IRQHandler
                0x000008c0                EGU3_IRQHandler
                0x000008c0                KMU_IRQHandler
                0x000008c0                CRYPTOCELL_IRQHandler
                0x000008c0                EGU2_IRQHandler
                0x000008c0                SPIM4_IRQHandler
                0x000008c0                QDEC1_IRQHandler
                0x000008c0                CACHE_IRQHandler
                0x000008c0                EGU4_IRQHandler
                0x000008c0                SPU_IRQHandler
                0x000008c0                EGU0_IRQHandler
                0x000008c0                GPIOTE1_IRQHandler
                0x000008c0                TIMER1_IRQHandler
                0x000008c0                PWM2_IRQHandler
                0x000008c0                PWM1_IRQHandler
                0x000008c0                Default_Handler
                0x000008c0                EGU1_IRQHandler
                0x000008c0                EGU5_IRQHandler
                0x000008c0                SAADC_IRQHandler
                0x000008c0                GPIOTE0_IRQHandler
                0x000008c0                SERIAL1_IRQHandler
                0x000008c0                QDEC0_IRQHandler
                0x000008c0                PWM0_IRQHandler
                0x000008c0                RTC1_IRQHandler
                0x000008c0                SERIAL0_IRQHandler
                0x000008c0                USBREGULATOR_IRQHandler
                0x000008c0                NFCT_IRQHandler
                0x000008c0                WDT1_IRQHandler
                0x000008c0                TIMER0_IRQHandler
                0x000008c0                TIMER2_IRQHandler
                0x000008c0                QSPI_IRQHandler
                0x000008c0                COMP_LPCOMP_IRQHandler
                0x000008c0                CLOCK_POWER_IRQHandler
                0x000008c0                PDM0_IRQHandler
 .text.nrf53_errata_42
                0x000008c4       0x64 C:/Users/wwn24001/Downloads/lab4-game-main/lab4-game-main/nrfx/src/sample/../../build/system_nrf5340_application.c.o
 .text.nrf53_errata_46
                0x00000928       0x64 C:/Users/wwn24001/Downloads/lab4-game-main/lab4-game-main/nrfx/src/sample/../../build/system_nrf5340_application.c.o
 .text.nrf53_errata_49
                0x0000098c       0x64 C:/Users/wwn24001/Downloads/lab4-game-main/lab4-game-main/nrfx/src/sample/../../build/system_nrf5340_application.c.o
 .text.nrf53_errata_55
                0x000009f0       0x64 C:/Users/wwn24001/Downloads/lab4-game-main/lab4-game-main/nrfx/src/sample/../../build/system_nrf5340_application.c.o
 .text.nrf53_errata_64
                0x00000a54       0x64 C:/Users/wwn24001/Downloads/lab4-game-main/lab4-game-main/nrfx/src/sample/../../build/system_nrf5340_application.c.o
 .text.nrf53_errata_69
                0x00000ab8       0x64 C:/Users/wwn24001/Downloads/lab4-game-main/lab4-game-main/nrfx/src/sample/../../build/system_nrf5340_application.c.o
 .text.nrf53_errata_97
                0x00000b1c       0x64 C:/Users/wwn24001/Downloads/lab4-game-main/lab4-game-main/nrfx/src/sample/../../build/system_nrf5340_application.c.o
 .text.nrf53_errata_140
                0x00000b80       0x64 C:/Users/wwn24001/Downloads/lab4-game-main/lab4-game-main/nrfx/src/sample/../../build/system_nrf5340_application.c.o
 .text.nrf53_errata_160
                0x00000be4       0x64 C:/Users/wwn24001/Downloads/lab4-game-main/lab4-game-main/nrfx/src/sample/../../build/system_nrf5340_application.c.o
 .text.nrf53_handle_approtect
                0x00000c48       0x2c C:/Users/wwn24001/Downloads/lab4-game-main/lab4-game-main/nrfx/src/sample/../../build/system_nrf5340_application.c.o
 .text.SystemInit
                0x00000c74      0x224 C:/Users/wwn24001/Downloads/lab4-game-main/lab4-game-main/nrfx/src/sample/../../build/system_nrf5340_application.c.o
                0x00000c74                SystemInit
 .text.SystemStoreFICRNS
                0x00000e98       0x64 C:/Users/wwn24001/Downloads/lab4-game-main/lab4-game-main/nrfx/src/sample/../../build/system_nrf5340_application.c.o
                0x00000e98                SystemStoreFICRNS
 .text.nrf_event_readback
                0x00000efc       0x18 C:/Users/wwn24001/Downloads/lab4-game-main/lab4-game-main/nrfx/src/sample/../../build/nrfx_uarte.c.o
 .text.nrf_barrier_w
                0x00000f14        0xe C:/Users/wwn24001/Downloads/lab4-game-main/lab4-game-main/nrfx/src/sample/../../build/nrfx_uarte.c.o
 .text.nrf_barrier_r
                0x00000f22        0xe C:/Users/wwn24001/Downloads/lab4-game-main/lab4-game-main/nrfx/src/sample/../../build/nrfx_uarte.c.o
 .text.nrf_barrier_rw
                0x00000f30        0xe C:/Users/wwn24001/Downloads/lab4-game-main/lab4-game-main/nrfx/src/sample/../../build/nrfx_uarte.c.o
 .text.nrf_dma_accessible_check
                0x00000f3e       0x28 C:/Users/wwn24001/Downloads/lab4-game-main/lab4-game-main/nrfx/src/sample/../../build/nrfx_uarte.c.o
 .text.nrf_uarte_event_clear
                0x00000f66       0x2a C:/Users/wwn24001/Downloads/lab4-game-main/lab4-game-main/nrfx/src/sample/../../build/nrfx_uarte.c.o
 .text.nrf_uarte_event_check
                0x00000f90       0x2a C:/Users/wwn24001/Downloads/lab4-game-main/lab4-game-main/nrfx/src/sample/../../build/nrfx_uarte.c.o
 .text.nrf_uarte_shorts_enable
                0x00000fba       0x26 C:/Users/wwn24001/Downloads/lab4-game-main/lab4-game-main/nrfx/src/sample/../../build/nrfx_uarte.c.o
 .text.nrf_uarte_int_enable
                0x00000fe0       0x1e C:/Users/wwn24001/Downloads/lab4-game-main/lab4-game-main/nrfx/src/sample/../../build/nrfx_uarte.c.o
 .text.nrf_uarte_int_disable
                0x00000ffe       0x1e C:/Users/wwn24001/Downloads/lab4-game-main/lab4-game-main/nrfx/src/sample/../../build/nrfx_uarte.c.o
 .text.nrf_uarte_errorsrc_get_and_clear
                0x0000101c       0x26 C:/Users/wwn24001/Downloads/lab4-game-main/lab4-game-main/nrfx/src/sample/../../build/nrfx_uarte.c.o
 .text.nrf_uarte_enable
                0x00001042       0x1c C:/Users/wwn24001/Downloads/lab4-game-main/lab4-game-main/nrfx/src/sample/../../build/nrfx_uarte.c.o
 .text.nrf_uarte_disable
                0x0000105e       0x1c C:/Users/wwn24001/Downloads/lab4-game-main/lab4-game-main/nrfx/src/sample/../../build/nrfx_uarte.c.o
 .text.nrf_uarte_txrx_pins_set
                0x0000107a       0x28 C:/Users/wwn24001/Downloads/lab4-game-main/lab4-game-main/nrfx/src/sample/../../build/nrfx_uarte.c.o
 .text.nrf_uarte_hwfc_pins_set
                0x000010a2       0x28 C:/Users/wwn24001/Downloads/lab4-game-main/lab4-game-main/nrfx/src/sample/../../build/nrfx_uarte.c.o
 .text.nrf_uarte_task_trigger
                0x000010ca       0x22 C:/Users/wwn24001/Downloads/lab4-game-main/lab4-game-main/nrfx/src/sample/../../build/nrfx_uarte.c.o
 .text.nrf_uarte_configure
                0x000010ec       0x36 C:/Users/wwn24001/Downloads/lab4-game-main/lab4-game-main/nrfx/src/sample/../../build/nrfx_uarte.c.o
 .text.nrf_uarte_baudrate_set
                0x00001122       0x1e C:/Users/wwn24001/Downloads/lab4-game-main/lab4-game-main/nrfx/src/sample/../../build/nrfx_uarte.c.o
 .text.nrf_uarte_tx_buffer_set
                0x00001140       0x28 C:/Users/wwn24001/Downloads/lab4-game-main/lab4-game-main/nrfx/src/sample/../../build/nrfx_uarte.c.o
 .text.nrf_uarte_rx_buffer_set
                0x00001168       0x28 C:/Users/wwn24001/Downloads/lab4-game-main/lab4-game-main/nrfx/src/sample/../../build/nrfx_uarte.c.o
 .text.nrf_uarte_rx_amount_get
                0x00001190       0x1a C:/Users/wwn24001/Downloads/lab4-game-main/lab4-game-main/nrfx/src/sample/../../build/nrfx_uarte.c.o
 .text.nrfy_uarte_periph_configure
                0x000011aa       0x72 C:/Users/wwn24001/Downloads/lab4-game-main/lab4-game-main/nrfx/src/sample/../../build/nrfx_uarte.c.o
 .text.nrfy_uarte_int_init
                0x0000121c       0xb8 C:/Users/wwn24001/Downloads/lab4-game-main/lab4-game-main/nrfx/src/sample/../../build/nrfx_uarte.c.o
 .text.nrfy_uarte_events_process
                0x000012d4       0x26 C:/Users/wwn24001/Downloads/lab4-game-main/lab4-game-main/nrfx/src/sample/../../build/nrfx_uarte.c.o
 .text.nrfy_uarte_stop
                0x000012fa       0x60 C:/Users/wwn24001/Downloads/lab4-game-main/lab4-game-main/nrfx/src/sample/../../build/nrfx_uarte.c.o
 *fill*         0x0000135a        0x2 
 .text.nrfy_uarte_tx_start
                0x0000135c       0x4c C:/Users/wwn24001/Downloads/lab4-game-main/lab4-game-main/nrfx/src/sample/../../build/nrfx_uarte.c.o
 .text.nrfy_uarte_rx_start
                0x000013a8       0x48 C:/Users/wwn24001/Downloads/lab4-game-main/lab4-game-main/nrfx/src/sample/../../build/nrfx_uarte.c.o
 .text.nrfy_uarte_event_clear
                0x000013f0       0x22 C:/Users/wwn24001/Downloads/lab4-game-main/lab4-game-main/nrfx/src/sample/../../build/nrfx_uarte.c.o
 .text.nrfy_uarte_shorts_enable
                0x00001412       0x1e C:/Users/wwn24001/Downloads/lab4-game-main/lab4-game-main/nrfx/src/sample/../../build/nrfx_uarte.c.o
 .text.nrfy_uarte_int_enable
                0x00001430       0x1e C:/Users/wwn24001/Downloads/lab4-game-main/lab4-game-main/nrfx/src/sample/../../build/nrfx_uarte.c.o
 .text.nrfy_uarte_int_disable
                0x0000144e       0x1e C:/Users/wwn24001/Downloads/lab4-game-main/lab4-game-main/nrfx/src/sample/../../build/nrfx_uarte.c.o
 .text.nrfy_uarte_errorsrc_get_and_clear
                0x0000146c       0x22 C:/Users/wwn24001/Downloads/lab4-game-main/lab4-game-main/nrfx/src/sample/../../build/nrfx_uarte.c.o
 .text.nrfy_uarte_enable
                0x0000148e       0x1a C:/Users/wwn24001/Downloads/lab4-game-main/lab4-game-main/nrfx/src/sample/../../build/nrfx_uarte.c.o
 .text.nrfy_uarte_disable
                0x000014a8       0x1a C:/Users/wwn24001/Downloads/lab4-game-main/lab4-game-main/nrfx/src/sample/../../build/nrfx_uarte.c.o
 .text.nrfy_uarte_task_trigger
                0x000014c2       0x22 C:/Users/wwn24001/Downloads/lab4-game-main/lab4-game-main/nrfx/src/sample/../../build/nrfx_uarte.c.o
 .text.nrfy_uarte_tx_buffer_set
                0x000014e4       0x28 C:/Users/wwn24001/Downloads/lab4-game-main/lab4-game-main/nrfx/src/sample/../../build/nrfx_uarte.c.o
 .text.nrfy_uarte_rx_buffer_set
                0x0000150c       0x22 C:/Users/wwn24001/Downloads/lab4-game-main/lab4-game-main/nrfx/src/sample/../../build/nrfx_uarte.c.o
 .text.__nrfy_internal_uarte_event_enabled_clear
                0x0000152e       0x38 C:/Users/wwn24001/Downloads/lab4-game-main/lab4-game-main/nrfx/src/sample/../../build/nrfx_uarte.c.o
 .text.__nrfy_internal_uarte_event_handle
                0x00001566       0x6e C:/Users/wwn24001/Downloads/lab4-game-main/lab4-game-main/nrfx/src/sample/../../build/nrfx_uarte.c.o
 .text.__nrfy_internal_uarte_events_process
                0x000015d4       0xf2 C:/Users/wwn24001/Downloads/lab4-game-main/lab4-game-main/nrfx/src/sample/../../build/nrfx_uarte.c.o
 *fill*         0x000016c6        0x2 
 .text.nrf_gpio_pin_port_decode
                0x000016c8       0x3c C:/Users/wwn24001/Downloads/lab4-game-main/lab4-game-main/nrfx/src/sample/../../build/nrfx_uarte.c.o
 .text.nrf_gpio_cfg
                0x00001704       0x7c C:/Users/wwn24001/Downloads/lab4-game-main/lab4-game-main/nrfx/src/sample/../../build/nrfx_uarte.c.o
 .text.nrf_gpio_cfg_output
                0x00001780       0x24 C:/Users/wwn24001/Downloads/lab4-game-main/lab4-game-main/nrfx/src/sample/../../build/nrfx_uarte.c.o
 .text.nrf_gpio_cfg_input
                0x000017a4       0x28 C:/Users/wwn24001/Downloads/lab4-game-main/lab4-game-main/nrfx/src/sample/../../build/nrfx_uarte.c.o
 .text.nrf_gpio_pin_set
                0x000017cc       0x2a C:/Users/wwn24001/Downloads/lab4-game-main/lab4-game-main/nrfx/src/sample/../../build/nrfx_uarte.c.o
 .text.nrf_gpio_port_out_set
                0x000017f6       0x1c C:/Users/wwn24001/Downloads/lab4-game-main/lab4-game-main/nrfx/src/sample/../../build/nrfx_uarte.c.o
 .text.nrf_gpio_pin_port_number_extract
                0x00001812       0x28 C:/Users/wwn24001/Downloads/lab4-game-main/lab4-game-main/nrfx/src/sample/../../build/nrfx_uarte.c.o
 .text.nrfy_gpio_cfg_output
                0x0000183a       0x1a C:/Users/wwn24001/Downloads/lab4-game-main/lab4-game-main/nrfx/src/sample/../../build/nrfx_uarte.c.o
 .text.nrfy_gpio_cfg_input
                0x00001854       0x22 C:/Users/wwn24001/Downloads/lab4-game-main/lab4-game-main/nrfx/src/sample/../../build/nrfx_uarte.c.o
 .text.nrfy_gpio_pin_set
                0x00001876       0x1a C:/Users/wwn24001/Downloads/lab4-game-main/lab4-game-main/nrfx/src/sample/../../build/nrfx_uarte.c.o
 .text.uarte_configure
                0x00001890      0x138 C:/Users/wwn24001/Downloads/lab4-game-main/lab4-game-main/nrfx/src/sample/../../build/nrfx_uarte.c.o
 .text.apply_workaround_for_enable_anomaly
                0x000019c8       0x8e C:/Users/wwn24001/Downloads/lab4-game-main/lab4-game-main/nrfx/src/sample/../../build/nrfx_uarte.c.o
 *fill*         0x00001a56        0x2 
 .text.nrfx_uarte_init
                0x00001a58       0xb4 C:/Users/wwn24001/Downloads/lab4-game-main/lab4-game-main/nrfx/src/sample/../../build/nrfx_uarte.c.o
                0x00001a58                nrfx_uarte_init
 .text.nrfx_uarte_tx
                0x00001b0c       0xf8 C:/Users/wwn24001/Downloads/lab4-game-main/lab4-game-main/nrfx/src/sample/../../build/nrfx_uarte.c.o
                0x00001b0c                nrfx_uarte_tx
 .text.nrfx_uarte_tx_in_progress
                0x00001c04       0x38 C:/Users/wwn24001/Downloads/lab4-game-main/lab4-game-main/nrfx/src/sample/../../build/nrfx_uarte.c.o
                0x00001c04                nrfx_uarte_tx_in_progress
 .text.nrfx_uarte_rx
                0x00001c3c      0x194 C:/Users/wwn24001/Downloads/lab4-game-main/lab4-game-main/nrfx/src/sample/../../build/nrfx_uarte.c.o
                0x00001c3c                nrfx_uarte_rx
 .text.nrf_systick_csr_set
                0x00001dd0       0x20 C:/Users/wwn24001/Downloads/lab4-game-main/lab4-game-main/nrfx/src/sample/../../build/nrfx_systick.c.o
 .text.nrf_systick_load_set
                0x00001df0       0x20 C:/Users/wwn24001/Downloads/lab4-game-main/lab4-game-main/nrfx/src/sample/../../build/nrfx_systick.c.o
 .text.nrfx_systick_init
                0x00001e10       0x16 C:/Users/wwn24001/Downloads/lab4-game-main/lab4-game-main/nrfx/src/sample/../../build/nrfx_systick.c.o
                0x00001e10                nrfx_systick_init
 *fill*         0x00001e26        0x2 
 .text.main     0x00001e28      0x31c C:/Users/wwn24001/Downloads/lab4-game-main/lab4-game-main/nrfx/src/sample/../../build/main.c.o
                0x00001e28                main
 .text.starting_positions
                0x00002144       0xdc C:/Users/wwn24001/Downloads/lab4-game-main/lab4-game-main/nrfx/src/sample/../../build/chess.c.o
                0x00002144                starting_positions
 .text.print_board
                0x00002220      0x308 C:/Users/wwn24001/Downloads/lab4-game-main/lab4-game-main/nrfx/src/sample/../../build/chess.c.o
                0x00002220                print_board
 .text.is_white
                0x00002528       0x1c C:/Users/wwn24001/Downloads/lab4-game-main/lab4-game-main/nrfx/src/sample/../../build/chess.c.o
                0x00002528                is_white
 .text.pawn_moves
                0x00002544      0x118 C:/Users/wwn24001/Downloads/lab4-game-main/lab4-game-main/nrfx/src/sample/../../build/chess.c.o
                0x00002544                pawn_moves
 .text.rook_moves
                0x0000265c      0x10a C:/Users/wwn24001/Downloads/lab4-game-main/lab4-game-main/nrfx/src/sample/../../build/chess.c.o
                0x0000265c                rook_moves
 .text.knight_moves
                0x00002766       0x9a C:/Users/wwn24001/Downloads/lab4-game-main/lab4-game-main/nrfx/src/sample/../../build/chess.c.o
                0x00002766                knight_moves
 .text.bishop_moves
                0x00002800      0x112 C:/Users/wwn24001/Downloads/lab4-game-main/lab4-game-main/nrfx/src/sample/../../build/chess.c.o
                0x00002800                bishop_moves
 .text.queen_moves
                0x00002912      0x11e C:/Users/wwn24001/Downloads/lab4-game-main/lab4-game-main/nrfx/src/sample/../../build/chess.c.o
                0x00002912                queen_moves
 .text.king_moves
                0x00002a30       0x96 C:/Users/wwn24001/Downloads/lab4-game-main/lab4-game-main/nrfx/src/sample/../../build/chess.c.o
                0x00002a30                king_moves
 *fill*         0x00002ac6        0x2 
 .text.is_valid_move
                0x00002ac8       0xfc C:/Users/wwn24001/Downloads/lab4-game-main/lab4-game-main/nrfx/src/sample/../../build/chess.c.o
                0x00002ac8                is_valid_move
 .text.make_move
                0x00002bc4       0x7c C:/Users/wwn24001/Downloads/lab4-game-main/lab4-game-main/nrfx/src/sample/../../build/chess.c.o
                0x00002bc4                make_move
 .text.parse_input
                0x00002c40       0xc0 C:/Users/wwn24001/Downloads/lab4-game-main/lab4-game-main/nrfx/src/sample/../../build/chess.c.o
                0x00002c40                parse_input
 .text.nrf_gpio_pin_port_decode
                0x00002d00       0x3c C:/Users/wwn24001/Downloads/lab4-game-main/lab4-game-main/nrfx/src/sample/../../build/goodFuncs.c.o
 .text.nrf_gpio_cfg
                0x00002d3c       0x7c C:/Users/wwn24001/Downloads/lab4-game-main/lab4-game-main/nrfx/src/sample/../../build/goodFuncs.c.o
 .text.nrf_gpio_cfg_output
                0x00002db8       0x24 C:/Users/wwn24001/Downloads/lab4-game-main/lab4-game-main/nrfx/src/sample/../../build/goodFuncs.c.o
 .text.nrf_gpio_cfg_input
                0x00002ddc       0x28 C:/Users/wwn24001/Downloads/lab4-game-main/lab4-game-main/nrfx/src/sample/../../build/goodFuncs.c.o
 .text.nrf_gpio_pin_set
                0x00002e04       0x2a C:/Users/wwn24001/Downloads/lab4-game-main/lab4-game-main/nrfx/src/sample/../../build/goodFuncs.c.o
 .text.nrf_gpio_pin_clear
                0x00002e2e       0x2a C:/Users/wwn24001/Downloads/lab4-game-main/lab4-game-main/nrfx/src/sample/../../build/goodFuncs.c.o
 .text.nrf_gpio_pin_write
                0x00002e58       0x26 C:/Users/wwn24001/Downloads/lab4-game-main/lab4-game-main/nrfx/src/sample/../../build/goodFuncs.c.o
 .text.nrf_gpio_port_out_set
                0x00002e7e       0x1c C:/Users/wwn24001/Downloads/lab4-game-main/lab4-game-main/nrfx/src/sample/../../build/goodFuncs.c.o
 .text.nrf_gpio_port_out_clear
                0x00002e9a       0x1c C:/Users/wwn24001/Downloads/lab4-game-main/lab4-game-main/nrfx/src/sample/../../build/goodFuncs.c.o
 .text.nrf_gpio_pin_port_number_extract
                0x00002eb6       0x28 C:/Users/wwn24001/Downloads/lab4-game-main/lab4-game-main/nrfx/src/sample/../../build/goodFuncs.c.o
 *fill*         0x00002ede        0x2 
 .text.uarte_write
                0x00002ee0       0x24 C:/Users/wwn24001/Downloads/lab4-game-main/lab4-game-main/nrfx/src/sample/../../build/goodFuncs.c.o
                0x00002ee0                uarte_write
 .text.read_string
                0x00002f04       0x7c C:/Users/wwn24001/Downloads/lab4-game-main/lab4-game-main/nrfx/src/sample/../../build/goodFuncs.c.o
                0x00002f04                read_string
 .text.init_uart
                0x00002f80       0x60 C:/Users/wwn24001/Downloads/lab4-game-main/lab4-game-main/nrfx/src/sample/../../build/goodFuncs.c.o
                0x00002f80                init_uart
 .text.init_gpio
                0x00002fe0       0x64 C:/Users/wwn24001/Downloads/lab4-game-main/lab4-game-main/nrfx/src/sample/../../build/goodFuncs.c.o
                0x00002fe0                init_gpio
 .text.init_rtc
                0x00003044       0x38 C:/Users/wwn24001/Downloads/lab4-game-main/lab4-game-main/nrfx/src/sample/../../build/goodFuncs.c.o
                0x00003044                init_rtc
 .text.init_stuff
                0x0000307c       0x14 C:/Users/wwn24001/Downloads/lab4-game-main/lab4-game-main/nrfx/src/sample/../../build/goodFuncs.c.o
                0x0000307c                init_stuff
 .text.nrf_event_readback
                0x00003090       0x18 C:/Users/wwn24001/Downloads/lab4-game-main/lab4-game-main/nrfx/src/sample/../../build/nrfx_rtc.c.o
 .text.nrf_barrier_w
                0x000030a8        0xe C:/Users/wwn24001/Downloads/lab4-game-main/lab4-game-main/nrfx/src/sample/../../build/nrfx_rtc.c.o
 .text.nrf_rtc_int_enable
                0x000030b6       0x1e C:/Users/wwn24001/Downloads/lab4-game-main/lab4-game-main/nrfx/src/sample/../../build/nrfx_rtc.c.o
 .text.nrf_rtc_event_clear
                0x000030d4       0x2a C:/Users/wwn24001/Downloads/lab4-game-main/lab4-game-main/nrfx/src/sample/../../build/nrfx_rtc.c.o
 .text.nrf_rtc_prescaler_set
                0x000030fe       0x1e C:/Users/wwn24001/Downloads/lab4-game-main/lab4-game-main/nrfx/src/sample/../../build/nrfx_rtc.c.o
 .text.nrf_rtc_task_trigger
                0x0000311c       0x24 C:/Users/wwn24001/Downloads/lab4-game-main/lab4-game-main/nrfx/src/sample/../../build/nrfx_rtc.c.o
 .text.nrf_rtc_compare_event_get
                0x00003140       0x20 C:/Users/wwn24001/Downloads/lab4-game-main/lab4-game-main/nrfx/src/sample/../../build/nrfx_rtc.c.o
 .text.nrfy_rtc_periph_configure
                0x00003160       0x22 C:/Users/wwn24001/Downloads/lab4-game-main/lab4-game-main/nrfx/src/sample/../../build/nrfx_rtc.c.o
 .text.nrfy_rtc_int_init
                0x00003182       0x74 C:/Users/wwn24001/Downloads/lab4-game-main/lab4-game-main/nrfx/src/sample/../../build/nrfx_rtc.c.o
 .text.nrfy_rtc_task_trigger
                0x000031f6       0x22 C:/Users/wwn24001/Downloads/lab4-game-main/lab4-game-main/nrfx/src/sample/../../build/nrfx_rtc.c.o
 .text.__nrfy_internal_rtc_event_enabled_clear
                0x00003218       0x38 C:/Users/wwn24001/Downloads/lab4-game-main/lab4-game-main/nrfx/src/sample/../../build/nrfx_rtc.c.o
 .text.nrfx_rtc_init
                0x00003250       0xa8 C:/Users/wwn24001/Downloads/lab4-game-main/lab4-game-main/nrfx/src/sample/../../build/nrfx_rtc.c.o
                0x00003250                nrfx_rtc_init
 .text.nrfx_rtc_enable
                0x000032f8       0x30 C:/Users/wwn24001/Downloads/lab4-game-main/lab4-game-main/nrfx/src/sample/../../build/nrfx_rtc.c.o
                0x000032f8                nrfx_rtc_enable
 .text.abs      0x00003328        0x8 C:/Apps/arm-toolchain/bin/../lib/gcc/arm-none-eabi/13.2.1/thumb/v8-m.main+fp/hard\libc_nano.a(libc_a-abs.o)
                0x00003328                abs
 .text.exit     0x00003330       0x24 C:/Apps/arm-toolchain/bin/../lib/gcc/arm-none-eabi/13.2.1/thumb/v8-m.main+fp/hard\libc_nano.a(libc_a-exit.o)
                0x00003330                exit
 .text.malloc   0x00003354       0x10 C:/Apps/arm-toolchain/bin/../lib/gcc/arm-none-eabi/13.2.1/thumb/v8-m.main+fp/hard\libc_nano.a(libc_a-malloc.o)
                0x00003354                malloc
 .text.sbrk_aligned
                0x00003364       0x44 C:/Apps/arm-toolchain/bin/../lib/gcc/arm-none-eabi/13.2.1/thumb/v8-m.main+fp/hard\libc_nano.a(libc_a-mallocr.o)
 .text._malloc_r
                0x000033a8      0x100 C:/Apps/arm-toolchain/bin/../lib/gcc/arm-none-eabi/13.2.1/thumb/v8-m.main+fp/hard\libc_nano.a(libc_a-mallocr.o)
                0x000033a8                _malloc_r
 .text.__malloc_lock
                0x000034a8        0xc C:/Apps/arm-toolchain/bin/../lib/gcc/arm-none-eabi/13.2.1/thumb/v8-m.main+fp/hard\libc_nano.a(libc_a-mlock.o)
                0x000034a8                __malloc_lock
 .text.__malloc_unlock
                0x000034b4        0xc C:/Apps/arm-toolchain/bin/../lib/gcc/arm-none-eabi/13.2.1/thumb/v8-m.main+fp/hard\libc_nano.a(libc_a-mlock.o)
                0x000034b4                __malloc_unlock
 .text.isupper  0x000034c0       0x18 C:/Apps/arm-toolchain/bin/../lib/gcc/arm-none-eabi/13.2.1/thumb/v8-m.main+fp/hard\libc_nano.a(libc_a-isupper.o)
                0x000034c0                isupper
 .text.tolower  0x000034d8       0x14 C:/Apps/arm-toolchain/bin/../lib/gcc/arm-none-eabi/13.2.1/thumb/v8-m.main+fp/hard\libc_nano.a(libc_a-tolower.o)
                0x000034d8                tolower
 .text.std      0x000034ec       0x6c C:/Apps/arm-toolchain/bin/../lib/gcc/arm-none-eabi/13.2.1/thumb/v8-m.main+fp/hard\libc_nano.a(libc_a-findfp.o)
 .text.stdio_exit_handler
                0x00003558       0x18 C:/Apps/arm-toolchain/bin/../lib/gcc/arm-none-eabi/13.2.1/thumb/v8-m.main+fp/hard\libc_nano.a(libc_a-findfp.o)
 .text.cleanup_stdio
                0x00003570       0x40 C:/Apps/arm-toolchain/bin/../lib/gcc/arm-none-eabi/13.2.1/thumb/v8-m.main+fp/hard\libc_nano.a(libc_a-findfp.o)
 .text.global_stdio_init.part.0
                0x000035b0       0x3c C:/Apps/arm-toolchain/bin/../lib/gcc/arm-none-eabi/13.2.1/thumb/v8-m.main+fp/hard\libc_nano.a(libc_a-findfp.o)
 .text.__sfp_lock_acquire
                0x000035ec        0xc C:/Apps/arm-toolchain/bin/../lib/gcc/arm-none-eabi/13.2.1/thumb/v8-m.main+fp/hard\libc_nano.a(libc_a-findfp.o)
                0x000035ec                __sfp_lock_acquire
 .text.__sfp_lock_release
                0x000035f8        0xc C:/Apps/arm-toolchain/bin/../lib/gcc/arm-none-eabi/13.2.1/thumb/v8-m.main+fp/hard\libc_nano.a(libc_a-findfp.o)
                0x000035f8                __sfp_lock_release
 .text.__sinit  0x00003604       0x30 C:/Apps/arm-toolchain/bin/../lib/gcc/arm-none-eabi/13.2.1/thumb/v8-m.main+fp/hard\libc_nano.a(libc_a-findfp.o)
                0x00003604                __sinit
 .text._fwalk_sglue
                0x00003634       0x3c C:/Apps/arm-toolchain/bin/../lib/gcc/arm-none-eabi/13.2.1/thumb/v8-m.main+fp/hard\libc_nano.a(libc_a-fwalk.o)
                0x00003634                _fwalk_sglue
 .text.printf   0x00003670       0x24 C:/Apps/arm-toolchain/bin/../lib/gcc/arm-none-eabi/13.2.1/thumb/v8-m.main+fp/hard\libc_nano.a(libc_a-printf.o)
                0x00003670                iprintf
                0x00003670                printf
 .text.sprintf  0x00003694       0x40 C:/Apps/arm-toolchain/bin/../lib/gcc/arm-none-eabi/13.2.1/thumb/v8-m.main+fp/hard\libc_nano.a(libc_a-sprintf.o)
                0x00003694                siprintf
                0x00003694                sprintf
 .text.__sread  0x000036d4       0x22 C:/Apps/arm-toolchain/bin/../lib/gcc/arm-none-eabi/13.2.1/thumb/v8-m.main+fp/hard\libc_nano.a(libc_a-stdio.o)
                0x000036d4                __sread
 .text.__swrite
                0x000036f6       0x38 C:/Apps/arm-toolchain/bin/../lib/gcc/arm-none-eabi/13.2.1/thumb/v8-m.main+fp/hard\libc_nano.a(libc_a-stdio.o)
                0x000036f6                __swrite
 .text.__sseek  0x0000372e       0x24 C:/Apps/arm-toolchain/bin/../lib/gcc/arm-none-eabi/13.2.1/thumb/v8-m.main+fp/hard\libc_nano.a(libc_a-stdio.o)
                0x0000372e                __sseek
 .text.__sclose
                0x00003752        0x8 C:/Apps/arm-toolchain/bin/../lib/gcc/arm-none-eabi/13.2.1/thumb/v8-m.main+fp/hard\libc_nano.a(libc_a-stdio.o)
                0x00003752                __sclose
 .text.memset   0x0000375a       0x10 C:/Apps/arm-toolchain/bin/../lib/gcc/arm-none-eabi/13.2.1/thumb/v8-m.main+fp/hard\libc_nano.a(libc_a-memset.o)
                0x0000375a                memset
 .text.strcspn  0x0000376a       0x22 C:/Apps/arm-toolchain/bin/../lib/gcc/arm-none-eabi/13.2.1/thumb/v8-m.main+fp/hard\libc_nano.a(libc_a-strcspn.o)
                0x0000376a                strcspn
 .text._close_r
                0x0000378c       0x20 C:/Apps/arm-toolchain/bin/../lib/gcc/arm-none-eabi/13.2.1/thumb/v8-m.main+fp/hard\libc_nano.a(libc_a-closer.o)
                0x0000378c                _close_r
 .text._lseek_r
                0x000037ac       0x24 C:/Apps/arm-toolchain/bin/../lib/gcc/arm-none-eabi/13.2.1/thumb/v8-m.main+fp/hard\libc_nano.a(libc_a-lseekr.o)
                0x000037ac                _lseek_r
 .text._read_r  0x000037d0       0x24 C:/Apps/arm-toolchain/bin/../lib/gcc/arm-none-eabi/13.2.1/thumb/v8-m.main+fp/hard\libc_nano.a(libc_a-readr.o)
                0x000037d0                _read_r
 .text._sbrk_r  0x000037f4       0x20 C:/Apps/arm-toolchain/bin/../lib/gcc/arm-none-eabi/13.2.1/thumb/v8-m.main+fp/hard\libc_nano.a(libc_a-sbrkr.o)
                0x000037f4                _sbrk_r
 .text._write_r
                0x00003814       0x24 C:/Apps/arm-toolchain/bin/../lib/gcc/arm-none-eabi/13.2.1/thumb/v8-m.main+fp/hard\libc_nano.a(libc_a-writer.o)
                0x00003814                _write_r
 .text.__libc_init_array
                0x00003838       0x48 C:/Apps/arm-toolchain/bin/../lib/gcc/arm-none-eabi/13.2.1/thumb/v8-m.main+fp/hard\libc_nano.a(libc_a-init.o)
                0x00003838                __libc_init_array
 .text.__retarget_lock_init_recursive
                0x00003880        0x2 C:/Apps/arm-toolchain/bin/../lib/gcc/arm-none-eabi/13.2.1/thumb/v8-m.main+fp/hard\libc_nano.a(libc_a-lock.o)
                0x00003880                __retarget_lock_init_recursive
 .text.__retarget_lock_acquire_recursive
                0x00003882        0x2 C:/Apps/arm-toolchain/bin/../lib/gcc/arm-none-eabi/13.2.1/thumb/v8-m.main+fp/hard\libc_nano.a(libc_a-lock.o)
                0x00003882                __retarget_lock_acquire_recursive
 .text.__retarget_lock_release_recursive
                0x00003884        0x2 C:/Apps/arm-toolchain/bin/../lib/gcc/arm-none-eabi/13.2.1/thumb/v8-m.main+fp/hard\libc_nano.a(libc_a-lock.o)
                0x00003884                __retarget_lock_release_recursive
 .text.strcpy   0x00003886       0x10 C:/Apps/arm-toolchain/bin/../lib/gcc/arm-none-eabi/13.2.1/thumb/v8-m.main+fp/hard\libc_nano.a(libc_a-strcpy.o)
                0x00003886                strcpy
 .text          0x00003896       0x10 C:/Apps/arm-toolchain/bin/../lib/gcc/arm-none-eabi/13.2.1/thumb/v8-m.main+fp/hard\libc_nano.a(libc_a-strlen.o)
                0x00003896                strlen
 *fill*         0x000038a6        0x2 
 .text._free_r  0x000038a8       0x94 C:/Apps/arm-toolchain/bin/../lib/gcc/arm-none-eabi/13.2.1/thumb/v8-m.main+fp/hard\libc_nano.a(libc_a-freer.o)
                0x000038a8                _free_r
 .text.__ssputs_r
                0x0000393c       0xb6 C:/Apps/arm-toolchain/bin/../lib/gcc/arm-none-eabi/13.2.1/thumb/v8-m.main+fp/hard\libc_nano.a(libc_a-nano-svfprintf.o)
                0x0000393c                __ssputs_r
 *fill*         0x000039f2        0x2 
 .text._svfprintf_r
                0x000039f4      0x1f8 C:/Apps/arm-toolchain/bin/../lib/gcc/arm-none-eabi/13.2.1/thumb/v8-m.main+fp/hard\libc_nano.a(libc_a-nano-svfprintf.o)
                0x000039f4                _svfiprintf_r
                0x000039f4                _svfprintf_r
 .text.__sfputc_r
                0x00003bec       0x2e C:/Apps/arm-toolchain/bin/../lib/gcc/arm-none-eabi/13.2.1/thumb/v8-m.main+fp/hard\libc_nano.a(libc_a-nano-vfprintf.o)
 .text.__sfputs_r
                0x00003c1a       0x24 C:/Apps/arm-toolchain/bin/../lib/gcc/arm-none-eabi/13.2.1/thumb/v8-m.main+fp/hard\libc_nano.a(libc_a-nano-vfprintf.o)
                0x00003c1a                __sfputs_r
 *fill*         0x00003c3e        0x2 
 .text._vfprintf_r
                0x00003c40      0x230 C:/Apps/arm-toolchain/bin/../lib/gcc/arm-none-eabi/13.2.1/thumb/v8-m.main+fp/hard\libc_nano.a(libc_a-nano-vfprintf.o)
                0x00003c40                _vfprintf_r
                0x00003c40                _vfiprintf_r
 .text._printf_common
                0x00003e70       0xe4 C:/Apps/arm-toolchain/bin/../lib/gcc/arm-none-eabi/13.2.1/thumb/v8-m.main+fp/hard\libc_nano.a(libc_a-nano-vfprintf_i.o)
                0x00003e70                _printf_common
 .text._printf_i
                0x00003f54      0x23c C:/Apps/arm-toolchain/bin/../lib/gcc/arm-none-eabi/13.2.1/thumb/v8-m.main+fp/hard\libc_nano.a(libc_a-nano-vfprintf_i.o)
                0x00003f54                _printf_i
 .text.__sflush_r
                0x00004190      0x108 C:/Apps/arm-toolchain/bin/../lib/gcc/arm-none-eabi/13.2.1/thumb/v8-m.main+fp/hard\libc_nano.a(libc_a-fflush.o)
                0x00004190                __sflush_r
 .text._fflush_r
                0x00004298       0x50 C:/Apps/arm-toolchain/bin/../lib/gcc/arm-none-eabi/13.2.1/thumb/v8-m.main+fp/hard\libc_nano.a(libc_a-fflush.o)
                0x00004298                _fflush_r
 .text.__swbuf_r
                0x000042e8       0x7c C:/Apps/arm-toolchain/bin/../lib/gcc/arm-none-eabi/13.2.1/thumb/v8-m.main+fp/hard\libc_nano.a(libc_a-wbuf.o)
                0x000042e8                __swbuf_r
 .text.__swsetup_r
                0x00004364       0xac C:/Apps/arm-toolchain/bin/../lib/gcc/arm-none-eabi/13.2.1/thumb/v8-m.main+fp/hard\libc_nano.a(libc_a-wsetup.o)
                0x00004364                __swsetup_r
 .text.memmove  0x00004410       0x34 C:/Apps/arm-toolchain/bin/../lib/gcc/arm-none-eabi/13.2.1/thumb/v8-m.main+fp/hard\libc_nano.a(libc_a-memmove.o)
                0x00004410                memmove
 .text.memchr   0x00004444       0x1c C:/Apps/arm-toolchain/bin/../lib/gcc/arm-none-eabi/13.2.1/thumb/v8-m.main+fp/hard\libc_nano.a(libc_a-memchr-stub.o)
                0x00004444                memchr
 .text.memcpy   0x00004460       0x1a C:/Apps/arm-toolchain/bin/../lib/gcc/arm-none-eabi/13.2.1/thumb/v8-m.main+fp/hard\libc_nano.a(libc_a-memcpy-stub.o)
                0x00004460                memcpy
 .text._realloc_r
                0x0000447a       0x5c C:/Apps/arm-toolchain/bin/../lib/gcc/arm-none-eabi/13.2.1/thumb/v8-m.main+fp/hard\libc_nano.a(libc_a-reallocr.o)
                0x0000447a                _realloc_r
 .text.__swhatbuf_r
                0x000044d6       0x4a C:/Apps/arm-toolchain/bin/../lib/gcc/arm-none-eabi/13.2.1/thumb/v8-m.main+fp/hard\libc_nano.a(libc_a-makebuf.o)
                0x000044d6                __swhatbuf_r
 .text.__smakebuf_r
                0x00004520       0x78 C:/Apps/arm-toolchain/bin/../lib/gcc/arm-none-eabi/13.2.1/thumb/v8-m.main+fp/hard\libc_nano.a(libc_a-makebuf.o)
                0x00004520                __smakebuf_r
 .text._fstat_r
                0x00004598       0x24 C:/Apps/arm-toolchain/bin/../lib/gcc/arm-none-eabi/13.2.1/thumb/v8-m.main+fp/hard\libc_nano.a(libc_a-fstatr.o)
                0x00004598                _fstat_r
 .text._isatty_r
                0x000045bc       0x20 C:/Apps/arm-toolchain/bin/../lib/gcc/arm-none-eabi/13.2.1/thumb/v8-m.main+fp/hard\libc_nano.a(libc_a-isattyr.o)
                0x000045bc                _isatty_r
 .text._malloc_usable_size_r
                0x000045dc       0x10 C:/Apps/arm-toolchain/bin/../lib/gcc/arm-none-eabi/13.2.1/thumb/v8-m.main+fp/hard\libc_nano.a(libc_a-msizer.o)
                0x000045dc                _malloc_usable_size_r
 .text._close   0x000045ec       0x10 C:/Apps/arm-toolchain/bin/../lib/gcc/arm-none-eabi/13.2.1/thumb/v8-m.main+fp/hard\libnosys.a(close.o)
                0x000045ec                _close
 .text._fstat   0x000045fc       0x10 C:/Apps/arm-toolchain/bin/../lib/gcc/arm-none-eabi/13.2.1/thumb/v8-m.main+fp/hard\libnosys.a(fstat.o)
                0x000045fc                _fstat
 .text._isatty  0x0000460c       0x10 C:/Apps/arm-toolchain/bin/../lib/gcc/arm-none-eabi/13.2.1/thumb/v8-m.main+fp/hard\libnosys.a(isatty.o)
                0x0000460c                _isatty
 .text._lseek   0x0000461c       0x10 C:/Apps/arm-toolchain/bin/../lib/gcc/arm-none-eabi/13.2.1/thumb/v8-m.main+fp/hard\libnosys.a(lseek.o)
                0x0000461c                _lseek
 .text._read    0x0000462c       0x10 C:/Apps/arm-toolchain/bin/../lib/gcc/arm-none-eabi/13.2.1/thumb/v8-m.main+fp/hard\libnosys.a(read.o)
                0x0000462c                _read
 .text._sbrk    0x0000463c       0x20 C:/Apps/arm-toolchain/bin/../lib/gcc/arm-none-eabi/13.2.1/thumb/v8-m.main+fp/hard\libnosys.a(sbrk.o)
                0x0000463c                _sbrk
 .text._write   0x0000465c       0x10 C:/Apps/arm-toolchain/bin/../lib/gcc/arm-none-eabi/13.2.1/thumb/v8-m.main+fp/hard\libnosys.a(write.o)
                0x0000465c                _write
 .text._exit    0x0000466c        0x4 C:/Apps/arm-toolchain/bin/../lib/gcc/arm-none-eabi/13.2.1/thumb/v8-m.main+fp/hard\libnosys.a(_exit.o)
                0x0000466c                _exit
                0x00004670                        . = ALIGN (0x4)
 *(.init)
 .init          0x00004670        0x4 C:/Apps/arm-toolchain/bin/../lib/gcc/arm-none-eabi/13.2.1/thumb/v8-m.main+fp/hard/crti.o
                0x00004670                _init
 .init          0x00004674        0x8 C:/Apps/arm-toolchain/bin/../lib/gcc/arm-none-eabi/13.2.1/thumb/v8-m.main+fp/hard/crtn.o
                0x0000467c                        . = ALIGN (0x4)
                0x0000467c                        __preinit_array_start = .
 *(.preinit_array)
                0x0000467c                        __preinit_array_end = .
                0x0000467c                        . = ALIGN (0x4)
                0x0000467c                        __init_array_start = .
 *(SORT_BY_NAME(.init_array.*))
 *(.init_array)
 .init_array    0x0000467c        0x4 C:/Apps/arm-toolchain/bin/../lib/gcc/arm-none-eabi/13.2.1/thumb/v8-m.main+fp/hard/crtbegin.o
                0x00004680                        __init_array_end = .
 *(.fini)
 .fini          0x00004680        0x4 C:/Apps/arm-toolchain/bin/../lib/gcc/arm-none-eabi/13.2.1/thumb/v8-m.main+fp/hard/crti.o
                0x00004680                _fini
 .fini          0x00004684        0x8 C:/Apps/arm-toolchain/bin/../lib/gcc/arm-none-eabi/13.2.1/thumb/v8-m.main+fp/hard/crtn.o
                0x0000468c                        . = ALIGN (0x4)
                0x0000468c                        __fini_array_start = .
 *(.fini_array)
 .fini_array    0x0000468c        0x4 C:/Apps/arm-toolchain/bin/../lib/gcc/arm-none-eabi/13.2.1/thumb/v8-m.main+fp/hard/crtbegin.o
 *(SORT_BY_NAME(.fini_array.*))
                0x00004690                        __fini_array_end = .
                0x00004690                        . = ALIGN (0x4)
 *(.eh_frame*)
 .eh_frame      0x00004690        0x0 C:/Apps/arm-toolchain/bin/../lib/gcc/arm-none-eabi/13.2.1/thumb/v8-m.main+fp/hard/crtbegin.o
 .eh_frame      0x00004690       0x28 C:/Apps/arm-toolchain/bin/../lib/gcc/arm-none-eabi/13.2.1/thumb/v8-m.main+fp/hard\libc_nano.a(libc_a-strlen.o)
 .eh_frame      0x000046b8        0x4 C:/Apps/arm-toolchain/bin/../lib/gcc/arm-none-eabi/13.2.1/thumb/v8-m.main+fp/hard/crtend.o
                0x000046bc                        . = ALIGN (0x4)
 *(.eh_frame_hdr)
                0x000046bc                        . = ALIGN (0x4)
 *(.hash)
 *(.gnu.hash)
                0x000046bc                        . = ALIGN (0x4)
 *(.gnu_extab* .gnu.linkonce.extab.*)
                0x000046bc                        . = ALIGN (0x4)
                0x000046bc                        __exidx_start = .
 *(.gnu_exidx* .gnu.linkonce.exidx.*)
                0x000046bc                        . = ALIGN (0x4)
                0x000046bc                        __exidx_end = .
                0x00003f8c                        __text_size = SIZEOF (.text)
                0x000046bc                        __text_end = (__text_start + __text_size)
                0x00000001                        ASSERT (((__text_start == __text_end) || ((__text_end - ORIGIN (FLASH)) <= LENGTH (FLASH))), error: .text is too large to fit in FLASH memory segment)

.glue_7         0x000046bc        0x0
 .glue_7        0x000046bc        0x0 linker stubs

.glue_7t        0x000046bc        0x0
 .glue_7t       0x000046bc        0x0 linker stubs

.vfp11_veneer   0x000046bc        0x0
 .vfp11_veneer  0x000046bc        0x0 linker stubs

.v4_bx          0x000046bc        0x0
 .v4_bx         0x000046bc        0x0 linker stubs

.iplt           0x000046bc        0x0
 .iplt          0x000046bc        0x0 C:/Apps/arm-toolchain/bin/../lib/gcc/arm-none-eabi/13.2.1/thumb/v8-m.main+fp/hard/crtbegin.o

.rel.dyn        0x000046bc        0x0
 .rel.iplt      0x000046bc        0x0 C:/Apps/arm-toolchain/bin/../lib/gcc/arm-none-eabi/13.2.1/thumb/v8-m.main+fp/hard/crtbegin.o
                0x000046bc                        . = ALIGN (0x4)

.copy.table     0x000046bc       0x30
                0x000046bc                        __copy_table_start__ = .
                0x000046bc        0x4 LONG 0x4704 __data_load_start
                0x000046c0        0x4 LONG 0x20000000 __data_start
                0x000046c4        0x4 LONG 0x1b ((__data_end - __data_start) / 0x4)
                0x000046c8        0x4 LONG 0x4770 __sdata_load_start
                0x000046cc        0x4 LONG 0x2000006c __sdata_start
                0x000046d0        0x4 LONG 0x0 ((__sdata_end - __sdata_start) / 0x4)
                0x000046d4        0x4 LONG 0x4770 __tdata_load_start
                0x000046d8        0x4 LONG 0x2000006c __tdata_start
                0x000046dc        0x4 LONG 0x0 ((__tdata_end - __tdata_start) / 0x4)
                0x000046e0        0x4 LONG 0x4770 __fast_load_start
                0x000046e4        0x4 LONG 0x2000006c __fast_start
                0x000046e8        0x4 LONG 0x0 ((__fast_end - __fast_start) / 0x4)
                0x000046ec                        __copy_table_end__ = .
                0x000046ec                        . = ALIGN (0x4)

.zero.table     0x000046ec       0x18
                0x000046ec                        __zero_table_start__ = .
                0x000046ec        0x4 LONG 0x2000006c __bss_start
                0x000046f0        0x4 LONG 0x67 ((__bss_end - __bss_start) / 0x4)
                0x000046f4        0x4 LONG 0x20000208 __sbss_start
                0x000046f8        0x4 LONG 0x0 ((__sbss_end - __sbss_start) / 0x4)
                0x000046fc        0x4 LONG 0x20000208 __tbss_start
                0x00004700        0x4 LONG 0x0 ((__tbss_end - __tbss_start) / 0x4)
                0x00004704                        __zero_table_end__ = .
                0x00004704                        . = ALIGN (0x4)
                0x00004704                        __etext = .
                [!provide]                        PROVIDE (etext = .)
                0x00004704                        PROVIDE (_etext = .)
                0x00004704                        . = ALIGN (0x4)
                0x00004704                        __all_data_load_start = .
                0x00004704                        __data_load_start = .

.data           0x20000000       0x6c load address 0x00004704
                0x20000000                        . = ALIGN (0x4)
                0x20000000                        __data_start = .
                0x20000000                        __data_start__ = .
 *(vtable)
 *(.data* .gnu.linkonce.d.*)
 .data.instance
                0x20000000        0x8 C:/Users/wwn24001/Downloads/lab4-game-main/lab4-game-main/nrfx/src/sample/../../build/goodFuncs.c.o
                0x20000000                instance
 .data.rtc_instance
                0x20000008        0x8 C:/Users/wwn24001/Downloads/lab4-game-main/lab4-game-main/nrfx/src/sample/../../build/goodFuncs.c.o
                0x20000008                rtc_instance
 .data.__sglue  0x20000010        0xc C:/Apps/arm-toolchain/bin/../lib/gcc/arm-none-eabi/13.2.1/thumb/v8-m.main+fp/hard\libc_nano.a(libc_a-findfp.o)
                0x20000010                __sglue
 .data._impure_ptr
                0x2000001c        0x4 C:/Apps/arm-toolchain/bin/../lib/gcc/arm-none-eabi/13.2.1/thumb/v8-m.main+fp/hard\libc_nano.a(libc_a-impure.o)
                0x2000001c                _impure_ptr
 .data._impure_data
                0x20000020       0x4c C:/Apps/arm-toolchain/bin/../lib/gcc/arm-none-eabi/13.2.1/thumb/v8-m.main+fp/hard\libc_nano.a(libc_a-impure.o)
                0x20000020                _impure_data
                0x2000006c                        . = ALIGN (0x4)
 *(.jcr*)
                0x0000006c                        __data_size = SIZEOF (.data)
                0x2000006c                        __data_end = (__data_start + __data_size)
                0x2000006c                        __data_end__ = __data_end
                0x00004770                        __data_load_end = (__data_load_start + __data_size)
                0x00000001                        ASSERT (((__data_load_start == __data_load_end) || ((__data_load_end - ORIGIN (FLASH)) <= LENGTH (FLASH))), error: .data is too large to fit in FLASH memory segment)
                0x00000001                        ASSERT (((__data_start == __data_end) || ((__data_end - ORIGIN (RAM)) <= LENGTH (RAM))), error: .data is too large to fit in RAM memory segment)

.tm_clone_table
                0x2000006c        0x0 load address 0x00004770
 .tm_clone_table
                0x2000006c        0x0 C:/Apps/arm-toolchain/bin/../lib/gcc/arm-none-eabi/13.2.1/thumb/v8-m.main+fp/hard/crtbegin.o
 .tm_clone_table
                0x2000006c        0x0 C:/Apps/arm-toolchain/bin/../lib/gcc/arm-none-eabi/13.2.1/thumb/v8-m.main+fp/hard/crtend.o

.igot.plt       0x2000006c        0x0 load address 0x00004770
 .igot.plt      0x2000006c        0x0 C:/Apps/arm-toolchain/bin/../lib/gcc/arm-none-eabi/13.2.1/thumb/v8-m.main+fp/hard/crtbegin.o
                0x2000006c                        . = ALIGN (0x4)
                0x00004770                        __sdata_load_start = ALIGN (__data_load_end, 0x4)

.sdata          0x2000006c        0x0 load address 0x00004770
                0x2000006c                        . = ALIGN (0x4)
                0x2000006c                        __sdata_start = .
 *(.sdata .sdata.* .gnu.linkonce.s.*)
 *(.sdata2 .sdata2.* .gnu.linkonce.s2.*)
                0x00000000                        __sdata_size = SIZEOF (.sdata)
                0x2000006c                        __sdata_end = (__sdata_start + __sdata_size)
                0x00004770                        __sdata_load_end = (__sdata_load_start + __sdata_size)
                0x00000001                        ASSERT (((__sdata_load_start == __sdata_load_end) || ((__sdata_load_end - ORIGIN (FLASH)) <= LENGTH (FLASH))), error: .sdata is too large to fit in FLASH memory segment)
                0x00000001                        ASSERT (((__sdata_start == __sdata_end) || ((__sdata_end - ORIGIN (RAM)) <= LENGTH (RAM))), error: .sdata is too large to fit in RAM memory segment)
                0x2000006c                        . = ALIGN (0x4)
                0x00004770                        __tdata_load_start = ALIGN (__sdata_load_end, 0x4)

.tdata          0x2000006c        0x0 load address 0x00004770
                0x2000006c                        . = ALIGN (0x4)
                0x2000006c                        __tdata_start = .
 *(.tdata .tdata.* .gnu.linkonce.td.*)
 *(.stdata .stdata.*)
                0x00000000                        __tdata_size = SIZEOF (.tdata)
                0x2000006c                        __tdata_end = (__tdata_start + __tdata_size)
                0x00004770                        __tdata_load_end = (__tdata_load_start + __tdata_size)
                0x00000001                        ASSERT (((__tdata_load_start == __tdata_load_end) || ((__tdata_load_end - ORIGIN (FLASH)) <= LENGTH (FLASH))), error: .tdata is too large to fit in FLASH memory segment)
                0x00000001                        ASSERT (((__tdata_start == __tdata_end) || ((__tdata_end - ORIGIN (RAM)) <= LENGTH (RAM))), error: .tdata is too large to fit in RAM memory segment)
                0x2000006c                        . = ALIGN (0x4)
                0x00004770                        __fast_load_start = ALIGN (__tdata_load_end, 0x4)

.fast           0x2000006c        0x0 load address 0x00004770
                0x2000006c                        . = ALIGN (0x4)
                0x2000006c                        __fast_start = .
 *(.fast .fast.*)
 *(.fastcode .fastcode.*)
 *(.fastdata .fastdata.*)
 *(.ramcode*)
                0x00000000                        __fast_size = SIZEOF (.fast)
                0x2000006c                        __fast_end = (__fast_start + __fast_size)
                0x00004770                        __fast_load_end = (__fast_load_start + __fast_size)
                0x00000001                        ASSERT (((__fast_load_start == __fast_load_end) || ((__fast_load_end - ORIGIN (FLASH)) <= LENGTH (FLASH))), error: .fast is too large to fit in FLASH memory segment)
                0x00000001                        ASSERT (((__fast_start == __fast_end) || ((__fast_end - ORIGIN (RAM)) <= LENGTH (RAM))), error: .fast is too large to fit in RAM memory segment)
                0x2000006c                        . = ALIGN (0x4)
                0x2000006c                        _edata = .
                [!provide]                        PROVIDE (edata = .)
                [!provide]                        PROVIDE (__edata = .)
                0x2000006c                        . = ALIGN (0x4)

.noinit         0x2000006c        0x0
                0x2000006c                        __noinit_start = .
                [!provide]                        PROVIDE (__noinit_start__ = .)
 *(.noinit .noinit.*)
 *(.no_init .no_init.*)
 *(.noninit .noninit.*)
 *(.non_init .non_init.*)
                0x2000006c                        . = ALIGN (0x4)
                0x00000000                        __noinit_size = SIZEOF (.noinit)
                0x2000006c                        __noinit_end = (__noinit_start + __noinit_size)
                0x2000006c                        __noinit_end__ = __noinit_end
                0x00000001                        ASSERT (((__noinit_start == __noinit_end) || ((__noinit_end - ORIGIN (RAM)) <= LENGTH (RAM))), error: .noinit is too large to fit in RAM memory segment)
                0x2000006c                        . = ALIGN (0x4)

.bss            0x2000006c      0x19c load address 0x00004770
                0x2000006c                        __bss_start = .
                0x2000006c                        PROVIDE (__bss_start__ = .)
 *(.bss* .gnu.linkonce.b.*)
 .bss.completed.1
                0x2000006c        0x1 C:/Apps/arm-toolchain/bin/../lib/gcc/arm-none-eabi/13.2.1/thumb/v8-m.main+fp/hard/crtbegin.o
 *fill*         0x2000006d        0x3 
 .bss.object.0  0x20000070       0x18 C:/Apps/arm-toolchain/bin/../lib/gcc/arm-none-eabi/13.2.1/thumb/v8-m.main+fp/hard/crtbegin.o
 .bss.m_cb      0x20000088       0x24 C:/Users/wwn24001/Downloads/lab4-game-main/lab4-game-main/nrfx/src/sample/../../build/nrfx_uarte.c.o
 .bss.uarte_enabled
                0x200000ac        0x1 C:/Users/wwn24001/Downloads/lab4-game-main/lab4-game-main/nrfx/src/sample/../../build/goodFuncs.c.o
                0x200000ac                uarte_enabled
 *fill*         0x200000ad        0x3 
 .bss.m_cb      0x200000b0        0x8 C:/Users/wwn24001/Downloads/lab4-game-main/lab4-game-main/nrfx/src/sample/../../build/nrfx_rtc.c.o
 .bss.__malloc_sbrk_start
                0x200000b8        0x4 C:/Apps/arm-toolchain/bin/../lib/gcc/arm-none-eabi/13.2.1/thumb/v8-m.main+fp/hard\libc_nano.a(libc_a-mallocr.o)
                0x200000b8                __malloc_sbrk_start
 .bss.__malloc_free_list
                0x200000bc        0x4 C:/Apps/arm-toolchain/bin/../lib/gcc/arm-none-eabi/13.2.1/thumb/v8-m.main+fp/hard\libc_nano.a(libc_a-mallocr.o)
                0x200000bc                __malloc_free_list
 .bss.__sf      0x200000c0      0x138 C:/Apps/arm-toolchain/bin/../lib/gcc/arm-none-eabi/13.2.1/thumb/v8-m.main+fp/hard\libc_nano.a(libc_a-findfp.o)
                0x200000c0                __sf
 .bss.__stdio_exit_handler
                0x200001f8        0x4 C:/Apps/arm-toolchain/bin/../lib/gcc/arm-none-eabi/13.2.1/thumb/v8-m.main+fp/hard\libc_nano.a(libc_a-findfp.o)
                0x200001f8                __stdio_exit_handler
 .bss.errno     0x200001fc        0x4 C:/Apps/arm-toolchain/bin/../lib/gcc/arm-none-eabi/13.2.1/thumb/v8-m.main+fp/hard\libc_nano.a(libc_a-reent.o)
                0x200001fc                errno
 .bss.__lock___malloc_recursive_mutex
                0x20000200        0x1 C:/Apps/arm-toolchain/bin/../lib/gcc/arm-none-eabi/13.2.1/thumb/v8-m.main+fp/hard\libc_nano.a(libc_a-lock.o)
                0x20000200                __lock___malloc_recursive_mutex
 .bss.__lock___sfp_recursive_mutex
                0x20000201        0x1 C:/Apps/arm-toolchain/bin/../lib/gcc/arm-none-eabi/13.2.1/thumb/v8-m.main+fp/hard\libc_nano.a(libc_a-lock.o)
                0x20000201                __lock___sfp_recursive_mutex
 *fill*         0x20000202        0x2 
 .bss.heap_end.0
                0x20000204        0x4 C:/Apps/arm-toolchain/bin/../lib/gcc/arm-none-eabi/13.2.1/thumb/v8-m.main+fp/hard\libnosys.a(sbrk.o)
 *(.dynbss)
 *(COMMON)
                0x20000208                        . = ALIGN (0x4)
                0x0000019c                        __bss_size = SIZEOF (.bss)
                0x20000208                        __bss_end = (__bss_start + __bss_size)
                0x20000208                        __bss_end__ = __bss_end
                0x00000001                        ASSERT (((__bss_start == __bss_end) || ((__bss_end - ORIGIN (RAM)) <= LENGTH (RAM))), error: .bss is too large to fit in RAM memory segment)
                0x20000208                        . = ALIGN (0x4)

.sbss           0x20000208        0x0
                0x20000208                        __sbss_start = .
                0x20000208                        __sbss_start__ = __sbss_start
 *(.sbss .sbss.* .gnu.linkonce.sb.*)
 *(.sbss2 .sbss2.* .gnu.linkonce.sb2.*)
 *(.dynsbss)
                0x20000208                        . = ALIGN (0x4)
                0x00000000                        __sbss_size = SIZEOF (.sbss)
                0x20000208                        __sbss_end = (__sbss_start + __sbss_size)
                0x20000208                        __sbss_end__ = __sbss_end
                0x00000001                        ASSERT (((__sbss_start == __sbss_end) || ((__sbss_end - ORIGIN (RAM)) <= LENGTH (RAM))), error: .sbss is too large to fit in RAM memory segment)
                0x20000208                        . = ALIGN (0x4)

.tbss           0x20000208        0x0
                0x20000208                        __tbss_start = .
                0x20000208                        __tbss_start__ = __tbss_start
                0x20000208                        . = ALIGN (0x4)
 *(.tbss .tbss.* .gnu.linkonce.tb.*)
 *(.tcommon)
 *(.stbss .stbss.*)
                0x20000208                        . = ALIGN (0x4)
                0x00000000                        __tbss_size = SIZEOF (.tbss)
                0x20000208                        __tbss_end = (__tbss_start + __tbss_size)
                0x20000208                        __tbss_end__ = __tbss_end
                0x00000001                        ASSERT (((__tbss_start == __tbss_end) || ((__tbss_end - ORIGIN (RAM)) <= LENGTH (RAM))), error: .tbss is too large to fit in RAM memory segment)
                0x20000208                        . = ALIGN (0x4)
                0x20000208                        . = SEGMENT_START ("ldata-segment", .)
                0x20000208                        . = ALIGN (0x4)

.heap           0x20000208     0x4000
                0x20000208                        __heap_start = .
                0x20000208                        __HeapBase = .
                0x20000208                        __heap_base = .
                0x20000208                        __end = .
                0x20000208                        PROVIDE (end = .)
                [!provide]                        PROVIDE (_end = .)
                [!provide]                        PROVIDE (__end__ = .)
 *(.heap*)
 .heap          0x20000208     0x4000 C:/Users/wwn24001/Downloads/lab4-game-main/lab4-game-main/nrfx/src/sample/../../build/gcc_startup_nrf5340_application.S.o
                0x20004208                        __HeapLimit = .
                0x20004208                        __heap_limit = .
                0x20004208                        __heap_end = .

.stack_dummy    0x20000208     0x4000
 *(.stack*)
 .stack         0x20000208     0x4000 C:/Users/wwn24001/Downloads/lab4-game-main/lab4-game-main/nrfx/src/sample/../../build/gcc_startup_nrf5340_application.S.o
                0x20040000                        __stack_end = (ORIGIN (RAM) + LENGTH (RAM))
                0x20040000                        __StackTop = (ORIGIN (RAM) + LENGTH (RAM))
                0x2003c000                        __StackLimit = (__StackTop - SIZEOF (.stack_dummy))
                0x20040000                        PROVIDE (__stack = __StackTop)
                0x00000001                        ASSERT ((__StackLimit >= __HeapLimit), region RAM overflowed with stack)
                0x0000006c                        DataInitFlashUsed = (__bss_start - __data_start)
                0x00004704                        CodeFlashUsed = (_etext - ORIGIN (FLASH))
                0x00004770                        TotalFlashUsed = (CodeFlashUsed + DataInitFlashUsed)
                0x00000001                        ASSERT ((TotalFlashUsed <= LENGTH (FLASH)), region FLASH overflowed with .data and user data)
OUTPUT(C:/Users/wwn24001/Downloads/lab4-game-main/lab4-game-main/nrfx/src/sample/../../build/nrf_test1.elf elf32-littlearm)
LOAD linker stubs

.ARM.attributes
                0x00000000       0x36
 .ARM.attributes
                0x00000000       0x26 C:/Apps/arm-toolchain/bin/../lib/gcc/arm-none-eabi/13.2.1/thumb/v8-m.main+fp/hard/crti.o
 .ARM.attributes
                0x00000026       0x38 C:/Apps/arm-toolchain/bin/../lib/gcc/arm-none-eabi/13.2.1/thumb/v8-m.main+fp/hard/crtbegin.o
 .ARM.attributes
                0x0000005e       0x24 C:/Apps/arm-toolchain/bin/../lib/gcc/arm-none-eabi/13.2.1/thumb/v8-m.main+fp/hard/crt0.o
 .ARM.attributes
                0x00000082       0x24 C:/Users/wwn24001/Downloads/lab4-game-main/lab4-game-main/nrfx/src/sample/../../build/gcc_startup_nrf5340_application.S.o
 .ARM.attributes
                0x000000a6       0x3a C:/Users/wwn24001/Downloads/lab4-game-main/lab4-game-main/nrfx/src/sample/../../build/system_nrf5340_application.c.o
 .ARM.attributes
                0x000000e0       0x3a C:/Users/wwn24001/Downloads/lab4-game-main/lab4-game-main/nrfx/src/sample/../../build/nrfx_uarte.c.o
 .ARM.attributes
                0x0000011a       0x3a C:/Users/wwn24001/Downloads/lab4-game-main/lab4-game-main/nrfx/src/sample/../../build/nrfx_systick.c.o
 .ARM.attributes
                0x00000154       0x3a C:/Users/wwn24001/Downloads/lab4-game-main/lab4-game-main/nrfx/src/sample/../../build/main.c.o
 .ARM.attributes
                0x0000018e       0x3a C:/Users/wwn24001/Downloads/lab4-game-main/lab4-game-main/nrfx/src/sample/../../build/chess.c.o
 .ARM.attributes
                0x000001c8       0x3a C:/Users/wwn24001/Downloads/lab4-game-main/lab4-game-main/nrfx/src/sample/../../build/goodFuncs.c.o
 .ARM.attributes
                0x00000202       0x3a C:/Users/wwn24001/Downloads/lab4-game-main/lab4-game-main/nrfx/src/sample/../../build/nrfx_rtc.c.o
 .ARM.attributes
                0x0000023c       0x38 C:/Apps/arm-toolchain/bin/../lib/gcc/arm-none-eabi/13.2.1/thumb/v8-m.main+fp/hard\libc_nano.a(libc_a-abs.o)
 .ARM.attributes
                0x00000274       0x38 C:/Apps/arm-toolchain/bin/../lib/gcc/arm-none-eabi/13.2.1/thumb/v8-m.main+fp/hard\libc_nano.a(libc_a-exit.o)
 .ARM.attributes
                0x000002ac       0x38 C:/Apps/arm-toolchain/bin/../lib/gcc/arm-none-eabi/13.2.1/thumb/v8-m.main+fp/hard\libc_nano.a(libc_a-malloc.o)
 .ARM.attributes
                0x000002e4       0x38 C:/Apps/arm-toolchain/bin/../lib/gcc/arm-none-eabi/13.2.1/thumb/v8-m.main+fp/hard\libc_nano.a(libc_a-mallocr.o)
 .ARM.attributes
                0x0000031c       0x38 C:/Apps/arm-toolchain/bin/../lib/gcc/arm-none-eabi/13.2.1/thumb/v8-m.main+fp/hard\libc_nano.a(libc_a-mlock.o)
 .ARM.attributes
                0x00000354       0x38 C:/Apps/arm-toolchain/bin/../lib/gcc/arm-none-eabi/13.2.1/thumb/v8-m.main+fp/hard\libc_nano.a(libc_a-ctype_.o)
 .ARM.attributes
                0x0000038c       0x38 C:/Apps/arm-toolchain/bin/../lib/gcc/arm-none-eabi/13.2.1/thumb/v8-m.main+fp/hard\libc_nano.a(libc_a-isupper.o)
 .ARM.attributes
                0x000003c4       0x38 C:/Apps/arm-toolchain/bin/../lib/gcc/arm-none-eabi/13.2.1/thumb/v8-m.main+fp/hard\libc_nano.a(libc_a-tolower.o)
 .ARM.attributes
                0x000003fc       0x38 C:/Apps/arm-toolchain/bin/../lib/gcc/arm-none-eabi/13.2.1/thumb/v8-m.main+fp/hard\libc_nano.a(libc_a-findfp.o)
 .ARM.attributes
                0x00000434       0x38 C:/Apps/arm-toolchain/bin/../lib/gcc/arm-none-eabi/13.2.1/thumb/v8-m.main+fp/hard\libc_nano.a(libc_a-fwalk.o)
 .ARM.attributes
                0x0000046c       0x38 C:/Apps/arm-toolchain/bin/../lib/gcc/arm-none-eabi/13.2.1/thumb/v8-m.main+fp/hard\libc_nano.a(libc_a-printf.o)
 .ARM.attributes
                0x000004a4       0x38 C:/Apps/arm-toolchain/bin/../lib/gcc/arm-none-eabi/13.2.1/thumb/v8-m.main+fp/hard\libc_nano.a(libc_a-sprintf.o)
 .ARM.attributes
                0x000004dc       0x38 C:/Apps/arm-toolchain/bin/../lib/gcc/arm-none-eabi/13.2.1/thumb/v8-m.main+fp/hard\libc_nano.a(libc_a-stdio.o)
 .ARM.attributes
                0x00000514       0x38 C:/Apps/arm-toolchain/bin/../lib/gcc/arm-none-eabi/13.2.1/thumb/v8-m.main+fp/hard\libc_nano.a(libc_a-memset.o)
 .ARM.attributes
                0x0000054c       0x38 C:/Apps/arm-toolchain/bin/../lib/gcc/arm-none-eabi/13.2.1/thumb/v8-m.main+fp/hard\libc_nano.a(libc_a-strcspn.o)
 .ARM.attributes
                0x00000584       0x38 C:/Apps/arm-toolchain/bin/../lib/gcc/arm-none-eabi/13.2.1/thumb/v8-m.main+fp/hard\libc_nano.a(libc_a-closer.o)
 .ARM.attributes
                0x000005bc       0x38 C:/Apps/arm-toolchain/bin/../lib/gcc/arm-none-eabi/13.2.1/thumb/v8-m.main+fp/hard\libc_nano.a(libc_a-reent.o)
 .ARM.attributes
                0x000005f4       0x38 C:/Apps/arm-toolchain/bin/../lib/gcc/arm-none-eabi/13.2.1/thumb/v8-m.main+fp/hard\libc_nano.a(libc_a-impure.o)
 .ARM.attributes
                0x0000062c       0x38 C:/Apps/arm-toolchain/bin/../lib/gcc/arm-none-eabi/13.2.1/thumb/v8-m.main+fp/hard\libc_nano.a(libc_a-lseekr.o)
 .ARM.attributes
                0x00000664       0x38 C:/Apps/arm-toolchain/bin/../lib/gcc/arm-none-eabi/13.2.1/thumb/v8-m.main+fp/hard\libc_nano.a(libc_a-readr.o)
 .ARM.attributes
                0x0000069c       0x38 C:/Apps/arm-toolchain/bin/../lib/gcc/arm-none-eabi/13.2.1/thumb/v8-m.main+fp/hard\libc_nano.a(libc_a-sbrkr.o)
 .ARM.attributes
                0x000006d4       0x38 C:/Apps/arm-toolchain/bin/../lib/gcc/arm-none-eabi/13.2.1/thumb/v8-m.main+fp/hard\libc_nano.a(libc_a-writer.o)
 .ARM.attributes
                0x0000070c       0x38 C:/Apps/arm-toolchain/bin/../lib/gcc/arm-none-eabi/13.2.1/thumb/v8-m.main+fp/hard\libc_nano.a(libc_a-init.o)
 .ARM.attributes
                0x00000744       0x38 C:/Apps/arm-toolchain/bin/../lib/gcc/arm-none-eabi/13.2.1/thumb/v8-m.main+fp/hard\libc_nano.a(libc_a-lock.o)
 .ARM.attributes
                0x0000077c       0x38 C:/Apps/arm-toolchain/bin/../lib/gcc/arm-none-eabi/13.2.1/thumb/v8-m.main+fp/hard\libc_nano.a(libc_a-strcpy.o)
 .ARM.attributes
                0x000007b4       0x24 C:/Apps/arm-toolchain/bin/../lib/gcc/arm-none-eabi/13.2.1/thumb/v8-m.main+fp/hard\libc_nano.a(libc_a-strlen.o)
 .ARM.attributes
                0x000007d8       0x38 C:/Apps/arm-toolchain/bin/../lib/gcc/arm-none-eabi/13.2.1/thumb/v8-m.main+fp/hard\libc_nano.a(libc_a-freer.o)
 .ARM.attributes
                0x00000810       0x38 C:/Apps/arm-toolchain/bin/../lib/gcc/arm-none-eabi/13.2.1/thumb/v8-m.main+fp/hard\libc_nano.a(libc_a-nano-svfprintf.o)
 .ARM.attributes
                0x00000848       0x38 C:/Apps/arm-toolchain/bin/../lib/gcc/arm-none-eabi/13.2.1/thumb/v8-m.main+fp/hard\libc_nano.a(libc_a-nano-vfprintf.o)
 .ARM.attributes
                0x00000880       0x38 C:/Apps/arm-toolchain/bin/../lib/gcc/arm-none-eabi/13.2.1/thumb/v8-m.main+fp/hard\libc_nano.a(libc_a-nano-vfprintf_i.o)
 .ARM.attributes
                0x000008b8       0x38 C:/Apps/arm-toolchain/bin/../lib/gcc/arm-none-eabi/13.2.1/thumb/v8-m.main+fp/hard\libc_nano.a(libc_a-fflush.o)
 .ARM.attributes
                0x000008f0       0x38 C:/Apps/arm-toolchain/bin/../lib/gcc/arm-none-eabi/13.2.1/thumb/v8-m.main+fp/hard\libc_nano.a(libc_a-wbuf.o)
 .ARM.attributes
                0x00000928       0x38 C:/Apps/arm-toolchain/bin/../lib/gcc/arm-none-eabi/13.2.1/thumb/v8-m.main+fp/hard\libc_nano.a(libc_a-wsetup.o)
 .ARM.attributes
                0x00000960       0x38 C:/Apps/arm-toolchain/bin/../lib/gcc/arm-none-eabi/13.2.1/thumb/v8-m.main+fp/hard\libc_nano.a(libc_a-memmove.o)
 .ARM.attributes
                0x00000998       0x38 C:/Apps/arm-toolchain/bin/../lib/gcc/arm-none-eabi/13.2.1/thumb/v8-m.main+fp/hard\libc_nano.a(libc_a-memchr-stub.o)
 .ARM.attributes
                0x000009d0       0x38 C:/Apps/arm-toolchain/bin/../lib/gcc/arm-none-eabi/13.2.1/thumb/v8-m.main+fp/hard\libc_nano.a(libc_a-memcpy-stub.o)
 .ARM.attributes
                0x00000a08       0x38 C:/Apps/arm-toolchain/bin/../lib/gcc/arm-none-eabi/13.2.1/thumb/v8-m.main+fp/hard\libc_nano.a(libc_a-reallocr.o)
 .ARM.attributes
                0x00000a40       0x38 C:/Apps/arm-toolchain/bin/../lib/gcc/arm-none-eabi/13.2.1/thumb/v8-m.main+fp/hard\libc_nano.a(libc_a-makebuf.o)
 .ARM.attributes
                0x00000a78       0x38 C:/Apps/arm-toolchain/bin/../lib/gcc/arm-none-eabi/13.2.1/thumb/v8-m.main+fp/hard\libc_nano.a(libc_a-fstatr.o)
 .ARM.attributes
                0x00000ab0       0x38 C:/Apps/arm-toolchain/bin/../lib/gcc/arm-none-eabi/13.2.1/thumb/v8-m.main+fp/hard\libc_nano.a(libc_a-isattyr.o)
 .ARM.attributes
                0x00000ae8       0x38 C:/Apps/arm-toolchain/bin/../lib/gcc/arm-none-eabi/13.2.1/thumb/v8-m.main+fp/hard\libc_nano.a(libc_a-msizer.o)
 .ARM.attributes
                0x00000b20       0x38 C:/Apps/arm-toolchain/bin/../lib/gcc/arm-none-eabi/13.2.1/thumb/v8-m.main+fp/hard\libnosys.a(close.o)
 .ARM.attributes
                0x00000b58       0x38 C:/Apps/arm-toolchain/bin/../lib/gcc/arm-none-eabi/13.2.1/thumb/v8-m.main+fp/hard\libnosys.a(fstat.o)
 .ARM.attributes
                0x00000b90       0x38 C:/Apps/arm-toolchain/bin/../lib/gcc/arm-none-eabi/13.2.1/thumb/v8-m.main+fp/hard\libnosys.a(isatty.o)
 .ARM.attributes
                0x00000bc8       0x38 C:/Apps/arm-toolchain/bin/../lib/gcc/arm-none-eabi/13.2.1/thumb/v8-m.main+fp/hard\libnosys.a(lseek.o)
 .ARM.attributes
                0x00000c00       0x38 C:/Apps/arm-toolchain/bin/../lib/gcc/arm-none-eabi/13.2.1/thumb/v8-m.main+fp/hard\libnosys.a(read.o)
 .ARM.attributes
                0x00000c38       0x38 C:/Apps/arm-toolchain/bin/../lib/gcc/arm-none-eabi/13.2.1/thumb/v8-m.main+fp/hard\libnosys.a(sbrk.o)
 .ARM.attributes
                0x00000c70       0x38 C:/Apps/arm-toolchain/bin/../lib/gcc/arm-none-eabi/13.2.1/thumb/v8-m.main+fp/hard\libnosys.a(write.o)
 .ARM.attributes
                0x00000ca8       0x38 C:/Apps/arm-toolchain/bin/../lib/gcc/arm-none-eabi/13.2.1/thumb/v8-m.main+fp/hard\libnosys.a(_exit.o)
 .ARM.attributes
                0x00000ce0       0x38 C:/Apps/arm-toolchain/bin/../lib/gcc/arm-none-eabi/13.2.1/thumb/v8-m.main+fp/hard/crtend.o
 .ARM.attributes
                0x00000d18       0x26 C:/Apps/arm-toolchain/bin/../lib/gcc/arm-none-eabi/13.2.1/thumb/v8-m.main+fp/hard/crtn.o

.comment        0x00000000       0x44
 .comment       0x00000000       0x44 C:/Users/wwn24001/Downloads/lab4-game-main/lab4-game-main/nrfx/src/sample/../../build/system_nrf5340_application.c.o
                                 0x45 (size before relaxing)
 .comment       0x00000044       0x45 C:/Users/wwn24001/Downloads/lab4-game-main/lab4-game-main/nrfx/src/sample/../../build/nrfx_uarte.c.o
 .comment       0x00000044       0x45 C:/Users/wwn24001/Downloads/lab4-game-main/lab4-game-main/nrfx/src/sample/../../build/nrfx_systick.c.o
 .comment       0x00000044       0x45 C:/Users/wwn24001/Downloads/lab4-game-main/lab4-game-main/nrfx/src/sample/../../build/main.c.o
 .comment       0x00000044       0x45 C:/Users/wwn24001/Downloads/lab4-game-main/lab4-game-main/nrfx/src/sample/../../build/chess.c.o
 .comment       0x00000044       0x45 C:/Users/wwn24001/Downloads/lab4-game-main/lab4-game-main/nrfx/src/sample/../../build/goodFuncs.c.o
 .comment       0x00000044       0x45 C:/Users/wwn24001/Downloads/lab4-game-main/lab4-game-main/nrfx/src/sample/../../build/nrfx_rtc.c.o

.debug_line_str
                0x00000000      0x278
 .debug_line_str
                0x00000000      0x278 C:/Apps/arm-toolchain/bin/../lib/gcc/arm-none-eabi/13.2.1/thumb/v8-m.main+fp/hard/crt0.o
                                 0xda (size before relaxing)
 .debug_line_str
                0x00000278       0xaf C:/Users/wwn24001/Downloads/lab4-game-main/lab4-game-main/nrfx/src/sample/../../build/gcc_startup_nrf5340_application.S.o
 .debug_line_str
                0x00000278       0xef C:/Apps/arm-toolchain/bin/../lib/gcc/arm-none-eabi/13.2.1/thumb/v8-m.main+fp/hard\libc_nano.a(libc_a-strlen.o)

.debug_line     0x00000000     0x66fa
 .debug_line    0x00000000       0x84 C:/Users/wwn24001/Downloads/lab4-game-main/lab4-game-main/nrfx/src/sample/../../build/gcc_startup_nrf5340_application.S.o
 .debug_line    0x00000084     0x19e3 C:/Users/wwn24001/Downloads/lab4-game-main/lab4-game-main/nrfx/src/sample/../../build/system_nrf5340_application.c.o
 .debug_line    0x00001a67     0x16b5 C:/Users/wwn24001/Downloads/lab4-game-main/lab4-game-main/nrfx/src/sample/../../build/nrfx_uarte.c.o
 .debug_line    0x0000311c      0x8bc C:/Users/wwn24001/Downloads/lab4-game-main/lab4-game-main/nrfx/src/sample/../../build/nrfx_systick.c.o
 .debug_line    0x000039d8      0x89e C:/Users/wwn24001/Downloads/lab4-game-main/lab4-game-main/nrfx/src/sample/../../build/main.c.o
 .debug_line    0x00004276      0x984 C:/Users/wwn24001/Downloads/lab4-game-main/lab4-game-main/nrfx/src/sample/../../build/chess.c.o
 .debug_line    0x00004bfa      0xcc9 C:/Users/wwn24001/Downloads/lab4-game-main/lab4-game-main/nrfx/src/sample/../../build/goodFuncs.c.o
 .debug_line    0x000058c3      0xe37 C:/Users/wwn24001/Downloads/lab4-game-main/lab4-game-main/nrfx/src/sample/../../build/nrfx_rtc.c.o

.debug_info     0x00000000     0x904d
 .debug_info    0x00000000      0x2d8 C:/Users/wwn24001/Downloads/lab4-game-main/lab4-game-main/nrfx/src/sample/../../build/gcc_startup_nrf5340_application.S.o
 .debug_info    0x000002d8     0x2c1d C:/Users/wwn24001/Downloads/lab4-game-main/lab4-game-main/nrfx/src/sample/../../build/system_nrf5340_application.c.o
 .debug_info    0x00002ef5     0x245c C:/Users/wwn24001/Downloads/lab4-game-main/lab4-game-main/nrfx/src/sample/../../build/nrfx_uarte.c.o
 .debug_info    0x00005351      0x32d C:/Users/wwn24001/Downloads/lab4-game-main/lab4-game-main/nrfx/src/sample/../../build/nrfx_systick.c.o
 .debug_info    0x0000567e      0x399 C:/Users/wwn24001/Downloads/lab4-game-main/lab4-game-main/nrfx/src/sample/../../build/main.c.o
 .debug_info    0x00005a17      0x823 C:/Users/wwn24001/Downloads/lab4-game-main/lab4-game-main/nrfx/src/sample/../../build/chess.c.o
 .debug_info    0x0000623a     0x1aab C:/Users/wwn24001/Downloads/lab4-game-main/lab4-game-main/nrfx/src/sample/../../build/goodFuncs.c.o
 .debug_info    0x00007ce5     0x1368 C:/Users/wwn24001/Downloads/lab4-game-main/lab4-game-main/nrfx/src/sample/../../build/nrfx_rtc.c.o

.debug_abbrev   0x00000000     0x1235
 .debug_abbrev  0x00000000       0x28 C:/Users/wwn24001/Downloads/lab4-game-main/lab4-game-main/nrfx/src/sample/../../build/gcc_startup_nrf5340_application.S.o
 .debug_abbrev  0x00000028      0x251 C:/Users/wwn24001/Downloads/lab4-game-main/lab4-game-main/nrfx/src/sample/../../build/system_nrf5340_application.c.o
 .debug_abbrev  0x00000279      0x3bc C:/Users/wwn24001/Downloads/lab4-game-main/lab4-game-main/nrfx/src/sample/../../build/nrfx_uarte.c.o
 .debug_abbrev  0x00000635      0x1ef C:/Users/wwn24001/Downloads/lab4-game-main/lab4-game-main/nrfx/src/sample/../../build/nrfx_systick.c.o
 .debug_abbrev  0x00000824      0x125 C:/Users/wwn24001/Downloads/lab4-game-main/lab4-game-main/nrfx/src/sample/../../build/main.c.o
 .debug_abbrev  0x00000949      0x1e6 C:/Users/wwn24001/Downloads/lab4-game-main/lab4-game-main/nrfx/src/sample/../../build/chess.c.o
 .debug_abbrev  0x00000b2f      0x3e0 C:/Users/wwn24001/Downloads/lab4-game-main/lab4-game-main/nrfx/src/sample/../../build/goodFuncs.c.o
 .debug_abbrev  0x00000f0f      0x326 C:/Users/wwn24001/Downloads/lab4-game-main/lab4-game-main/nrfx/src/sample/../../build/nrfx_rtc.c.o

.debug_aranges  0x00000000      0xa20
 .debug_aranges
                0x00000000       0x20 C:/Users/wwn24001/Downloads/lab4-game-main/lab4-game-main/nrfx/src/sample/../../build/gcc_startup_nrf5340_application.S.o
 .debug_aranges
                0x00000020      0x398 C:/Users/wwn24001/Downloads/lab4-game-main/lab4-game-main/nrfx/src/sample/../../build/system_nrf5340_application.c.o
 .debug_aranges
                0x000003b8      0x2c0 C:/Users/wwn24001/Downloads/lab4-game-main/lab4-game-main/nrfx/src/sample/../../build/nrfx_uarte.c.o
 .debug_aranges
                0x00000678       0x70 C:/Users/wwn24001/Downloads/lab4-game-main/lab4-game-main/nrfx/src/sample/../../build/nrfx_systick.c.o
 .debug_aranges
                0x000006e8       0x20 C:/Users/wwn24001/Downloads/lab4-game-main/lab4-game-main/nrfx/src/sample/../../build/main.c.o
 .debug_aranges
                0x00000708       0x78 C:/Users/wwn24001/Downloads/lab4-game-main/lab4-game-main/nrfx/src/sample/../../build/chess.c.o
 .debug_aranges
                0x00000780      0x110 C:/Users/wwn24001/Downloads/lab4-game-main/lab4-game-main/nrfx/src/sample/../../build/goodFuncs.c.o
 .debug_aranges
                0x00000890      0x190 C:/Users/wwn24001/Downloads/lab4-game-main/lab4-game-main/nrfx/src/sample/../../build/nrfx_rtc.c.o

.debug_str      0x00000000    0x99a7c
 .debug_str     0x00000000    0x99a7c C:/Users/wwn24001/Downloads/lab4-game-main/lab4-game-main/nrfx/src/sample/../../build/gcc_startup_nrf5340_application.S.o
                                0x44b (size before relaxing)
 .debug_str     0x00099a7c    0x84621 C:/Users/wwn24001/Downloads/lab4-game-main/lab4-game-main/nrfx/src/sample/../../build/system_nrf5340_application.c.o
 .debug_str     0x00099a7c    0x94dc7 C:/Users/wwn24001/Downloads/lab4-game-main/lab4-game-main/nrfx/src/sample/../../build/nrfx_uarte.c.o
 .debug_str     0x00099a7c    0x92c21 C:/Users/wwn24001/Downloads/lab4-game-main/lab4-game-main/nrfx/src/sample/../../build/nrfx_systick.c.o
 .debug_str     0x00099a7c    0x9411a C:/Users/wwn24001/Downloads/lab4-game-main/lab4-game-main/nrfx/src/sample/../../build/main.c.o
 .debug_str     0x00099a7c     0x68a4 C:/Users/wwn24001/Downloads/lab4-game-main/lab4-game-main/nrfx/src/sample/../../build/chess.c.o
 .debug_str     0x00099a7c    0x950c0 C:/Users/wwn24001/Downloads/lab4-game-main/lab4-game-main/nrfx/src/sample/../../build/goodFuncs.c.o
 .debug_str     0x00099a7c    0x93ea2 C:/Users/wwn24001/Downloads/lab4-game-main/lab4-game-main/nrfx/src/sample/../../build/nrfx_rtc.c.o

.debug_rnglists
                0x00000000      0x77b
 .debug_rnglists
                0x00000000      0x2ae C:/Users/wwn24001/Downloads/lab4-game-main/lab4-game-main/nrfx/src/sample/../../build/system_nrf5340_application.c.o
 .debug_rnglists
                0x000002ae      0x216 C:/Users/wwn24001/Downloads/lab4-game-main/lab4-game-main/nrfx/src/sample/../../build/nrfx_uarte.c.o
 .debug_rnglists
                0x000004c4       0x50 C:/Users/wwn24001/Downloads/lab4-game-main/lab4-game-main/nrfx/src/sample/../../build/nrfx_systick.c.o
 .debug_rnglists
                0x00000514       0x14 C:/Users/wwn24001/Downloads/lab4-game-main/lab4-game-main/nrfx/src/sample/../../build/main.c.o
 .debug_rnglists
                0x00000528       0x5f C:/Users/wwn24001/Downloads/lab4-game-main/lab4-game-main/nrfx/src/sample/../../build/chess.c.o
 .debug_rnglists
                0x00000587       0xc9 C:/Users/wwn24001/Downloads/lab4-game-main/lab4-game-main/nrfx/src/sample/../../build/goodFuncs.c.o
 .debug_rnglists
                0x00000650      0x12b C:/Users/wwn24001/Downloads/lab4-game-main/lab4-game-main/nrfx/src/sample/../../build/nrfx_rtc.c.o

.debug_macro    0x00000000    0x19465
 .debug_macro   0x00000000      0x16a C:/Users/wwn24001/Downloads/lab4-game-main/lab4-game-main/nrfx/src/sample/../../build/system_nrf5340_application.c.o
 .debug_macro   0x0000016a      0xaf0 C:/Users/wwn24001/Downloads/lab4-game-main/lab4-game-main/nrfx/src/sample/../../build/system_nrf5340_application.c.o
 .debug_macro   0x00000c5a       0x22 C:/Users/wwn24001/Downloads/lab4-game-main/lab4-game-main/nrfx/src/sample/../../build/system_nrf5340_application.c.o
 .debug_macro   0x00000c7c       0x56 C:/Users/wwn24001/Downloads/lab4-game-main/lab4-game-main/nrfx/src/sample/../../build/system_nrf5340_application.c.o
 .debug_macro   0x00000cd2       0x51 C:/Users/wwn24001/Downloads/lab4-game-main/lab4-game-main/nrfx/src/sample/../../build/system_nrf5340_application.c.o
 .debug_macro   0x00000d23      0x103 C:/Users/wwn24001/Downloads/lab4-game-main/lab4-game-main/nrfx/src/sample/../../build/system_nrf5340_application.c.o
 .debug_macro   0x00000e26       0x6a C:/Users/wwn24001/Downloads/lab4-game-main/lab4-game-main/nrfx/src/sample/../../build/system_nrf5340_application.c.o
 .debug_macro   0x00000e90      0x1df C:/Users/wwn24001/Downloads/lab4-game-main/lab4-game-main/nrfx/src/sample/../../build/system_nrf5340_application.c.o
 .debug_macro   0x0000106f       0x22 C:/Users/wwn24001/Downloads/lab4-game-main/lab4-game-main/nrfx/src/sample/../../build/system_nrf5340_application.c.o
 .debug_macro   0x00001091       0x2e C:/Users/wwn24001/Downloads/lab4-game-main/lab4-game-main/nrfx/src/sample/../../build/system_nrf5340_application.c.o
 .debug_macro   0x000010bf       0x50 C:/Users/wwn24001/Downloads/lab4-game-main/lab4-game-main/nrfx/src/sample/../../build/system_nrf5340_application.c.o
 .debug_macro   0x0000110f       0x1c C:/Users/wwn24001/Downloads/lab4-game-main/lab4-game-main/nrfx/src/sample/../../build/system_nrf5340_application.c.o
 .debug_macro   0x0000112b       0x29 C:/Users/wwn24001/Downloads/lab4-game-main/lab4-game-main/nrfx/src/sample/../../build/system_nrf5340_application.c.o
 .debug_macro   0x00001154       0xfb C:/Users/wwn24001/Downloads/lab4-game-main/lab4-game-main/nrfx/src/sample/../../build/system_nrf5340_application.c.o
 .debug_macro   0x0000124f     0x1685 C:/Users/wwn24001/Downloads/lab4-game-main/lab4-game-main/nrfx/src/sample/../../build/system_nrf5340_application.c.o
 .debug_macro   0x000028d4       0x5e C:/Users/wwn24001/Downloads/lab4-game-main/lab4-game-main/nrfx/src/sample/../../build/system_nrf5340_application.c.o
 .debug_macro   0x00002932      0x7ba C:/Users/wwn24001/Downloads/lab4-game-main/lab4-game-main/nrfx/src/sample/../../build/system_nrf5340_application.c.o
 .debug_macro   0x000030ec    0x1248c C:/Users/wwn24001/Downloads/lab4-game-main/lab4-game-main/nrfx/src/sample/../../build/system_nrf5340_application.c.o
 .debug_macro   0x00015578       0x52 C:/Users/wwn24001/Downloads/lab4-game-main/lab4-game-main/nrfx/src/sample/../../build/system_nrf5340_application.c.o
 .debug_macro   0x000155ca       0x12 C:/Users/wwn24001/Downloads/lab4-game-main/lab4-game-main/nrfx/src/sample/../../build/system_nrf5340_application.c.o
 .debug_macro   0x000155dc       0x6a C:/Users/wwn24001/Downloads/lab4-game-main/lab4-game-main/nrfx/src/sample/../../build/system_nrf5340_application.c.o
 .debug_macro   0x00015646      0x44e C:/Users/wwn24001/Downloads/lab4-game-main/lab4-game-main/nrfx/src/sample/../../build/system_nrf5340_application.c.o
 .debug_macro   0x00015a94      0x5e4 C:/Users/wwn24001/Downloads/lab4-game-main/lab4-game-main/nrfx/src/sample/../../build/system_nrf5340_application.c.o
 .debug_macro   0x00016078      0x2cd C:/Users/wwn24001/Downloads/lab4-game-main/lab4-game-main/nrfx/src/sample/../../build/nrfx_uarte.c.o
 .debug_macro   0x00016345       0x1c C:/Users/wwn24001/Downloads/lab4-game-main/lab4-game-main/nrfx/src/sample/../../build/nrfx_uarte.c.o
 .debug_macro   0x00016361      0x5f9 C:/Users/wwn24001/Downloads/lab4-game-main/lab4-game-main/nrfx/src/sample/../../build/nrfx_uarte.c.o
 .debug_macro   0x0001695a      0x189 C:/Users/wwn24001/Downloads/lab4-game-main/lab4-game-main/nrfx/src/sample/../../build/nrfx_uarte.c.o
 .debug_macro   0x00016ae3       0x7b C:/Users/wwn24001/Downloads/lab4-game-main/lab4-game-main/nrfx/src/sample/../../build/nrfx_uarte.c.o
 .debug_macro   0x00016b5e       0x2a C:/Users/wwn24001/Downloads/lab4-game-main/lab4-game-main/nrfx/src/sample/../../build/nrfx_uarte.c.o
 .debug_macro   0x00016b88       0x3c C:/Users/wwn24001/Downloads/lab4-game-main/lab4-game-main/nrfx/src/sample/../../build/nrfx_uarte.c.o
 .debug_macro   0x00016bc4       0x34 C:/Users/wwn24001/Downloads/lab4-game-main/lab4-game-main/nrfx/src/sample/../../build/nrfx_uarte.c.o
 .debug_macro   0x00016bf8      0x38c C:/Users/wwn24001/Downloads/lab4-game-main/lab4-game-main/nrfx/src/sample/../../build/nrfx_uarte.c.o
 .debug_macro   0x00016f84       0x16 C:/Users/wwn24001/Downloads/lab4-game-main/lab4-game-main/nrfx/src/sample/../../build/nrfx_uarte.c.o
 .debug_macro   0x00016f9a       0x4a C:/Users/wwn24001/Downloads/lab4-game-main/lab4-game-main/nrfx/src/sample/../../build/nrfx_uarte.c.o
 .debug_macro   0x00016fe4       0x34 C:/Users/wwn24001/Downloads/lab4-game-main/lab4-game-main/nrfx/src/sample/../../build/nrfx_uarte.c.o
 .debug_macro   0x00017018       0x10 C:/Users/wwn24001/Downloads/lab4-game-main/lab4-game-main/nrfx/src/sample/../../build/nrfx_uarte.c.o
 .debug_macro   0x00017028       0x58 C:/Users/wwn24001/Downloads/lab4-game-main/lab4-game-main/nrfx/src/sample/../../build/nrfx_uarte.c.o
 .debug_macro   0x00017080      0x1de C:/Users/wwn24001/Downloads/lab4-game-main/lab4-game-main/nrfx/src/sample/../../build/nrfx_uarte.c.o
 .debug_macro   0x0001725e       0x10 C:/Users/wwn24001/Downloads/lab4-game-main/lab4-game-main/nrfx/src/sample/../../build/nrfx_uarte.c.o
 .debug_macro   0x0001726e       0x3c C:/Users/wwn24001/Downloads/lab4-game-main/lab4-game-main/nrfx/src/sample/../../build/nrfx_uarte.c.o
 .debug_macro   0x000172aa       0x7c C:/Users/wwn24001/Downloads/lab4-game-main/lab4-game-main/nrfx/src/sample/../../build/nrfx_uarte.c.o
 .debug_macro   0x00017326       0x17 C:/Users/wwn24001/Downloads/lab4-game-main/lab4-game-main/nrfx/src/sample/../../build/nrfx_uarte.c.o
 .debug_macro   0x0001733d       0xee C:/Users/wwn24001/Downloads/lab4-game-main/lab4-game-main/nrfx/src/sample/../../build/nrfx_uarte.c.o
 .debug_macro   0x0001742b      0xa39 C:/Users/wwn24001/Downloads/lab4-game-main/lab4-game-main/nrfx/src/sample/../../build/nrfx_uarte.c.o
 .debug_macro   0x00017e64       0x64 C:/Users/wwn24001/Downloads/lab4-game-main/lab4-game-main/nrfx/src/sample/../../build/nrfx_uarte.c.o
 .debug_macro   0x00017ec8      0x10f C:/Users/wwn24001/Downloads/lab4-game-main/lab4-game-main/nrfx/src/sample/../../build/nrfx_uarte.c.o
 .debug_macro   0x00017fd7       0xf7 C:/Users/wwn24001/Downloads/lab4-game-main/lab4-game-main/nrfx/src/sample/../../build/nrfx_uarte.c.o
 .debug_macro   0x000180ce       0x34 C:/Users/wwn24001/Downloads/lab4-game-main/lab4-game-main/nrfx/src/sample/../../build/nrfx_uarte.c.o
 .debug_macro   0x00018102       0x4c C:/Users/wwn24001/Downloads/lab4-game-main/lab4-game-main/nrfx/src/sample/../../build/nrfx_uarte.c.o
 .debug_macro   0x0001814e       0x16 C:/Users/wwn24001/Downloads/lab4-game-main/lab4-game-main/nrfx/src/sample/../../build/nrfx_uarte.c.o
 .debug_macro   0x00018164       0x22 C:/Users/wwn24001/Downloads/lab4-game-main/lab4-game-main/nrfx/src/sample/../../build/nrfx_uarte.c.o
 .debug_macro   0x00018186       0x17 C:/Users/wwn24001/Downloads/lab4-game-main/lab4-game-main/nrfx/src/sample/../../build/nrfx_uarte.c.o
 .debug_macro   0x0001819d       0x28 C:/Users/wwn24001/Downloads/lab4-game-main/lab4-game-main/nrfx/src/sample/../../build/nrfx_uarte.c.o
 .debug_macro   0x000181c5       0x7b C:/Users/wwn24001/Downloads/lab4-game-main/lab4-game-main/nrfx/src/sample/../../build/nrfx_uarte.c.o
 .debug_macro   0x00018240       0x41 C:/Users/wwn24001/Downloads/lab4-game-main/lab4-game-main/nrfx/src/sample/../../build/nrfx_uarte.c.o
 .debug_macro   0x00018281      0x29f C:/Users/wwn24001/Downloads/lab4-game-main/lab4-game-main/nrfx/src/sample/../../build/nrfx_systick.c.o