Archive member included to satisfy reference by file (symbol)

C:/Apps/arm-toolchain/bin/../lib/gcc/arm-none-eabi/13.2.1/thumb/v8-m.main+fp/hard\libc_nano.a(libc_a-assert.o)
                              C:/Users/hbd24004/Desktop/Laboration-4/nrfx/src/sample/../../build/list.c.o (__assert_func)
C:/Apps/arm-toolchain/bin/../lib/gcc/arm-none-eabi/13.2.1/thumb/v8-m.main+fp/hard\libc_nano.a(libc_a-atoi.o)
                              C:/Users/hbd24004/Desktop/Laboration-4/nrfx/src/sample/../../build/goodFuncs.c.o (atoi)
C:/Apps/arm-toolchain/bin/../lib/gcc/arm-none-eabi/13.2.1/thumb/v8-m.main+fp/hard\libc_nano.a(libc_a-exit.o)
                              C:/Apps/arm-toolchain/bin/../lib/gcc/arm-none-eabi/13.2.1/thumb/v8-m.main+fp/hard/crt0.o (exit)
C:/Apps/arm-toolchain/bin/../lib/gcc/arm-none-eabi/13.2.1/thumb/v8-m.main+fp/hard\libc_nano.a(libc_a-malloc.o)
                              C:/Users/hbd24004/Desktop/Laboration-4/nrfx/src/sample/../../build/list.c.o (malloc)
C:/Apps/arm-toolchain/bin/../lib/gcc/arm-none-eabi/13.2.1/thumb/v8-m.main+fp/hard\libc_nano.a(libc_a-mallocr.o)
                              C:/Apps/arm-toolchain/bin/../lib/gcc/arm-none-eabi/13.2.1/thumb/v8-m.main+fp/hard\libc_nano.a(libc_a-malloc.o) (_malloc_r)
C:/Apps/arm-toolchain/bin/../lib/gcc/arm-none-eabi/13.2.1/thumb/v8-m.main+fp/hard\libc_nano.a(libc_a-mlock.o)
                              C:/Apps/arm-toolchain/bin/../lib/gcc/arm-none-eabi/13.2.1/thumb/v8-m.main+fp/hard\libc_nano.a(libc_a-mallocr.o) (__malloc_lock)
C:/Apps/arm-toolchain/bin/../lib/gcc/arm-none-eabi/13.2.1/thumb/v8-m.main+fp/hard\libc_nano.a(libc_a-rand.o)
                              C:/Users/hbd24004/Desktop/Laboration-4/nrfx/src/sample/../../build/goodFuncs.c.o (srand)
C:/Apps/arm-toolchain/bin/../lib/gcc/arm-none-eabi/13.2.1/thumb/v8-m.main+fp/hard\libc_nano.a(libc_a-strtol.o)
                              C:/Apps/arm-toolchain/bin/../lib/gcc/arm-none-eabi/13.2.1/thumb/v8-m.main+fp/hard\libc_nano.a(libc_a-atoi.o) (_strtol_r)
C:/Apps/arm-toolchain/bin/../lib/gcc/arm-none-eabi/13.2.1/thumb/v8-m.main+fp/hard\libc_nano.a(libc_a-ctype_.o)
                              C:/Apps/arm-toolchain/bin/../lib/gcc/arm-none-eabi/13.2.1/thumb/v8-m.main+fp/hard\libc_nano.a(libc_a-strtol.o) (_ctype_)
C:/Apps/arm-toolchain/bin/../lib/gcc/arm-none-eabi/13.2.1/thumb/v8-m.main+fp/hard\libc_nano.a(libc_a-findfp.o)
                              C:/Apps/arm-toolchain/bin/../lib/gcc/arm-none-eabi/13.2.1/thumb/v8-m.main+fp/hard\libc_nano.a(libc_a-exit.o) (__stdio_exit_handler)
C:/Apps/arm-toolchain/bin/../lib/gcc/arm-none-eabi/13.2.1/thumb/v8-m.main+fp/hard\libc_nano.a(libc_a-fprintf.o)
                              C:/Apps/arm-toolchain/bin/../lib/gcc/arm-none-eabi/13.2.1/thumb/v8-m.main+fp/hard\libc_nano.a(libc_a-assert.o) (fiprintf)
C:/Apps/arm-toolchain/bin/../lib/gcc/arm-none-eabi/13.2.1/thumb/v8-m.main+fp/hard\libc_nano.a(libc_a-fwalk.o)
                              C:/Apps/arm-toolchain/bin/../lib/gcc/arm-none-eabi/13.2.1/thumb/v8-m.main+fp/hard\libc_nano.a(libc_a-findfp.o) (_fwalk_sglue)
C:/Apps/arm-toolchain/bin/../lib/gcc/arm-none-eabi/13.2.1/thumb/v8-m.main+fp/hard\libc_nano.a(libc_a-printf.o)
                              C:/Users/hbd24004/Desktop/Laboration-4/nrfx/src/sample/../../build/main.c.o (printf)
C:/Apps/arm-toolchain/bin/../lib/gcc/arm-none-eabi/13.2.1/thumb/v8-m.main+fp/hard\libc_nano.a(libc_a-sprintf.o)
                              C:/Users/hbd24004/Desktop/Laboration-4/nrfx/src/sample/../../build/goodFuncs.c.o (sprintf)
C:/Apps/arm-toolchain/bin/../lib/gcc/arm-none-eabi/13.2.1/thumb/v8-m.main+fp/hard\libc_nano.a(libc_a-stdio.o)
                              C:/Apps/arm-toolchain/bin/../lib/gcc/arm-none-eabi/13.2.1/thumb/v8-m.main+fp/hard\libc_nano.a(libc_a-findfp.o) (__sread)
C:/Apps/arm-toolchain/bin/../lib/gcc/arm-none-eabi/13.2.1/thumb/v8-m.main+fp/hard\libc_nano.a(libc_a-memset.o)
                              C:/Apps/arm-toolchain/bin/../lib/gcc/arm-none-eabi/13.2.1/thumb/v8-m.main+fp/hard/crt0.o (memset)
C:/Apps/arm-toolchain/bin/../lib/gcc/arm-none-eabi/13.2.1/thumb/v8-m.main+fp/hard\libc_nano.a(libc_a-closer.o)
                              C:/Apps/arm-toolchain/bin/../lib/gcc/arm-none-eabi/13.2.1/thumb/v8-m.main+fp/hard\libc_nano.a(libc_a-stdio.o) (_close_r)
C:/Apps/arm-toolchain/bin/../lib/gcc/arm-none-eabi/13.2.1/thumb/v8-m.main+fp/hard\libc_nano.a(libc_a-reent.o)
                              C:/Apps/arm-toolchain/bin/../lib/gcc/arm-none-eabi/13.2.1/thumb/v8-m.main+fp/hard\libc_nano.a(libc_a-closer.o) (errno)
C:/Apps/arm-toolchain/bin/../lib/gcc/arm-none-eabi/13.2.1/thumb/v8-m.main+fp/hard\libc_nano.a(libc_a-impure.o)
                              C:/Apps/arm-toolchain/bin/../lib/gcc/arm-none-eabi/13.2.1/thumb/v8-m.main+fp/hard\libc_nano.a(libc_a-assert.o) (_impure_ptr)
C:/Apps/arm-toolchain/bin/../lib/gcc/arm-none-eabi/13.2.1/thumb/v8-m.main+fp/hard\libc_nano.a(libc_a-lseekr.o)
[...]
Memory Configuration

Name             Origin             Length             Attributes
FLASH            0x00000000         0x00100000         xr
EXTFLASH         0x10000000         0x08000000         xr
RAM              0x20000000         0x00040000         xrw
RAM1             0x20040000         0x0003f000         xrw
*default*        0x00000000         0xffffffff

Linker script and memory map

LOAD C:/Apps/arm-toolchain/bin/../lib/gcc/arm-none-eabi/13.2.1/thumb/v8-m.main+fp/hard/crti.o
LOAD C:/Apps/arm-toolchain/bin/../lib/gcc/arm-none-eabi/13.2.1/thumb/v8-m.main+fp/hard/crtbegin.o
LOAD C:/Apps/arm-toolchain/bin/../lib/gcc/arm-none-eabi/13.2.1/thumb/v8-m.main+fp/hard/crt0.o
LOAD C:/Users/hbd24004/Desktop/Laboration-4/nrfx/src/sample/../../build/gcc_startup_nrf5340_application.S.o
LOAD C:/Users/hbd24004/Desktop/Laboration-4/nrfx/src/sample/../../build/system_nrf5340_application.c.o
LOAD C:/Users/hbd24004/Desktop/Laboration-4/nrfx/src/sample/../../build/nrfx_uarte.c.o
LOAD C:/Users/hbd24004/Desktop/Laboration-4/nrfx/src/sample/../../build/nrfx_systick.c.o
LOAD C:/Users/hbd24004/Desktop/Laboration-4/nrfx/src/sample/../../build/main.c.o
LOAD C:/Users/hbd24004/Desktop/Laboration-4/nrfx/src/sample/../../build/list.c.o
LOAD C:/Users/hbd24004/Desktop/Laboration-4/nrfx/src/sample/../../build/goodFuncs.c.o
LOAD C:/Users/hbd24004/Desktop/Laboration-4/nrfx/src/sample/../../build/lab32.c.o
LOAD C:/Users/hbd24004/Desktop/Laboration-4/nrfx/src/sample/../../build/nrfx_rtc.c.o
LOAD C:/Apps/arm-toolchain/bin/../lib/gcc/arm-none-eabi/13.2.1/thumb/v8-m.main+fp/hard\libc_nano.a
LOAD C:/Apps/arm-toolchain/bin/../lib/gcc/arm-none-eabi/13.2.1/thumb/v8-m.main+fp/hard\libnosys.a
LOAD C:/Apps/arm-toolchain/bin/../lib/gcc/arm-none-eabi/13.2.1/thumb/v8-m.main+fp/hard\libm.a
START GROUP
LOAD C:/Apps/arm-toolchain/bin/../lib/gcc/arm-none-eabi/13.2.1/thumb/v8-m.main+fp/hard\libgcc.a
LOAD C:/Apps/arm-toolchain/bin/../lib/gcc/arm-none-eabi/13.2.1/thumb/v8-m.main+fp/hard\libg_nano.a
LOAD C:/Apps/arm-toolchain/bin/../lib/gcc/arm-none-eabi/13.2.1/thumb/v8-m.main+fp/hard\libc_nano.a
END GROUP
START GROUP
LOAD C:/Apps/arm-toolchain/bin/../lib/gcc/arm-none-eabi/13.2.1/thumb/v8-m.main+fp/hard\libgcc.a
LOAD C:/Apps/arm-toolchain/bin/../lib/gcc/arm-none-eabi/13.2.1/thumb/v8-m.main+fp/hard\libc_nano.a
END GROUP
LOAD C:/Apps/arm-toolchain/bin/../lib/gcc/arm-none-eabi/13.2.1/thumb/v8-m.main+fp/hard/crtend.o
LOAD C:/Apps/arm-toolchain/bin/../lib/gcc/arm-none-eabi/13.2.1/thumb/v8-m.main+fp/hard/crtn.o
START GROUP
LOAD C:/Apps/arm-toolchain/bin/../lib/gcc/arm-none-eabi/13.2.1/thumb/v8-m.main+fp/hard\libgcc.a
LOAD C:/Apps/arm-toolchain/bin/../lib/gcc/arm-none-eabi/13.2.1/thumb/v8-m.main+fp/hard\libc.a
LOAD C:/Apps/arm-toolchain/bin/../lib/gcc/arm-none-eabi/13.2.1/thumb/v8-m.main+fp/hard\libnosys.a
END GROUP
                0x00000000                        . = ALIGN (ORIGIN (FLASH), 0x4)

.vectors        0x00000000      0x400
                0x00000000                        __vectors_start = .
 *(.isr_vector)
 .isr_vector    0x00000000      0x400 C:/Users/hbd24004/Desktop/Laboration-4/nrfx/src/sample/../../build/gcc_startup_nrf5340_application.S.o
                0x00000000                __isr_vector
 *(.vectors)
                0x00000400                        __vectors_size = SIZEOF (.vectors)
                0x00000400                        __vectors_end = (__vectors_start + __vectors_size)
                0x00000001                        ASSERT (((__vectors_start == __vectors_end) || ((__vectors_end - ORIGIN (FLASH)) <= LENGTH (FLASH))), error: .vectors is too large to fit in FLASH memory segment)
                0x00000400                        . = ALIGN (0x4)

.ctors          0x00000400        0x0
                0x00000400                        __ctors_start = .
                0x00000400                        __CTOR_LIST__ = .
 *crtbegin*.o(.ctors)
 *(EXCLUDE_FILE(*crtend*.o) .ctors)
 *(SORT_BY_NAME(.ctors.*))
 *(.ctors)
                0x00000400                        __CTOR_END__ = .
                0x00000000                        __ctors_size = SIZEOF (.ctors)
                0x00000400                        __ctors_end = (__ctors_start + __ctors_size)
                0x00000001                        ASSERT (((__ctors_start == __ctors_end) || ((__ctors_end - ORIGIN (FLASH)) <= LENGTH (FLASH))), error: .ctors is too large to fit in FLASH memory segment)
                0x00000400                        . = ALIGN (0x4)

.dtors          0x00000400        0x0
                0x00000400                        __dtors_start = .
                0x00000400                        __DTOR_LIST__ = .
 *crtbegin*.o(.dtors)
 *(EXCLUDE_FILE(*crtend*.o) .dtors)
 *(SORT_BY_NAME(.dtors.*))
 *(.dtors)
                0x00000400                        __DTOR_END__ = .
                0x00000000                        __dtors_size = SIZEOF (.dtors)
                0x00000400                        __dtors_end = (__dtors_start + __dtors_size)
                0x00000001                        ASSERT (((__dtors_start == __dtors_end) || ((__dtors_end - ORIGIN (FLASH)) <= LENGTH (FLASH))), error: .dtors is too large to fit in FLASH memory segment)
                0x00000400                        . = ALIGN (0x4)

.rodata         0x00000400      0x883
                0x00000400                        . = ALIGN (0x4)
                0x00000400                        __rodata_start = .
 *(.rodata*)
 .rodata        0x00000400      0x650 C:/Users/hbd24004/Desktop/Laboration-4/nrfx/src/sample/../../build/main.c.o
 .rodata        0x00000a50       0x2d C:/Users/hbd24004/Desktop/Laboration-4/nrfx/src/sample/../../build/list.c.o
 *fill*         0x00000a7d        0x3 
 .rodata        0x00000a80       0x1c C:/Users/hbd24004/Desktop/Laboration-4/nrfx/src/sample/../../build/goodFuncs.c.o
 .rodata        0x00000a9c        0x7 C:/Users/hbd24004/Desktop/Laboration-4/nrfx/src/sample/../../build/lab32.c.o
 .rodata.__assert_func.str1.1
                0x00000aa3       0xdf C:/Apps/arm-toolchain/bin/../lib/gcc/arm-none-eabi/13.2.1/thumb/v8-m.main+fp/hard\libc_nano.a(libc_a-assert.o)
                                 0x3d (size before relaxing)
 .rodata.srand.str1.1
                0x00000b82       0x70 C:/Apps/arm-toolchain/bin/../lib/gcc/arm-none-eabi/13.2.1/thumb/v8-m.main+fp/hard\libc_nano.a(libc_a-rand.o)
 .rodata._ctype_
                0x00000b82      0x101 C:/Apps/arm-toolchain/bin/../lib/gcc/arm-none-eabi/13.2.1/thumb/v8-m.main+fp/hard\libc_nano.a(libc_a-ctype_.o)
                0x00000b82                _ctype_
 .rodata._svfprintf_r.str1.1
                0x00000c83       0x11 C:/Apps/arm-toolchain/bin/../lib/gcc/arm-none-eabi/13.2.1/thumb/v8-m.main+fp/hard\libc_nano.a(libc_a-nano-svfprintf.o)
 .rodata._vfprintf_r.str1.1
                0x00000c83       0x11 C:/Apps/arm-toolchain/bin/../lib/gcc/arm-none-eabi/13.2.1/thumb/v8-m.main+fp/hard\libc_nano.a(libc_a-nano-vfprintf.o)
 .rodata._printf_i.str1.1
                0x00000c83       0x22 C:/Apps/arm-toolchain/bin/../lib/gcc/arm-none-eabi/13.2.1/thumb/v8-m.main+fp/hard\libc_nano.a(libc_a-nano-vfprintf_i.o)
 *(.srodata .srodata.*)
                0x00000883                        __rodata_size = SIZEOF (.rodata)
                0x00000c83                        __rodata_end = (__rodata_start + __rodata_size)
                0x00000001                        ASSERT (((__rodata_start == __rodata_end) || ((__rodata_end - ORIGIN (FLASH)) <= LENGTH (FLASH))), error: .rodata is too large to fit in FLASH memory segment)

.ARM.exidx      0x00000c84        0x8
 .ARM.exidx     0x00000c84        0x8 C:/Apps/arm-toolchain/bin/../lib/gcc/arm-none-eabi/13.2.1/thumb/v8-m.main+fp/hard/crt0.o
                                 0x10 (size before relaxing)
 .ARM.exidx     0x00000c8c        0x0 C:/Apps/arm-toolchain/bin/../lib/gcc/arm-none-eabi/13.2.1/thumb/v8-m.main+fp/hard\libc_nano.a(libc_a-strlen.o)
                                  0x8 (size before relaxing)
                0x00000c8c                        . = ALIGN (0x4)

.text           0x00000c8c     0x46d0
                0x00000c8c                        __text_start = .
 *(.startup)
 *(.startup*)
 *(.text*)
 .text.deregister_tm_clones
                0x00000c8c       0x1c C:/Apps/arm-toolchain/bin/../lib/gcc/arm-none-eabi/13.2.1/thumb/v8-m.main+fp/hard/crtbegin.o
 .text.register_tm_clones
                0x00000ca8       0x28 C:/Apps/arm-toolchain/bin/../lib/gcc/arm-none-eabi/13.2.1/thumb/v8-m.main+fp/hard/crtbegin.o
 .text.__do_global_dtors_aux
                0x00000cd0       0x28 C:/Apps/arm-toolchain/bin/../lib/gcc/arm-none-eabi/13.2.1/thumb/v8-m.main+fp/hard/crtbegin.o
 .text.frame_dummy
                0x00000cf8       0x24 C:/Apps/arm-toolchain/bin/../lib/gcc/arm-none-eabi/13.2.1/thumb/v8-m.main+fp/hard/crtbegin.o
 .text          0x00000d1c       0x7c C:/Apps/arm-toolchain/bin/../lib/gcc/arm-none-eabi/13.2.1/thumb/v8-m.main+fp/hard/crt0.o
                0x00000d1c                _stack_init
                0x00000d24                _start
                0x00000d24                _mainCRTStartup
 .text          0x00000d98       0x88 C:/Users/hbd24004/Desktop/Laboration-4/nrfx/src/sample/../../build/gcc_startup_nrf5340_application.S.o
                0x00000d98                Reset_Handler
                0x00000e08                NMI_Handler
                0x00000e0a                HardFault_Handler
                0x00000e0c                MemoryManagement_Handler
                0x00000e0e                BusFault_Handler
                0x00000e10                UsageFault_Handler
                0x00000e12                SecureFault_Handler
                0x00000e14                SVC_Handler
                0x00000e16                DebugMon_Handler
                0x00000e18                PendSV_Handler
                0x00000e1a                SysTick_Handler
                0x00000e1c                WDT0_IRQHandler
                0x00000e1c                I2S0_IRQHandler
                0x00000e1c                IPC_IRQHandler
                0x00000e1c                RTC0_IRQHandler
                0x00000e1c                PWM3_IRQHandler
                0x00000e1c                SERIAL3_IRQHandler
                0x00000e1c                FPU_IRQHandler
                0x00000e1c                USBD_IRQHandler
                0x00000e1c                SERIAL2_IRQHandler
                0x00000e1c                EGU3_IRQHandler
                0x00000e1c                KMU_IRQHandler
                0x00000e1c                CRYPTOCELL_IRQHandler
                0x00000e1c                EGU2_IRQHandler
                0x00000e1c                SPIM4_IRQHandler
                0x00000e1c                QDEC1_IRQHandler
                0x00000e1c                CACHE_IRQHandler
                0x00000e1c                EGU4_IRQHandler
                0x00000e1c                SPU_IRQHandler
                0x00000e1c                EGU0_IRQHandler
                0x00000e1c                GPIOTE1_IRQHandler
                0x00000e1c                TIMER1_IRQHandler
                0x00000e1c                PWM2_IRQHandler
                0x00000e1c                PWM1_IRQHandler
                0x00000e1c                Default_Handler
                0x00000e1c                EGU1_IRQHandler
                0x00000e1c                EGU5_IRQHandler
                0x00000e1c                SAADC_IRQHandler
                0x00000e1c                GPIOTE0_IRQHandler
                0x00000e1c                SERIAL1_IRQHandler
                0x00000e1c                QDEC0_IRQHandler
                0x00000e1c                PWM0_IRQHandler
                0x00000e1c                RTC1_IRQHandler
                0x00000e1c                SERIAL0_IRQHandler
                0x00000e1c                USBREGULATOR_IRQHandler
                0x00000e1c                NFCT_IRQHandler
                0x00000e1c                WDT1_IRQHandler
                0x00000e1c                TIMER0_IRQHandler
                0x00000e1c                TIMER2_IRQHandler
                0x00000e1c                QSPI_IRQHandler
                0x00000e1c                COMP_LPCOMP_IRQHandler
                0x00000e1c                CLOCK_POWER_IRQHandler
                0x00000e1c                PDM0_IRQHandler
 .text.nrf53_errata_42
                0x00000e20       0x64 C:/Users/hbd24004/Desktop/Laboration-4/nrfx/src/sample/../../build/system_nrf5340_application.c.o
 .text.nrf53_errata_46
                0x00000e84       0x64 C:/Users/hbd24004/Desktop/Laboration-4/nrfx/src/sample/../../build/system_nrf5340_application.c.o
 .text.nrf53_errata_49
                0x00000ee8       0x64 C:/Users/hbd24004/Desktop/Laboration-4/nrfx/src/sample/../../build/system_nrf5340_application.c.o
 .text.nrf53_errata_55
                0x00000f4c       0x64 C:/Users/hbd24004/Desktop/Laboration-4/nrfx/src/sample/../../build/system_nrf5340_application.c.o
 .text.nrf53_errata_64
                0x00000fb0       0x64 C:/Users/hbd24004/Desktop/Laboration-4/nrfx/src/sample/../../build/system_nrf5340_application.c.o
 .text.nrf53_errata_69
                0x00001014       0x64 C:/Users/hbd24004/Desktop/Laboration-4/nrfx/src/sample/../../build/system_nrf5340_application.c.o
 .text.nrf53_errata_97
                0x00001078       0x64 C:/Users/hbd24004/Desktop/Laboration-4/nrfx/src/sample/../../build/system_nrf5340_application.c.o
 .text.nrf53_errata_140
                0x000010dc       0x64 C:/Users/hbd24004/Desktop/Laboration-4/nrfx/src/sample/../../build/system_nrf5340_application.c.o
 .text.nrf53_errata_160
                0x00001140       0x64 C:/Users/hbd24004/Desktop/Laboration-4/nrfx/src/sample/../../build/system_nrf5340_application.c.o
 .text.nrf53_handle_approtect
                0x000011a4       0x2c C:/Users/hbd24004/Desktop/Laboration-4/nrfx/src/sample/../../build/system_nrf5340_application.c.o
 .text.SystemInit
                0x000011d0      0x224 C:/Users/hbd24004/Desktop/Laboration-4/nrfx/src/sample/../../build/system_nrf5340_application.c.o
                0x000011d0                SystemInit
 .text.SystemStoreFICRNS
                0x000013f4       0x64 C:/Users/hbd24004/Desktop/Laboration-4/nrfx/src/sample/../../build/system_nrf5340_application.c.o
                0x000013f4                SystemStoreFICRNS
 .text.nrf_event_readback
                0x00001458       0x18 C:/Users/hbd24004/Desktop/Laboration-4/nrfx/src/sample/../../build/nrfx_uarte.c.o
 .text.nrf_barrier_w
                0x00001470        0xe C:/Users/hbd24004/Desktop/Laboration-4/nrfx/src/sample/../../build/nrfx_uarte.c.o
 .text.nrf_barrier_r
                0x0000147e        0xe C:/Users/hbd24004/Desktop/Laboration-4/nrfx/src/sample/../../build/nrfx_uarte.c.o
 .text.nrf_barrier_rw
                0x0000148c        0xe C:/Users/hbd24004/Desktop/Laboration-4/nrfx/src/sample/../../build/nrfx_uarte.c.o
 .text.nrf_dma_accessible_check
                0x0000149a       0x28 C:/Users/hbd24004/Desktop/Laboration-4/nrfx/src/sample/../../build/nrfx_uarte.c.o
 .text.nrf_uarte_event_clear
                0x000014c2       0x2a C:/Users/hbd24004/Desktop/Laboration-4/nrfx/src/sample/../../build/nrfx_uarte.c.o
 .text.nrf_uarte_event_check
                0x000014ec       0x2a C:/Users/hbd24004/Desktop/Laboration-4/nrfx/src/sample/../../build/nrfx_uarte.c.o
 .text.nrf_uarte_shorts_enable
                0x00001516       0x26 C:/Users/hbd24004/Desktop/Laboration-4/nrfx/src/sample/../../build/nrfx_uarte.c.o
 .text.nrf_uarte_int_enable
                0x0000153c       0x1e C:/Users/hbd24004/Desktop/Laboration-4/nrfx/src/sample/../../build/nrfx_uarte.c.o
 .text.nrf_uarte_int_disable
                0x0000155a       0x1e C:/Users/hbd24004/Desktop/Laboration-4/nrfx/src/sample/../../build/nrfx_uarte.c.o
 .text.nrf_uarte_errorsrc_get_and_clear
                0x00001578       0x26 C:/Users/hbd24004/Desktop/Laboration-4/nrfx/src/sample/../../build/nrfx_uarte.c.o
 .text.nrf_uarte_enable
                0x0000159e       0x1c C:/Users/hbd24004/Desktop/Laboration-4/nrfx/src/sample/../../build/nrfx_uarte.c.o
 .text.nrf_uarte_disable
                0x000015ba       0x1c C:/Users/hbd24004/Desktop/Laboration-4/nrfx/src/sample/../../build/nrfx_uarte.c.o
 .text.nrf_uarte_txrx_pins_set
                0x000015d6       0x28 C:/Users/hbd24004/Desktop/Laboration-4/nrfx/src/sample/../../build/nrfx_uarte.c.o
 .text.nrf_uarte_hwfc_pins_set
                0x000015fe       0x28 C:/Users/hbd24004/Desktop/Laboration-4/nrfx/src/sample/../../build/nrfx_uarte.c.o
 .text.nrf_uarte_task_trigger
                0x00001626       0x22 C:/Users/hbd24004/Desktop/Laboration-4/nrfx/src/sample/../../build/nrfx_uarte.c.o
 .text.nrf_uarte_configure
                0x00001648       0x36 C:/Users/hbd24004/Desktop/Laboration-4/nrfx/src/sample/../../build/nrfx_uarte.c.o
 .text.nrf_uarte_baudrate_set
                0x0000167e       0x1e C:/Users/hbd24004/Desktop/Laboration-4/nrfx/src/sample/../../build/nrfx_uarte.c.o
 .text.nrf_uarte_tx_buffer_set
                0x0000169c       0x28 C:/Users/hbd24004/Desktop/Laboration-4/nrfx/src/sample/../../build/nrfx_uarte.c.o
 .text.nrf_uarte_rx_buffer_set
                0x000016c4       0x28 C:/Users/hbd24004/Desktop/Laboration-4/nrfx/src/sample/../../build/nrfx_uarte.c.o
 .text.nrf_uarte_rx_amount_get
                0x000016ec       0x1a C:/Users/hbd24004/Desktop/Laboration-4/nrfx/src/sample/../../build/nrfx_uarte.c.o
 .text.nrfy_uarte_periph_configure
                0x00001706       0x72 C:/Users/hbd24004/Desktop/Laboration-4/nrfx/src/sample/../../build/nrfx_uarte.c.o
 .text.nrfy_uarte_int_init
                0x00001778       0xb8 C:/Users/hbd24004/Desktop/Laboration-4/nrfx/src/sample/../../build/nrfx_uarte.c.o
 .text.nrfy_uarte_events_process
                0x00001830       0x26 C:/Users/hbd24004/Desktop/Laboration-4/nrfx/src/sample/../../build/nrfx_uarte.c.o
 .text.nrfy_uarte_stop
                0x00001856       0x60 C:/Users/hbd24004/Desktop/Laboration-4/nrfx/src/sample/../../build/nrfx_uarte.c.o
 *fill*         0x000018b6        0x2 
 .text.nrfy_uarte_tx_start
                0x000018b8       0x4c C:/Users/hbd24004/Desktop/Laboration-4/nrfx/src/sample/../../build/nrfx_uarte.c.o
 .text.nrfy_uarte_rx_start
                0x00001904       0x48 C:/Users/hbd24004/Desktop/Laboration-4/nrfx/src/sample/../../build/nrfx_uarte.c.o
 .text.nrfy_uarte_event_clear
                0x0000194c       0x22 C:/Users/hbd24004/Desktop/Laboration-4/nrfx/src/sample/../../build/nrfx_uarte.c.o
 .text.nrfy_uarte_shorts_enable
                0x0000196e       0x1e C:/Users/hbd24004/Desktop/Laboration-4/nrfx/src/sample/../../build/nrfx_uarte.c.o
 .text.nrfy_uarte_int_enable
                0x0000198c       0x1e C:/Users/hbd24004/Desktop/Laboration-4/nrfx/src/sample/../../build/nrfx_uarte.c.o
 .text.nrfy_uarte_int_disable
                0x000019aa       0x1e C:/Users/hbd24004/Desktop/Laboration-4/nrfx/src/sample/../../build/nrfx_uarte.c.o
 .text.nrfy_uarte_errorsrc_get_and_clear
                0x000019c8       0x22 C:/Users/hbd24004/Desktop/Laboration-4/nrfx/src/sample/../../build/nrfx_uarte.c.o
 .text.nrfy_uarte_enable
                0x000019ea       0x1a C:/Users/hbd24004/Desktop/Laboration-4/nrfx/src/sample/../../build/nrfx_uarte.c.o
 .text.nrfy_uarte_disable
                0x00001a04       0x1a C:/Users/hbd24004/Desktop/Laboration-4/nrfx/src/sample/../../build/nrfx_uarte.c.o
 .text.nrfy_uarte_task_trigger
                0x00001a1e       0x22 C:/Users/hbd24004/Desktop/Laboration-4/nrfx/src/sample/../../build/nrfx_uarte.c.o
 .text.nrfy_uarte_tx_buffer_set
                0x00001a40       0x28 C:/Users/hbd24004/Desktop/Laboration-4/nrfx/src/sample/../../build/nrfx_uarte.c.o
 .text.nrfy_uarte_rx_buffer_set
                0x00001a68       0x22 C:/Users/hbd24004/Desktop/Laboration-4/nrfx/src/sample/../../build/nrfx_uarte.c.o
 .text.__nrfy_internal_uarte_event_enabled_clear
                0x00001a8a       0x38 C:/Users/hbd24004/Desktop/Laboration-4/nrfx/src/sample/../../build/nrfx_uarte.c.o
 .text.__nrfy_internal_uarte_event_handle
                0x00001ac2       0x6e C:/Users/hbd24004/Desktop/Laboration-4/nrfx/src/sample/../../build/nrfx_uarte.c.o
 .text.__nrfy_internal_uarte_events_process
                0x00001b30       0xf2 C:/Users/hbd24004/Desktop/Laboration-4/nrfx/src/sample/../../build/nrfx_uarte.c.o
 *fill*         0x00001c22        0x2 
 .text.nrf_gpio_pin_port_decode
                0x00001c24       0x3c C:/Users/hbd24004/Desktop/Laboration-4/nrfx/src/sample/../../build/nrfx_uarte.c.o
 .text.nrf_gpio_cfg
                0x00001c60       0x7c C:/Users/hbd24004/Desktop/Laboration-4/nrfx/src/sample/../../build/nrfx_uarte.c.o
 .text.nrf_gpio_cfg_output
                0x00001cdc       0x24 C:/Users/hbd24004/Desktop/Laboration-4/nrfx/src/sample/../../build/nrfx_uarte.c.o
 .text.nrf_gpio_cfg_input
                0x00001d00       0x28 C:/Users/hbd24004/Desktop/Laboration-4/nrfx/src/sample/../../build/nrfx_uarte.c.o
 .text.nrf_gpio_pin_set
                0x00001d28       0x2a C:/Users/hbd24004/Desktop/Laboration-4/nrfx/src/sample/../../build/nrfx_uarte.c.o
 .text.nrf_gpio_port_out_set
                0x00001d52       0x1c C:/Users/hbd24004/Desktop/Laboration-4/nrfx/src/sample/../../build/nrfx_uarte.c.o
 .text.nrf_gpio_pin_port_number_extract
                0x00001d6e       0x28 C:/Users/hbd24004/Desktop/Laboration-4/nrfx/src/sample/../../build/nrfx_uarte.c.o
 .text.nrfy_gpio_cfg_output
                0x00001d96       0x1a C:/Users/hbd24004/Desktop/Laboration-4/nrfx/src/sample/../../build/nrfx_uarte.c.o
 .text.nrfy_gpio_cfg_input
                0x00001db0       0x22 C:/Users/hbd24004/Desktop/Laboration-4/nrfx/src/sample/../../build/nrfx_uarte.c.o
 .text.nrfy_gpio_pin_set
                0x00001dd2       0x1a C:/Users/hbd24004/Desktop/Laboration-4/nrfx/src/sample/../../build/nrfx_uarte.c.o
 .text.uarte_configure
                0x00001dec      0x138 C:/Users/hbd24004/Desktop/Laboration-4/nrfx/src/sample/../../build/nrfx_uarte.c.o
 .text.apply_workaround_for_enable_anomaly
                0x00001f24       0x8e C:/Users/hbd24004/Desktop/Laboration-4/nrfx/src/sample/../../build/nrfx_uarte.c.o
 *fill*         0x00001fb2        0x2 
 .text.nrfx_uarte_init
                0x00001fb4       0xb4 C:/Users/hbd24004/Desktop/Laboration-4/nrfx/src/sample/../../build/nrfx_uarte.c.o
                0x00001fb4                nrfx_uarte_init
 .text.nrfx_uarte_tx
                0x00002068       0xf8 C:/Users/hbd24004/Desktop/Laboration-4/nrfx/src/sample/../../build/nrfx_uarte.c.o
                0x00002068                nrfx_uarte_tx
 .text.nrfx_uarte_tx_in_progress
                0x00002160       0x38 C:/Users/hbd24004/Desktop/Laboration-4/nrfx/src/sample/../../build/nrfx_uarte.c.o
                0x00002160                nrfx_uarte_tx_in_progress
 .text.nrfx_uarte_rx
                0x00002198      0x194 C:/Users/hbd24004/Desktop/Laboration-4/nrfx/src/sample/../../build/nrfx_uarte.c.o
                0x00002198                nrfx_uarte_rx
 .text.nrf_systick_csr_set
                0x0000232c       0x20 C:/Users/hbd24004/Desktop/Laboration-4/nrfx/src/sample/../../build/nrfx_systick.c.o
 .text.nrf_systick_load_set
                0x0000234c       0x20 C:/Users/hbd24004/Desktop/Laboration-4/nrfx/src/sample/../../build/nrfx_systick.c.o
 .text.nrfx_systick_init
                0x0000236c       0x16 C:/Users/hbd24004/Desktop/Laboration-4/nrfx/src/sample/../../build/nrfx_systick.c.o
                0x0000236c                nrfx_systick_init
 *fill*         0x00002382        0x2 
 .text.nrf_systick_val_get
                0x00002384       0x18 C:/Users/hbd24004/Desktop/Laboration-4/nrfx/src/sample/../../build/main.c.o
 .text.nrf_systick_val_clear
                0x0000239c       0x18 C:/Users/hbd24004/Desktop/Laboration-4/nrfx/src/sample/../../build/main.c.o
 .text.main     0x000023b4      0x894 C:/Users/hbd24004/Desktop/Laboration-4/nrfx/src/sample/../../build/main.c.o
                0x000023b4                main
 .text.create_empty_list
                0x00002c48       0x10 C:/Users/hbd24004/Desktop/Laboration-4/nrfx/src/sample/../../build/list.c.o
                0x00002c48                create_empty_list
 .text.create_list_node
                0x00002c58       0x38 C:/Users/hbd24004/Desktop/Laboration-4/nrfx/src/sample/../../build/list.c.o
 .text.is_empty
                0x00002c90       0x20 C:/Users/hbd24004/Desktop/Laboration-4/nrfx/src/sample/../../build/list.c.o
                0x00002c90                is_empty
 .text.add_last
                0x00002cb0       0x54 C:/Users/hbd24004/Desktop/Laboration-4/nrfx/src/sample/../../build/list.c.o
                0x00002cb0                add_last
 .text.clear_list
                0x00002d04       0x34 C:/Users/hbd24004/Desktop/Laboration-4/nrfx/src/sample/../../build/list.c.o
                0x00002d04                clear_list
 .text.print_list
                0x00002d38       0xac C:/Users/hbd24004/Desktop/Laboration-4/nrfx/src/sample/../../build/list.c.o
                0x00002d38                print_list
 .text.nrf_barrier_r
                0x00002de4        0xe C:/Users/hbd24004/Desktop/Laboration-4/nrfx/src/sample/../../build/goodFuncs.c.o
 *fill*         0x00002df2        0x2 
 .text.nrf_gpio_pin_port_decode
                0x00002df4       0x3c C:/Users/hbd24004/Desktop/Laboration-4/nrfx/src/sample/../../build/goodFuncs.c.o
 .text.nrf_gpio_cfg
                0x00002e30       0x7c C:/Users/hbd24004/Desktop/Laboration-4/nrfx/src/sample/../../build/goodFuncs.c.o
 .text.nrf_gpio_cfg_output
                0x00002eac       0x24 C:/Users/hbd24004/Desktop/Laboration-4/nrfx/src/sample/../../build/goodFuncs.c.o
 .text.nrf_gpio_cfg_input
                0x00002ed0       0x28 C:/Users/hbd24004/Desktop/Laboration-4/nrfx/src/sample/../../build/goodFuncs.c.o
 .text.nrf_gpio_pin_set
                0x00002ef8       0x2a C:/Users/hbd24004/Desktop/Laboration-4/nrfx/src/sample/../../build/goodFuncs.c.o
 .text.nrf_gpio_pin_clear
                0x00002f22       0x2a C:/Users/hbd24004/Desktop/Laboration-4/nrfx/src/sample/../../build/goodFuncs.c.o
 .text.nrf_gpio_pin_write
                0x00002f4c       0x26 C:/Users/hbd24004/Desktop/Laboration-4/nrfx/src/sample/../../build/goodFuncs.c.o
 .text.nrf_gpio_port_out_set
                0x00002f72       0x1c C:/Users/hbd24004/Desktop/Laboration-4/nrfx/src/sample/../../build/goodFuncs.c.o
 .text.nrf_gpio_port_out_clear
                0x00002f8e       0x1c C:/Users/hbd24004/Desktop/Laboration-4/nrfx/src/sample/../../build/goodFuncs.c.o
 .text.nrf_gpio_pin_port_number_extract
                0x00002faa       0x28 C:/Users/hbd24004/Desktop/Laboration-4/nrfx/src/sample/../../build/goodFuncs.c.o
 .text.nrf_rtc_counter_get
                0x00002fd2       0x1a C:/Users/hbd24004/Desktop/Laboration-4/nrfx/src/sample/../../build/goodFuncs.c.o
 .text.nrfy_rtc_counter_get
                0x00002fec       0x22 C:/Users/hbd24004/Desktop/Laboration-4/nrfx/src/sample/../../build/goodFuncs.c.o
 .text.nrfx_rtc_counter_get
                0x0000300e       0x1c C:/Users/hbd24004/Desktop/Laboration-4/nrfx/src/sample/../../build/goodFuncs.c.o
 *fill*         0x0000302a        0x2 
 .text.uarte_write
                0x0000302c       0x24 C:/Users/hbd24004/Desktop/Laboration-4/nrfx/src/sample/../../build/goodFuncs.c.o
                0x0000302c                uarte_write
 .text.read_string
                0x00003050       0x7c C:/Users/hbd24004/Desktop/Laboration-4/nrfx/src/sample/../../build/goodFuncs.c.o
                0x00003050                read_string
 .text.read_int
                0x000030cc       0x22 C:/Users/hbd24004/Desktop/Laboration-4/nrfx/src/sample/../../build/goodFuncs.c.o
                0x000030cc                read_int
 *fill*         0x000030ee        0x2 
 .text.send_int
                0x000030f0       0x68 C:/Users/hbd24004/Desktop/Laboration-4/nrfx/src/sample/../../build/goodFuncs.c.o
                0x000030f0                send_int
 .text.init_uart
                0x00003158       0x60 C:/Users/hbd24004/Desktop/Laboration-4/nrfx/src/sample/../../build/goodFuncs.c.o
                0x00003158                init_uart
 .text.init_gpio
                0x000031b8       0x64 C:/Users/hbd24004/Desktop/Laboration-4/nrfx/src/sample/../../build/goodFuncs.c.o
                0x000031b8                init_gpio
 .text.init_rtc
                0x0000321c       0x38 C:/Users/hbd24004/Desktop/Laboration-4/nrfx/src/sample/../../build/goodFuncs.c.o
                0x0000321c                init_rtc
 .text.init_stuff
                0x00003254       0x14 C:/Users/hbd24004/Desktop/Laboration-4/nrfx/src/sample/../../build/goodFuncs.c.o
                0x00003254                init_stuff
 .text.set_random_seed
                0x00003268       0x24 C:/Users/hbd24004/Desktop/Laboration-4/nrfx/src/sample/../../build/goodFuncs.c.o
                0x00003268                set_random_seed
 .text.get_random_number
                0x0000328c       0x2e C:/Users/hbd24004/Desktop/Laboration-4/nrfx/src/sample/../../build/goodFuncs.c.o
                0x0000328c                get_random_number
 .text.populate_list
                0x000032ba       0x3e C:/Users/hbd24004/Desktop/Laboration-4/nrfx/src/sample/../../build/lab32.c.o
                0x000032ba                populate_list
 .text.populate_array
                0x000032f8       0x4c C:/Users/hbd24004/Desktop/Laboration-4/nrfx/src/sample/../../build/lab32.c.o
                0x000032f8                populate_array
 .text.is_sorted_array
                0x00003344       0x66 C:/Users/hbd24004/Desktop/Laboration-4/nrfx/src/sample/../../build/lab32.c.o
                0x00003344                is_sorted_array
 .text.is_sorted_list
                0x000033aa       0x40 C:/Users/hbd24004/Desktop/Laboration-4/nrfx/src/sample/../../build/lab32.c.o
                0x000033aa                is_sorted_list
 *fill*         0x000033ea        0x2 
 .text.print_array
                0x000033ec       0xa0 C:/Users/hbd24004/Desktop/Laboration-4/nrfx/src/sample/../../build/lab32.c.o
                0x000033ec                print_array
 .text.swap_nodes
                0x0000348c       0x78 C:/Users/hbd24004/Desktop/Laboration-4/nrfx/src/sample/../../build/lab32.c.o
                0x0000348c                swap_nodes
 .text.bubble_sort_list
                0x00003504       0x66 C:/Users/hbd24004/Desktop/Laboration-4/nrfx/src/sample/../../build/lab32.c.o
                0x00003504                bubble_sort_list
 .text.cocktail_shaker_sort
                0x0000356a       0xb4 C:/Users/hbd24004/Desktop/Laboration-4/nrfx/src/sample/../../build/lab32.c.o
                0x0000356a                cocktail_shaker_sort
 .text.quick_sort
                0x0000361e       0x44 C:/Users/hbd24004/Desktop/Laboration-4/nrfx/src/sample/../../build/lab32.c.o
                0x0000361e                quick_sort
 .text.quick_sort_helper
                0x00003662       0xb4 C:/Users/hbd24004/Desktop/Laboration-4/nrfx/src/sample/../../build/lab32.c.o
                0x00003662                quick_sort_helper
 .text.merge_sort
                0x00003716       0x54 C:/Users/hbd24004/Desktop/Laboration-4/nrfx/src/sample/../../build/lab32.c.o
                0x00003716                merge_sort
 .text.merge_helper
                0x0000376a      0x1ee C:/Users/hbd24004/Desktop/Laboration-4/nrfx/src/sample/../../build/lab32.c.o
                0x0000376a                merge_helper
 .text.insertion_sort
                0x00003958       0x80 C:/Users/hbd24004/Desktop/Laboration-4/nrfx/src/sample/../../build/lab32.c.o
                0x00003958                insertion_sort
 .text.selection_sort
                0x000039d8       0x90 C:/Users/hbd24004/Desktop/Laboration-4/nrfx/src/sample/../../build/lab32.c.o
                0x000039d8                selection_sort
 .text.nrf_event_readback
                0x00003a68       0x18 C:/Users/hbd24004/Desktop/Laboration-4/nrfx/src/sample/../../build/nrfx_rtc.c.o
 .text.nrf_barrier_w
                0x00003a80        0xe C:/Users/hbd24004/Desktop/Laboration-4/nrfx/src/sample/../../build/nrfx_rtc.c.o
 .text.nrf_rtc_int_enable
                0x00003a8e       0x1e C:/Users/hbd24004/Desktop/Laboration-4/nrfx/src/sample/../../build/nrfx_rtc.c.o
 .text.nrf_rtc_event_clear
                0x00003aac       0x2a C:/Users/hbd24004/Desktop/Laboration-4/nrfx/src/sample/../../build/nrfx_rtc.c.o
 .text.nrf_rtc_prescaler_set
                0x00003ad6       0x1e C:/Users/hbd24004/Desktop/Laboration-4/nrfx/src/sample/../../build/nrfx_rtc.c.o
 .text.nrf_rtc_task_trigger
                0x00003af4       0x24 C:/Users/hbd24004/Desktop/Laboration-4/nrfx/src/sample/../../build/nrfx_rtc.c.o
 .text.nrf_rtc_compare_event_get
                0x00003b18       0x20 C:/Users/hbd24004/Desktop/Laboration-4/nrfx/src/sample/../../build/nrfx_rtc.c.o
 .text.nrfy_rtc_periph_configure
                0x00003b38       0x22 C:/Users/hbd24004/Desktop/Laboration-4/nrfx/src/sample/../../build/nrfx_rtc.c.o
 .text.nrfy_rtc_int_init
                0x00003b5a       0x74 C:/Users/hbd24004/Desktop/Laboration-4/nrfx/src/sample/../../build/nrfx_rtc.c.o
 .text.nrfy_rtc_task_trigger
                0x00003bce       0x22 C:/Users/hbd24004/Desktop/Laboration-4/nrfx/src/sample/../../build/nrfx_rtc.c.o
 .text.__nrfy_internal_rtc_event_enabled_clear
                0x00003bf0       0x38 C:/Users/hbd24004/Desktop/Laboration-4/nrfx/src/sample/../../build/nrfx_rtc.c.o
 .text.nrfx_rtc_init
                0x00003c28       0xa8 C:/Users/hbd24004/Desktop/Laboration-4/nrfx/src/sample/../../build/nrfx_rtc.c.o
                0x00003c28                nrfx_rtc_init
 .text.nrfx_rtc_enable
                0x00003cd0       0x30 C:/Users/hbd24004/Desktop/Laboration-4/nrfx/src/sample/../../build/nrfx_rtc.c.o
                0x00003cd0                nrfx_rtc_enable
 .text.__assert_func
                0x00003d00       0x3c C:/Apps/arm-toolchain/bin/../lib/gcc/arm-none-eabi/13.2.1/thumb/v8-m.main+fp/hard\libc_nano.a(libc_a-assert.o)
                0x00003d00                __assert_func
 .text.atoi     0x00003d3c        0x8 C:/Apps/arm-toolchain/bin/../lib/gcc/arm-none-eabi/13.2.1/thumb/v8-m.main+fp/hard\libc_nano.a(libc_a-atoi.o)
                0x00003d3c                atoi
 .text.exit     0x00003d44       0x24 C:/Apps/arm-toolchain/bin/../lib/gcc/arm-none-eabi/13.2.1/thumb/v8-m.main+fp/hard\libc_nano.a(libc_a-exit.o)
                0x00003d44                exit
 .text.malloc   0x00003d68       0x10 C:/Apps/arm-toolchain/bin/../lib/gcc/arm-none-eabi/13.2.1/thumb/v8-m.main+fp/hard\libc_nano.a(libc_a-malloc.o)
                0x00003d68                malloc
 .text.free     0x00003d78       0x10 C:/Apps/arm-toolchain/bin/../lib/gcc/arm-none-eabi/13.2.1/thumb/v8-m.main+fp/hard\libc_nano.a(libc_a-malloc.o)
                0x00003d78                free
 .text.sbrk_aligned
                0x00003d88       0x44 C:/Apps/arm-toolchain/bin/../lib/gcc/arm-none-eabi/13.2.1/thumb/v8-m.main+fp/hard\libc_nano.a(libc_a-mallocr.o)
 .text._malloc_r
                0x00003dcc      0x100 C:/Apps/arm-toolchain/bin/../lib/gcc/arm-none-eabi/13.2.1/thumb/v8-m.main+fp/hard\libc_nano.a(libc_a-mallocr.o)
                0x00003dcc                _malloc_r
 .text.__malloc_lock
                0x00003ecc        0xc C:/Apps/arm-toolchain/bin/../lib/gcc/arm-none-eabi/13.2.1/thumb/v8-m.main+fp/hard\libc_nano.a(libc_a-mlock.o)
                0x00003ecc                __malloc_lock
 .text.__malloc_unlock
                0x00003ed8        0xc C:/Apps/arm-toolchain/bin/../lib/gcc/arm-none-eabi/13.2.1/thumb/v8-m.main+fp/hard\libc_nano.a(libc_a-mlock.o)
                0x00003ed8                __malloc_unlock
 .text.srand    0x00003ee4       0x5c C:/Apps/arm-toolchain/bin/../lib/gcc/arm-none-eabi/13.2.1/thumb/v8-m.main+fp/hard\libc_nano.a(libc_a-rand.o)
                0x00003ee4                srand
 .text.rand     0x00003f40       0x7c C:/Apps/arm-toolchain/bin/../lib/gcc/arm-none-eabi/13.2.1/thumb/v8-m.main+fp/hard\libc_nano.a(libc_a-rand.o)
                0x00003f40                rand
 .text._strtol_l.isra.0
                0x00003fbc       0xf4 C:/Apps/arm-toolchain/bin/../lib/gcc/arm-none-eabi/13.2.1/thumb/v8-m.main+fp/hard\libc_nano.a(libc_a-strtol.o)
 .text.strtol   0x000040b0       0x14 C:/Apps/arm-toolchain/bin/../lib/gcc/arm-none-eabi/13.2.1/thumb/v8-m.main+fp/hard\libc_nano.a(libc_a-strtol.o)
                0x000040b0                strtol
 .text.std      0x000040c4       0x6c C:/Apps/arm-toolchain/bin/../lib/gcc/arm-none-eabi/13.2.1/thumb/v8-m.main+fp/hard\libc_nano.a(libc_a-findfp.o)
 .text.stdio_exit_handler
                0x00004130       0x18 C:/Apps/arm-toolchain/bin/../lib/gcc/arm-none-eabi/13.2.1/thumb/v8-m.main+fp/hard\libc_nano.a(libc_a-findfp.o)
 .text.cleanup_stdio
                0x00004148       0x40 C:/Apps/arm-toolchain/bin/../lib/gcc/arm-none-eabi/13.2.1/thumb/v8-m.main+fp/hard\libc_nano.a(libc_a-findfp.o)
 .text.global_stdio_init.part.0
                0x00004188       0x3c C:/Apps/arm-toolchain/bin/../lib/gcc/arm-none-eabi/13.2.1/thumb/v8-m.main+fp/hard\libc_nano.a(libc_a-findfp.o)
 .text.__sfp_lock_acquire
                0x000041c4        0xc C:/Apps/arm-toolchain/bin/../lib/gcc/arm-none-eabi/13.2.1/thumb/v8-m.main+fp/hard\libc_nano.a(libc_a-findfp.o)
                0x000041c4                __sfp_lock_acquire
 .text.__sfp_lock_release
                0x000041d0        0xc C:/Apps/arm-toolchain/bin/../lib/gcc/arm-none-eabi/13.2.1/thumb/v8-m.main+fp/hard\libc_nano.a(libc_a-findfp.o)
                0x000041d0                __sfp_lock_release
 .text.__sinit  0x000041dc       0x30 C:/Apps/arm-toolchain/bin/../lib/gcc/arm-none-eabi/13.2.1/thumb/v8-m.main+fp/hard\libc_nano.a(libc_a-findfp.o)
                0x000041dc                __sinit
 .text.fprintf  0x0000420c       0x24 C:/Apps/arm-toolchain/bin/../lib/gcc/arm-none-eabi/13.2.1/thumb/v8-m.main+fp/hard\libc_nano.a(libc_a-fprintf.o)
                0x0000420c                fiprintf
                0x0000420c                fprintf
 .text._fwalk_sglue
                0x00004230       0x3c C:/Apps/arm-toolchain/bin/../lib/gcc/arm-none-eabi/13.2.1/thumb/v8-m.main+fp/hard\libc_nano.a(libc_a-fwalk.o)
                0x00004230                _fwalk_sglue
 .text.printf   0x0000426c       0x24 C:/Apps/arm-toolchain/bin/../lib/gcc/arm-none-eabi/13.2.1/thumb/v8-m.main+fp/hard\libc_nano.a(libc_a-printf.o)
                0x0000426c                iprintf
                0x0000426c                printf
 .text.sprintf  0x00004290       0x40 C:/Apps/arm-toolchain/bin/../lib/gcc/arm-none-eabi/13.2.1/thumb/v8-m.main+fp/hard\libc_nano.a(libc_a-sprintf.o)
                0x00004290                siprintf
                0x00004290                sprintf
 .text.__sread  0x000042d0       0x22 C:/Apps/arm-toolchain/bin/../lib/gcc/arm-none-eabi/13.2.1/thumb/v8-m.main+fp/hard\libc_nano.a(libc_a-stdio.o)
                0x000042d0                __sread
 .text.__swrite
                0x000042f2       0x38 C:/Apps/arm-toolchain/bin/../lib/gcc/arm-none-eabi/13.2.1/thumb/v8-m.main+fp/hard\libc_nano.a(libc_a-stdio.o)
                0x000042f2                __swrite
 .text.__sseek  0x0000432a       0x24 C:/Apps/arm-toolchain/bin/../lib/gcc/arm-none-eabi/13.2.1/thumb/v8-m.main+fp/hard\libc_nano.a(libc_a-stdio.o)
                0x0000432a                __sseek
 .text.__sclose
                0x0000434e        0x8 C:/Apps/arm-toolchain/bin/../lib/gcc/arm-none-eabi/13.2.1/thumb/v8-m.main+fp/hard\libc_nano.a(libc_a-stdio.o)
                0x0000434e                __sclose
 .text.memset   0x00004356       0x10 C:/Apps/arm-toolchain/bin/../lib/gcc/arm-none-eabi/13.2.1/thumb/v8-m.main+fp/hard\libc_nano.a(libc_a-memset.o)
                0x00004356                memset
 *fill*         0x00004366        0x2 
 .text._close_r
                0x00004368       0x20 C:/Apps/arm-toolchain/bin/../lib/gcc/arm-none-eabi/13.2.1/thumb/v8-m.main+fp/hard\libc_nano.a(libc_a-closer.o)
                0x00004368                _close_r
 .text._lseek_r
                0x00004388       0x24 C:/Apps/arm-toolchain/bin/../lib/gcc/arm-none-eabi/13.2.1/thumb/v8-m.main+fp/hard\libc_nano.a(libc_a-lseekr.o)
                0x00004388                _lseek_r
 .text._read_r  0x000043ac       0x24 C:/Apps/arm-toolchain/bin/../lib/gcc/arm-none-eabi/13.2.1/thumb/v8-m.main+fp/hard\libc_nano.a(libc_a-readr.o)
                0x000043ac                _read_r
 .text._sbrk_r  0x000043d0       0x20 C:/Apps/arm-toolchain/bin/../lib/gcc/arm-none-eabi/13.2.1/thumb/v8-m.main+fp/hard\libc_nano.a(libc_a-sbrkr.o)
                0x000043d0                _sbrk_r
 .text._write_r
                0x000043f0       0x24 C:/Apps/arm-toolchain/bin/../lib/gcc/arm-none-eabi/13.2.1/thumb/v8-m.main+fp/hard\libc_nano.a(libc_a-writer.o)
                0x000043f0                _write_r
 .text.__errno  0x00004414        0xc C:/Apps/arm-toolchain/bin/../lib/gcc/arm-none-eabi/13.2.1/thumb/v8-m.main+fp/hard\libc_nano.a(libc_a-errno.o)
                0x00004414                __errno
 .text.__libc_init_array
                0x00004420       0x48 C:/Apps/arm-toolchain/bin/../lib/gcc/arm-none-eabi/13.2.1/thumb/v8-m.main+fp/hard\libc_nano.a(libc_a-init.o)
                0x00004420                __libc_init_array
 .text.__retarget_lock_init_recursive
                0x00004468        0x2 C:/Apps/arm-toolchain/bin/../lib/gcc/arm-none-eabi/13.2.1/thumb/v8-m.main+fp/hard\libc_nano.a(libc_a-lock.o)
                0x00004468                __retarget_lock_init_recursive
 .text.__retarget_lock_acquire_recursive
                0x0000446a        0x2 C:/Apps/arm-toolchain/bin/../lib/gcc/arm-none-eabi/13.2.1/thumb/v8-m.main+fp/hard\libc_nano.a(libc_a-lock.o)
                0x0000446a                __retarget_lock_acquire_recursive
 .text.__retarget_lock_release_recursive
                0x0000446c        0x2 C:/Apps/arm-toolchain/bin/../lib/gcc/arm-none-eabi/13.2.1/thumb/v8-m.main+fp/hard\libc_nano.a(libc_a-lock.o)
                0x0000446c                __retarget_lock_release_recursive
 .text.strcpy   0x0000446e       0x10 C:/Apps/arm-toolchain/bin/../lib/gcc/arm-none-eabi/13.2.1/thumb/v8-m.main+fp/hard\libc_nano.a(libc_a-strcpy.o)
                0x0000446e                strcpy
 .text.memcpy   0x0000447e       0x1a C:/Apps/arm-toolchain/bin/../lib/gcc/arm-none-eabi/13.2.1/thumb/v8-m.main+fp/hard\libc_nano.a(libc_a-memcpy-stub.o)
                0x0000447e                memcpy
 .text          0x00004498       0x10 C:/Apps/arm-toolchain/bin/../lib/gcc/arm-none-eabi/13.2.1/thumb/v8-m.main+fp/hard\libc_nano.a(libc_a-strlen.o)
                0x00004498                strlen
 .text.abort    0x000044a8        0xe C:/Apps/arm-toolchain/bin/../lib/gcc/arm-none-eabi/13.2.1/thumb/v8-m.main+fp/hard\libc_nano.a(libc_a-abort.o)
                0x000044a8                abort
 *fill*         0x000044b6        0x2 
 .text._free_r  0x000044b8       0x94 C:/Apps/arm-toolchain/bin/../lib/gcc/arm-none-eabi/13.2.1/thumb/v8-m.main+fp/hard\libc_nano.a(libc_a-freer.o)
                0x000044b8                _free_r
 .text.__ssputs_r
                0x0000454c       0xb6 C:/Apps/arm-toolchain/bin/../lib/gcc/arm-none-eabi/13.2.1/thumb/v8-m.main+fp/hard\libc_nano.a(libc_a-nano-svfprintf.o)
                0x0000454c                __ssputs_r
 *fill*         0x00004602        0x2 
 .text._svfprintf_r
                0x00004604      0x1f8 C:/Apps/arm-toolchain/bin/../lib/gcc/arm-none-eabi/13.2.1/thumb/v8-m.main+fp/hard\libc_nano.a(libc_a-nano-svfprintf.o)
                0x00004604                _svfiprintf_r
                0x00004604                _svfprintf_r
 .text.__sfputc_r
                0x000047fc       0x2e C:/Apps/arm-toolchain/bin/../lib/gcc/arm-none-eabi/13.2.1/thumb/v8-m.main+fp/hard\libc_nano.a(libc_a-nano-vfprintf.o)
 .text.__sfputs_r
                0x0000482a       0x24 C:/Apps/arm-toolchain/bin/../lib/gcc/arm-none-eabi/13.2.1/thumb/v8-m.main+fp/hard\libc_nano.a(libc_a-nano-vfprintf.o)
                0x0000482a                __sfputs_r
 *fill*         0x0000484e        0x2 
 .text._vfprintf_r
                0x00004850      0x230 C:/Apps/arm-toolchain/bin/../lib/gcc/arm-none-eabi/13.2.1/thumb/v8-m.main+fp/hard\libc_nano.a(libc_a-nano-vfprintf.o)
                0x00004850                _vfprintf_r
                0x00004850                _vfiprintf_r
 .text._printf_common
                0x00004a80       0xe4 C:/Apps/arm-toolchain/bin/../lib/gcc/arm-none-eabi/13.2.1/thumb/v8-m.main+fp/hard\libc_nano.a(libc_a-nano-vfprintf_i.o)
                0x00004a80                _printf_common
 .text._printf_i
                0x00004b64      0x23c C:/Apps/arm-toolchain/bin/../lib/gcc/arm-none-eabi/13.2.1/thumb/v8-m.main+fp/hard\libc_nano.a(libc_a-nano-vfprintf_i.o)
                0x00004b64                _printf_i
 .text.__sflush_r
                0x00004da0      0x108 C:/Apps/arm-toolchain/bin/../lib/gcc/arm-none-eabi/13.2.1/thumb/v8-m.main+fp/hard\libc_nano.a(libc_a-fflush.o)
                0x00004da0                __sflush_r
 .text._fflush_r
                0x00004ea8       0x50 C:/Apps/arm-toolchain/bin/../lib/gcc/arm-none-eabi/13.2.1/thumb/v8-m.main+fp/hard\libc_nano.a(libc_a-fflush.o)
                0x00004ea8                _fflush_r
 .text.__swbuf_r
                0x00004ef8       0x7c C:/Apps/arm-toolchain/bin/../lib/gcc/arm-none-eabi/13.2.1/thumb/v8-m.main+fp/hard\libc_nano.a(libc_a-wbuf.o)
                0x00004ef8                __swbuf_r
 .text.__swsetup_r
                0x00004f74       0xac C:/Apps/arm-toolchain/bin/../lib/gcc/arm-none-eabi/13.2.1/thumb/v8-m.main+fp/hard\libc_nano.a(libc_a-wsetup.o)
                0x00004f74                __swsetup_r
 .text.memmove  0x00005020       0x34 C:/Apps/arm-toolchain/bin/../lib/gcc/arm-none-eabi/13.2.1/thumb/v8-m.main+fp/hard\libc_nano.a(libc_a-memmove.o)
                0x00005020                memmove
 .text._raise_r
                0x00005054       0x50 C:/Apps/arm-toolchain/bin/../lib/gcc/arm-none-eabi/13.2.1/thumb/v8-m.main+fp/hard\libc_nano.a(libc_a-signal.o)
                0x00005054                _raise_r
 .text.raise    0x000050a4       0x10 C:/Apps/arm-toolchain/bin/../lib/gcc/arm-none-eabi/13.2.1/thumb/v8-m.main+fp/hard\libc_nano.a(libc_a-signal.o)
                0x000050a4                raise
 .text._kill_r  0x000050b4       0x24 C:/Apps/arm-toolchain/bin/../lib/gcc/arm-none-eabi/13.2.1/thumb/v8-m.main+fp/hard\libc_nano.a(libc_a-signalr.o)
                0x000050b4                _kill_r
 .text._getpid_r
                0x000050d8        0x4 C:/Apps/arm-toolchain/bin/../lib/gcc/arm-none-eabi/13.2.1/thumb/v8-m.main+fp/hard\libc_nano.a(libc_a-signalr.o)
                0x000050d8                _getpid_r
 .text.memchr   0x000050dc       0x1c C:/Apps/arm-toolchain/bin/../lib/gcc/arm-none-eabi/13.2.1/thumb/v8-m.main+fp/hard\libc_nano.a(libc_a-memchr-stub.o)
                0x000050dc                memchr
 .text._realloc_r
                0x000050f8       0x5c C:/Apps/arm-toolchain/bin/../lib/gcc/arm-none-eabi/13.2.1/thumb/v8-m.main+fp/hard\libc_nano.a(libc_a-reallocr.o)
                0x000050f8                _realloc_r
 .text.__swhatbuf_r
                0x00005154       0x4a C:/Apps/arm-toolchain/bin/../lib/gcc/arm-none-eabi/13.2.1/thumb/v8-m.main+fp/hard\libc_nano.a(libc_a-makebuf.o)
                0x00005154                __swhatbuf_r
 .text.__smakebuf_r
                0x0000519e       0x78 C:/Apps/arm-toolchain/bin/../lib/gcc/arm-none-eabi/13.2.1/thumb/v8-m.main+fp/hard\libc_nano.a(libc_a-makebuf.o)
                0x0000519e                __smakebuf_r
 *fill*         0x00005216        0x2 
 .text._fstat_r
                0x00005218       0x24 C:/Apps/arm-toolchain/bin/../lib/gcc/arm-none-eabi/13.2.1/thumb/v8-m.main+fp/hard\libc_nano.a(libc_a-fstatr.o)
                0x00005218                _fstat_r
 .text._isatty_r
                0x0000523c       0x20 C:/Apps/arm-toolchain/bin/../lib/gcc/arm-none-eabi/13.2.1/thumb/v8-m.main+fp/hard\libc_nano.a(libc_a-isattyr.o)
                0x0000523c                _isatty_r
 .text._malloc_usable_size_r
                0x0000525c       0x10 C:/Apps/arm-toolchain/bin/../lib/gcc/arm-none-eabi/13.2.1/thumb/v8-m.main+fp/hard\libc_nano.a(libc_a-msizer.o)
                0x0000525c                _malloc_usable_size_r
 .text._close   0x0000526c       0x10 C:/Apps/arm-toolchain/bin/../lib/gcc/arm-none-eabi/13.2.1/thumb/v8-m.main+fp/hard\libnosys.a(close.o)
                0x0000526c                _close
 .text._fstat   0x0000527c       0x10 C:/Apps/arm-toolchain/bin/../lib/gcc/arm-none-eabi/13.2.1/thumb/v8-m.main+fp/hard\libnosys.a(fstat.o)
                0x0000527c                _fstat
 .text._getpid  0x0000528c       0x10 C:/Apps/arm-toolchain/bin/../lib/gcc/arm-none-eabi/13.2.1/thumb/v8-m.main+fp/hard\libnosys.a(getpid.o)
                0x0000528c                _getpid
 .text._isatty  0x0000529c       0x10 C:/Apps/arm-toolchain/bin/../lib/gcc/arm-none-eabi/13.2.1/thumb/v8-m.main+fp/hard\libnosys.a(isatty.o)
                0x0000529c                _isatty
 .text._kill    0x000052ac       0x10 C:/Apps/arm-toolchain/bin/../lib/gcc/arm-none-eabi/13.2.1/thumb/v8-m.main+fp/hard\libnosys.a(kill.o)
                0x000052ac                _kill
 .text._lseek   0x000052bc       0x10 C:/Apps/arm-toolchain/bin/../lib/gcc/arm-none-eabi/13.2.1/thumb/v8-m.main+fp/hard\libnosys.a(lseek.o)
                0x000052bc                _lseek
 .text._read    0x000052cc       0x10 C:/Apps/arm-toolchain/bin/../lib/gcc/arm-none-eabi/13.2.1/thumb/v8-m.main+fp/hard\libnosys.a(read.o)
                0x000052cc                _read
 .text._sbrk    0x000052dc       0x20 C:/Apps/arm-toolchain/bin/../lib/gcc/arm-none-eabi/13.2.1/thumb/v8-m.main+fp/hard\libnosys.a(sbrk.o)
                0x000052dc                _sbrk
 .text._write   0x000052fc       0x10 C:/Apps/arm-toolchain/bin/../lib/gcc/arm-none-eabi/13.2.1/thumb/v8-m.main+fp/hard\libnosys.a(write.o)
                0x000052fc                _write
 .text._exit    0x0000530c        0x4 C:/Apps/arm-toolchain/bin/../lib/gcc/arm-none-eabi/13.2.1/thumb/v8-m.main+fp/hard\libnosys.a(_exit.o)
                0x0000530c                _exit
                0x00005310                        . = ALIGN (0x4)
 *(.init)
 .init          0x00005310        0x4 C:/Apps/arm-toolchain/bin/../lib/gcc/arm-none-eabi/13.2.1/thumb/v8-m.main+fp/hard/crti.o
                0x00005310                _init
 .init          0x00005314        0x8 C:/Apps/arm-toolchain/bin/../lib/gcc/arm-none-eabi/13.2.1/thumb/v8-m.main+fp/hard/crtn.o
                0x0000531c                        . = ALIGN (0x4)
                0x0000531c                        __preinit_array_start = .
 *(.preinit_array)
                0x0000531c                        __preinit_array_end = .
                0x0000531c                        . = ALIGN (0x4)
                0x0000531c                        __init_array_start = .
 *(SORT_BY_NAME(.init_array.*))
 *(.init_array)
 .init_array    0x0000531c        0x4 C:/Apps/arm-toolchain/bin/../lib/gcc/arm-none-eabi/13.2.1/thumb/v8-m.main+fp/hard/crtbegin.o
                0x00005320                        __init_array_end = .
 *(.fini)
 .fini          0x00005320        0x4 C:/Apps/arm-toolchain/bin/../lib/gcc/arm-none-eabi/13.2.1/thumb/v8-m.main+fp/hard/crti.o
                0x00005320                _fini
 .fini          0x00005324        0x8 C:/Apps/arm-toolchain/bin/../lib/gcc/arm-none-eabi/13.2.1/thumb/v8-m.main+fp/hard/crtn.o
                0x0000532c                        . = ALIGN (0x4)
                0x0000532c                        __fini_array_start = .
 *(.fini_array)
 .fini_array    0x0000532c        0x4 C:/Apps/arm-toolchain/bin/../lib/gcc/arm-none-eabi/13.2.1/thumb/v8-m.main+fp/hard/crtbegin.o
 *(SORT_BY_NAME(.fini_array.*))
                0x00005330                        __fini_array_end = .
                0x00005330                        . = ALIGN (0x4)
 *(.eh_frame*)
 .eh_frame      0x00005330        0x0 C:/Apps/arm-toolchain/bin/../lib/gcc/arm-none-eabi/13.2.1/thumb/v8-m.main+fp/hard/crtbegin.o
 .eh_frame      0x00005330       0x28 C:/Apps/arm-toolchain/bin/../lib/gcc/arm-none-eabi/13.2.1/thumb/v8-m.main+fp/hard\libc_nano.a(libc_a-strlen.o)
 .eh_frame      0x00005358        0x4 C:/Apps/arm-toolchain/bin/../lib/gcc/arm-none-eabi/13.2.1/thumb/v8-m.main+fp/hard/crtend.o
                0x0000535c                        . = ALIGN (0x4)
 *(.eh_frame_hdr)
                0x0000535c                        . = ALIGN (0x4)
 *(.hash)
 *(.gnu.hash)
                0x0000535c                        . = ALIGN (0x4)
 *(.gnu_extab* .gnu.linkonce.extab.*)
                0x0000535c                        . = ALIGN (0x4)
                0x0000535c                        __exidx_start = .
 *(.gnu_exidx* .gnu.linkonce.exidx.*)
                0x0000535c                        . = ALIGN (0x4)
                0x0000535c                        __exidx_end = .
                0x000046d0                        __text_size = SIZEOF (.text)
                0x0000535c                        __text_end = (__text_start + __text_size)
                0x00000001                        ASSERT (((__text_start == __text_end) || ((__text_end - ORIGIN (FLASH)) <= LENGTH (FLASH))), error: .text is too large to fit in FLASH memory segment)

.glue_7         0x0000535c        0x0
 .glue_7        0x0000535c        0x0 linker stubs

.glue_7t        0x0000535c        0x0
 .glue_7t       0x0000535c        0x0 linker stubs

.vfp11_veneer   0x0000535c        0x0
 .vfp11_veneer  0x0000535c        0x0 linker stubs

.v4_bx          0x0000535c        0x0
 .v4_bx         0x0000535c        0x0 linker stubs

.iplt           0x0000535c        0x0
 .iplt          0x0000535c        0x0 C:/Apps/arm-toolchain/bin/../lib/gcc/arm-none-eabi/13.2.1/thumb/v8-m.main+fp/hard/crtbegin.o

.rel.dyn        0x0000535c        0x0
 .rel.iplt      0x0000535c        0x0 C:/Apps/arm-toolchain/bin/../lib/gcc/arm-none-eabi/13.2.1/thumb/v8-m.main+fp/hard/crtbegin.o
                0x0000535c                        . = ALIGN (0x4)

.copy.table     0x0000535c       0x30
                0x0000535c                        __copy_table_start__ = .
                0x0000535c        0x4 LONG 0x53a4 __data_load_start
                0x00005360        0x4 LONG 0x20000000 __data_start
                0x00005364        0x4 LONG 0x1c ((__data_end - __data_start) / 0x4)
                0x00005368        0x4 LONG 0x5414 __sdata_load_start
                0x0000536c        0x4 LONG 0x20000070 __sdata_start
                0x00005370        0x4 LONG 0x0 ((__sdata_end - __sdata_start) / 0x4)
                0x00005374        0x4 LONG 0x5414 __tdata_load_start
                0x00005378        0x4 LONG 0x20000070 __tdata_start
                0x0000537c        0x4 LONG 0x0 ((__tdata_end - __tdata_start) / 0x4)
                0x00005380        0x4 LONG 0x5414 __fast_load_start
                0x00005384        0x4 LONG 0x20000070 __fast_start
                0x00005388        0x4 LONG 0x0 ((__fast_end - __fast_start) / 0x4)
                0x0000538c                        __copy_table_end__ = .
                0x0000538c                        . = ALIGN (0x4)

.zero.table     0x0000538c       0x18
                0x0000538c                        __zero_table_start__ = .
                0x0000538c        0x4 LONG 0x20000070 __bss_start
                0x00005390        0x4 LONG 0x67 ((__bss_end - __bss_start) / 0x4)
                0x00005394        0x4 LONG 0x2000020c __sbss_start
                0x00005398        0x4 LONG 0x0 ((__sbss_end - __sbss_start) / 0x4)
                0x0000539c        0x4 LONG 0x2000020c __tbss_start
                0x000053a0        0x4 LONG 0x0 ((__tbss_end - __tbss_start) / 0x4)
                0x000053a4                        __zero_table_end__ = .
                0x000053a4                        . = ALIGN (0x4)
                0x000053a4                        __etext = .
                [!provide]                        PROVIDE (etext = .)
                0x000053a4                        PROVIDE (_etext = .)
                0x000053a4                        . = ALIGN (0x4)
                0x000053a4                        __all_data_load_start = .
                0x000053a4                        __data_load_start = .

.data           0x20000000       0x70 load address 0x000053a4
                0x20000000                        . = ALIGN (0x4)
                0x20000000                        __data_start = .
                0x20000000                        __data_start__ = .
 *(vtable)
 *(.data* .gnu.linkonce.d.*)
 .data.i.2      0x20000000        0x4 C:/Users/hbd24004/Desktop/Laboration-4/nrfx/src/sample/../../build/list.c.o
 .data.instance
                0x20000004        0x8 C:/Users/hbd24004/Desktop/Laboration-4/nrfx/src/sample/../../build/goodFuncs.c.o
                0x20000004                instance
 .data.rtc_instance
                0x2000000c        0x8 C:/Users/hbd24004/Desktop/Laboration-4/nrfx/src/sample/../../build/goodFuncs.c.o
                0x2000000c                rtc_instance
 .data.__sglue  0x20000014        0xc C:/Apps/arm-toolchain/bin/../lib/gcc/arm-none-eabi/13.2.1/thumb/v8-m.main+fp/hard\libc_nano.a(libc_a-findfp.o)
                0x20000014                __sglue
 .data._impure_ptr
                0x20000020        0x4 C:/Apps/arm-toolchain/bin/../lib/gcc/arm-none-eabi/13.2.1/thumb/v8-m.main+fp/hard\libc_nano.a(libc_a-impure.o)
                0x20000020                _impure_ptr
 .data._impure_data
                0x20000024       0x4c C:/Apps/arm-toolchain/bin/../lib/gcc/arm-none-eabi/13.2.1/thumb/v8-m.main+fp/hard\libc_nano.a(libc_a-impure.o)
                0x20000024                _impure_data
                0x20000070                        . = ALIGN (0x4)
 *(.jcr*)
                0x00000070                        __data_size = SIZEOF (.data)
                0x20000070                        __data_end = (__data_start + __data_size)
                0x20000070                        __data_end__ = __data_end
                0x00005414                        __data_load_end = (__data_load_start + __data_size)
                0x00000001                        ASSERT (((__data_load_start == __data_load_end) || ((__data_load_end - ORIGIN (FLASH)) <= LENGTH (FLASH))), error: .data is too large to fit in FLASH memory segment)
                0x00000001                        ASSERT (((__data_start == __data_end) || ((__data_end - ORIGIN (RAM)) <= LENGTH (RAM))), error: .data is too large to fit in RAM memory segment)

.tm_clone_table
                0x20000070        0x0 load address 0x00005414
 .tm_clone_table
                0x20000070        0x0 C:/Apps/arm-toolchain/bin/../lib/gcc/arm-none-eabi/13.2.1/thumb/v8-m.main+fp/hard/crtbegin.o
 .tm_clone_table
                0x20000070        0x0 C:/Apps/arm-toolchain/bin/../lib/gcc/arm-none-eabi/13.2.1/thumb/v8-m.main+fp/hard/crtend.o

.igot.plt       0x20000070        0x0 load address 0x00005414
 .igot.plt      0x20000070        0x0 C:/Apps/arm-toolchain/bin/../lib/gcc/arm-none-eabi/13.2.1/thumb/v8-m.main+fp/hard/crtbegin.o
                0x20000070                        . = ALIGN (0x4)
                0x00005414                        __sdata_load_start = ALIGN (__data_load_end, 0x4)

.sdata          0x20000070        0x0 load address 0x00005414
                0x20000070                        . = ALIGN (0x4)
                0x20000070                        __sdata_start = .
 *(.sdata .sdata.* .gnu.linkonce.s.*)
 *(.sdata2 .sdata2.* .gnu.linkonce.s2.*)
                0x00000000                        __sdata_size = SIZEOF (.sdata)
                0x20000070                        __sdata_end = (__sdata_start + __sdata_size)
                0x00005414                        __sdata_load_end = (__sdata_load_start + __sdata_size)
                0x00000001                        ASSERT (((__sdata_load_start == __sdata_load_end) || ((__sdata_load_end - ORIGIN (FLASH)) <= LENGTH (FLASH))), error: .sdata is too large to fit in FLASH memory segment)
                0x00000001                        ASSERT (((__sdata_start == __sdata_end) || ((__sdata_end - ORIGIN (RAM)) <= LENGTH (RAM))), error: .sdata is too large to fit in RAM memory segment)
                0x20000070                        . = ALIGN (0x4)
                0x00005414                        __tdata_load_start = ALIGN (__sdata_load_end, 0x4)

.tdata          0x20000070        0x0 load address 0x00005414
                0x20000070                        . = ALIGN (0x4)
                0x20000070                        __tdata_start = .
 *(.tdata .tdata.* .gnu.linkonce.td.*)
 *(.stdata .stdata.*)
                0x00000000                        __tdata_size = SIZEOF (.tdata)
                0x20000070                        __tdata_end = (__tdata_start + __tdata_size)
                0x00005414                        __tdata_load_end = (__tdata_load_start + __tdata_size)
                0x00000001                        ASSERT (((__tdata_load_start == __tdata_load_end) || ((__tdata_load_end - ORIGIN (FLASH)) <= LENGTH (FLASH))), error: .tdata is too large to fit in FLASH memory segment)
                0x00000001                        ASSERT (((__tdata_start == __tdata_end) || ((__tdata_end - ORIGIN (RAM)) <= LENGTH (RAM))), error: .tdata is too large to fit in RAM memory segment)
                0x20000070                        . = ALIGN (0x4)
                0x00005414                        __fast_load_start = ALIGN (__tdata_load_end, 0x4)

.fast           0x20000070        0x0 load address 0x00005414
                0x20000070                        . = ALIGN (0x4)
                0x20000070                        __fast_start = .
 *(.fast .fast.*)
 *(.fastcode .fastcode.*)
 *(.fastdata .fastdata.*)
 *(.ramcode*)
                0x00000000                        __fast_size = SIZEOF (.fast)
                0x20000070                        __fast_end = (__fast_start + __fast_size)
                0x00005414                        __fast_load_end = (__fast_load_start + __fast_size)
                0x00000001                        ASSERT (((__fast_load_start == __fast_load_end) || ((__fast_load_end - ORIGIN (FLASH)) <= LENGTH (FLASH))), error: .fast is too large to fit in FLASH memory segment)
                0x00000001                        ASSERT (((__fast_start == __fast_end) || ((__fast_end - ORIGIN (RAM)) <= LENGTH (RAM))), error: .fast is too large to fit in RAM memory segment)
                0x20000070                        . = ALIGN (0x4)
                0x20000070                        _edata = .
                [!provide]                        PROVIDE (edata = .)
                [!provide]                        PROVIDE (__edata = .)
                0x20000070                        . = ALIGN (0x4)

.noinit         0x20000070        0x0
                0x20000070                        __noinit_start = .
                [!provide]                        PROVIDE (__noinit_start__ = .)
 *(.noinit .noinit.*)
 *(.no_init .no_init.*)
 *(.noninit .noninit.*)
 *(.non_init .non_init.*)
                0x20000070                        . = ALIGN (0x4)
                0x00000000                        __noinit_size = SIZEOF (.noinit)
                0x20000070                        __noinit_end = (__noinit_start + __noinit_size)
                0x20000070                        __noinit_end__ = __noinit_end
                0x00000001                        ASSERT (((__noinit_start == __noinit_end) || ((__noinit_end - ORIGIN (RAM)) <= LENGTH (RAM))), error: .noinit is too large to fit in RAM memory segment)
                0x20000070                        . = ALIGN (0x4)

.bss            0x20000070      0x19c load address 0x00005414
                0x20000070                        __bss_start = .
                0x20000070                        PROVIDE (__bss_start__ = .)
 *(.bss* .gnu.linkonce.b.*)
 .bss.completed.1
                0x20000070        0x1 C:/Apps/arm-toolchain/bin/../lib/gcc/arm-none-eabi/13.2.1/thumb/v8-m.main+fp/hard/crtbegin.o
 *fill*         0x20000071        0x3 
 .bss.object.0  0x20000074       0x18 C:/Apps/arm-toolchain/bin/../lib/gcc/arm-none-eabi/13.2.1/thumb/v8-m.main+fp/hard/crtbegin.o
 .bss.m_cb      0x2000008c       0x24 C:/Users/hbd24004/Desktop/Laboration-4/nrfx/src/sample/../../build/nrfx_uarte.c.o
 .bss.uarte_enabled
                0x200000b0        0x1 C:/Users/hbd24004/Desktop/Laboration-4/nrfx/src/sample/../../build/goodFuncs.c.o
                0x200000b0                uarte_enabled
 *fill*         0x200000b1        0x3 
 .bss.m_cb      0x200000b4        0x8 C:/Users/hbd24004/Desktop/Laboration-4/nrfx/src/sample/../../build/nrfx_rtc.c.o
 .bss.__malloc_sbrk_start
                0x200000bc        0x4 C:/Apps/arm-toolchain/bin/../lib/gcc/arm-none-eabi/13.2.1/thumb/v8-m.main+fp/hard\libc_nano.a(libc_a-mallocr.o)
                0x200000bc                __malloc_sbrk_start
 .bss.__malloc_free_list
                0x200000c0        0x4 C:/Apps/arm-toolchain/bin/../lib/gcc/arm-none-eabi/13.2.1/thumb/v8-m.main+fp/hard\libc_nano.a(libc_a-mallocr.o)
                0x200000c0                __malloc_free_list
 .bss.__sf      0x200000c4      0x138 C:/Apps/arm-toolchain/bin/../lib/gcc/arm-none-eabi/13.2.1/thumb/v8-m.main+fp/hard\libc_nano.a(libc_a-findfp.o)
                0x200000c4                __sf
 .bss.__stdio_exit_handler
                0x200001fc        0x4 C:/Apps/arm-toolchain/bin/../lib/gcc/arm-none-eabi/13.2.1/thumb/v8-m.main+fp/hard\libc_nano.a(libc_a-findfp.o)
                0x200001fc                __stdio_exit_handler
 .bss.errno     0x20000200        0x4 C:/Apps/arm-toolchain/bin/../lib/gcc/arm-none-eabi/13.2.1/thumb/v8-m.main+fp/hard\libc_nano.a(libc_a-reent.o)
                0x20000200                errno
 .bss.__lock___malloc_recursive_mutex
                0x20000204        0x1 C:/Apps/arm-toolchain/bin/../lib/gcc/arm-none-eabi/13.2.1/thumb/v8-m.main+fp/hard\libc_nano.a(libc_a-lock.o)
                0x20000204                __lock___malloc_recursive_mutex
 .bss.__lock___sfp_recursive_mutex
                0x20000205        0x1 C:/Apps/arm-toolchain/bin/../lib/gcc/arm-none-eabi/13.2.1/thumb/v8-m.main+fp/hard\libc_nano.a(libc_a-lock.o)
                0x20000205                __lock___sfp_recursive_mutex
 *fill*         0x20000206        0x2 
 .bss.heap_end.0
                0x20000208        0x4 C:/Apps/arm-toolchain/bin/../lib/gcc/arm-none-eabi/13.2.1/thumb/v8-m.main+fp/hard\libnosys.a(sbrk.o)
 *(.dynbss)
 *(COMMON)
                0x2000020c                        . = ALIGN (0x4)
                0x0000019c                        __bss_size = SIZEOF (.bss)
                0x2000020c                        __bss_end = (__bss_start + __bss_size)
                0x2000020c                        __bss_end__ = __bss_end
                0x00000001                        ASSERT (((__bss_start == __bss_end) || ((__bss_end - ORIGIN (RAM)) <= LENGTH (RAM))), error: .bss is too large to fit in RAM memory segment)
                0x2000020c                        . = ALIGN (0x4)

.sbss           0x2000020c        0x0
                0x2000020c                        __sbss_start = .
                0x2000020c                        __sbss_start__ = __sbss_start
 *(.sbss .sbss.* .gnu.linkonce.sb.*)
 *(.sbss2 .sbss2.* .gnu.linkonce.sb2.*)
 *(.dynsbss)
                0x2000020c                        . = ALIGN (0x4)
                0x00000000                        __sbss_size = SIZEOF (.sbss)
                0x2000020c                        __sbss_end = (__sbss_start + __sbss_size)
                0x2000020c                        __sbss_end__ = __sbss_end
                0x00000001                        ASSERT (((__sbss_start == __sbss_end) || ((__sbss_end - ORIGIN (RAM)) <= LENGTH (RAM))), error: .sbss is too large to fit in RAM memory segment)
                0x2000020c                        . = ALIGN (0x4)

.tbss           0x2000020c        0x0
                0x2000020c                        __tbss_start = .
                0x2000020c                        __tbss_start__ = __tbss_start
                0x2000020c                        . = ALIGN (0x4)
 *(.tbss .tbss.* .gnu.linkonce.tb.*)
 *(.tcommon)
 *(.stbss .stbss.*)
                0x2000020c                        . = ALIGN (0x4)
                0x00000000                        __tbss_size = SIZEOF (.tbss)
                0x2000020c                        __tbss_end = (__tbss_start + __tbss_size)
                0x2000020c                        __tbss_end__ = __tbss_end
                0x00000001                        ASSERT (((__tbss_start == __tbss_end) || ((__tbss_end - ORIGIN (RAM)) <= LENGTH (RAM))), error: .tbss is too large to fit in RAM memory segment)
                0x2000020c                        . = ALIGN (0x4)
                0x2000020c                        . = SEGMENT_START ("ldata-segment", .)
                0x2000020c                        . = ALIGN (0x4)

.heap           0x2000020c     0x4004
                0x2000020c                        __heap_start = .
                0x2000020c                        __HeapBase = .
                0x2000020c                        __heap_base = .
                0x2000020c                        __end = .
                0x2000020c                        PROVIDE (end = .)
                [!provide]                        PROVIDE (_end = .)
                [!provide]                        PROVIDE (__end__ = .)
 *(.heap*)
 *fill*         0x2000020c        0x4 
 .heap          0x20000210     0x4000 C:/Users/hbd24004/Desktop/Laboration-4/nrfx/src/sample/../../build/gcc_startup_nrf5340_application.S.o
                0x20004210                        __HeapLimit = .
                0x20004210                        __heap_limit = .
                0x20004210                        __heap_end = .

.stack_dummy    0x20000210     0x4000
 *(.stack*)
 .stack         0x20000210     0x4000 C:/Users/hbd24004/Desktop/Laboration-4/nrfx/src/sample/../../build/gcc_startup_nrf5340_application.S.o
                0x20040000                        __stack_end = (ORIGIN (RAM) + LENGTH (RAM))
                0x20040000                        __StackTop = (ORIGIN (RAM) + LENGTH (RAM))
                0x2003c000                        __StackLimit = (__StackTop - SIZEOF (.stack_dummy))
                0x20040000                        PROVIDE (__stack = __StackTop)
                0x00000001                        ASSERT ((__StackLimit >= __HeapLimit), region RAM overflowed with stack)
                0x00000070                        DataInitFlashUsed = (__bss_start - __data_start)
                0x000053a4                        CodeFlashUsed = (_etext - ORIGIN (FLASH))
                0x00005414                        TotalFlashUsed = (CodeFlashUsed + DataInitFlashUsed)
                0x00000001                        ASSERT ((TotalFlashUsed <= LENGTH (FLASH)), region FLASH overflowed with .data and user data)
OUTPUT(C:/Users/hbd24004/Desktop/Laboration-4/nrfx/src/sample/../../build/nrf_test1.elf elf32-littlearm)
LOAD linker stubs

.ARM.attributes
                0x00000000       0x36
 .ARM.attributes
                0x00000000       0x26 C:/Apps/arm-toolchain/bin/../lib/gcc/arm-none-eabi/13.2.1/thumb/v8-m.main+fp/hard/crti.o
 .ARM.attributes
                0x00000026       0x38 C:/Apps/arm-toolchain/bin/../lib/gcc/arm-none-eabi/13.2.1/thumb/v8-m.main+fp/hard/crtbegin.o
 .ARM.attributes
                0x0000005e       0x24 C:/Apps/arm-toolchain/bin/../lib/gcc/arm-none-eabi/13.2.1/thumb/v8-m.main+fp/hard/crt0.o
 .ARM.attributes
                0x00000082       0x24 C:/Users/hbd24004/Desktop/Laboration-4/nrfx/src/sample/../../build/gcc_startup_nrf5340_application.S.o
 .ARM.attributes
                0x000000a6       0x3a C:/Users/hbd24004/Desktop/Laboration-4/nrfx/src/sample/../../build/system_nrf5340_application.c.o
 .ARM.attributes
                0x000000e0       0x3a C:/Users/hbd24004/Desktop/Laboration-4/nrfx/src/sample/../../build/nrfx_uarte.c.o
 .ARM.attributes
                0x0000011a       0x3a C:/Users/hbd24004/Desktop/Laboration-4/nrfx/src/sample/../../build/nrfx_systick.c.o
 .ARM.attributes
                0x00000154       0x3a C:/Users/hbd24004/Desktop/Laboration-4/nrfx/src/sample/../../build/main.c.o
 .ARM.attributes
                0x0000018e       0x3a C:/Users/hbd24004/Desktop/Laboration-4/nrfx/src/sample/../../build/list.c.o
 .ARM.attributes
                0x000001c8       0x3a C:/Users/hbd24004/Desktop/Laboration-4/nrfx/src/sample/../../build/goodFuncs.c.o
 .ARM.attributes
                0x00000202       0x3a C:/Users/hbd24004/Desktop/Laboration-4/nrfx/src/sample/../../build/lab32.c.o
 .ARM.attributes
                0x0000023c       0x3a C:/Users/hbd24004/Desktop/Laboration-4/nrfx/src/sample/../../build/nrfx_rtc.c.o
 .ARM.attributes
                0x00000276       0x38 C:/Apps/arm-toolchain/bin/../lib/gcc/arm-none-eabi/13.2.1/thumb/v8-m.main+fp/hard\libc_nano.a(libc_a-assert.o)
 .ARM.attributes
                0x000002ae       0x38 C:/Apps/arm-toolchain/bin/../lib/gcc/arm-none-eabi/13.2.1/thumb/v8-m.main+fp/hard\libc_nano.a(libc_a-atoi.o)
 .ARM.attributes
                0x000002e6       0x38 C:/Apps/arm-toolchain/bin/../lib/gcc/arm-none-eabi/13.2.1/thumb/v8-m.main+fp/hard\libc_nano.a(libc_a-exit.o)
 .ARM.attributes
                0x0000031e       0x38 C:/Apps/arm-toolchain/bin/../lib/gcc/arm-none-eabi/13.2.1/thumb/v8-m.main+fp/hard\libc_nano.a(libc_a-malloc.o)
 .ARM.attributes
                0x00000356       0x38 C:/Apps/arm-toolchain/bin/../lib/gcc/arm-none-eabi/13.2.1/thumb/v8-m.main+fp/hard\libc_nano.a(libc_a-mallocr.o)
 .ARM.attributes
                0x0000038e       0x38 C:/Apps/arm-toolchain/bin/../lib/gcc/arm-none-eabi/13.2.1/thumb/v8-m.main+fp/hard\libc_nano.a(libc_a-mlock.o)
 .ARM.attributes
                0x000003c6       0x38 C:/Apps/arm-toolchain/bin/../lib/gcc/arm-none-eabi/13.2.1/thumb/v8-m.main+fp/hard\libc_nano.a(libc_a-rand.o)
 .ARM.attributes
                0x000003fe       0x38 C:/Apps/arm-toolchain/bin/../lib/gcc/arm-none-eabi/13.2.1/thumb/v8-m.main+fp/hard\libc_nano.a(libc_a-strtol.o)
 .ARM.attributes
                0x00000436       0x38 C:/Apps/arm-toolchain/bin/../lib/gcc/arm-none-eabi/13.2.1/thumb/v8-m.main+fp/hard\libc_nano.a(libc_a-ctype_.o)
 .ARM.attributes
                0x0000046e       0x38 C:/Apps/arm-toolchain/bin/../lib/gcc/arm-none-eabi/13.2.1/thumb/v8-m.main+fp/hard\libc_nano.a(libc_a-findfp.o)
 .ARM.attributes
                0x000004a6       0x38 C:/Apps/arm-toolchain/bin/../lib/gcc/arm-none-eabi/13.2.1/thumb/v8-m.main+fp/hard\libc_nano.a(libc_a-fprintf.o)
 .ARM.attributes
                0x000004de       0x38 C:/Apps/arm-toolchain/bin/../lib/gcc/arm-none-eabi/13.2.1/thumb/v8-m.main+fp/hard\libc_nano.a(libc_a-fwalk.o)
 .ARM.attributes
                0x00000516       0x38 C:/Apps/arm-toolchain/bin/../lib/gcc/arm-none-eabi/13.2.1/thumb/v8-m.main+fp/hard\libc_nano.a(libc_a-printf.o)
 .ARM.attributes
                0x0000054e       0x38 C:/Apps/arm-toolchain/bin/../lib/gcc/arm-none-eabi/13.2.1/thumb/v8-m.main+fp/hard\libc_nano.a(libc_a-sprintf.o)
 .ARM.attributes
                0x00000586       0x38 C:/Apps/arm-toolchain/bin/../lib/gcc/arm-none-eabi/13.2.1/thumb/v8-m.main+fp/hard\libc_nano.a(libc_a-stdio.o)
 .ARM.attributes
                0x000005be       0x38 C:/Apps/arm-toolchain/bin/../lib/gcc/arm-none-eabi/13.2.1/thumb/v8-m.main+fp/hard\libc_nano.a(libc_a-memset.o)
 .ARM.attributes
                0x000005f6       0x38 C:/Apps/arm-toolchain/bin/../lib/gcc/arm-none-eabi/13.2.1/thumb/v8-m.main+fp/hard\libc_nano.a(libc_a-closer.o)
 .ARM.attributes
                0x0000062e       0x38 C:/Apps/arm-toolchain/bin/../lib/gcc/arm-none-eabi/13.2.1/thumb/v8-m.main+fp/hard\libc_nano.a(libc_a-reent.o)
 .ARM.attributes
                0x00000666       0x38 C:/Apps/arm-toolchain/bin/../lib/gcc/arm-none-eabi/13.2.1/thumb/v8-m.main+fp/hard\libc_nano.a(libc_a-impure.o)
 .ARM.attributes
                0x0000069e       0x38 C:/Apps/arm-toolchain/bin/../lib/gcc/arm-none-eabi/13.2.1/thumb/v8-m.main+fp/hard\libc_nano.a(libc_a-lseekr.o)
 .ARM.attributes
                0x000006d6       0x38 C:/Apps/arm-toolchain/bin/../lib/gcc/arm-none-eabi/13.2.1/thumb/v8-m.main+fp/hard\libc_nano.a(libc_a-readr.o)
 .ARM.attributes
                0x0000070e       0x38 C:/Apps/arm-toolchain/bin/../lib/gcc/arm-none-eabi/13.2.1/thumb/v8-m.main+fp/hard\libc_nano.a(libc_a-sbrkr.o)
 .ARM.attributes
                0x00000746       0x38 C:/Apps/arm-toolchain/bin/../lib/gcc/arm-none-eabi/13.2.1/thumb/v8-m.main+fp/hard\libc_nano.a(libc_a-writer.o)
 .ARM.attributes
                0x0000077e       0x38 C:/Apps/arm-toolchain/bin/../lib/gcc/arm-none-eabi/13.2.1/thumb/v8-m.main+fp/hard\libc_nano.a(libc_a-errno.o)
 .ARM.attributes
                0x000007b6       0x38 C:/Apps/arm-toolchain/bin/../lib/gcc/arm-none-eabi/13.2.1/thumb/v8-m.main+fp/hard\libc_nano.a(libc_a-init.o)
 .ARM.attributes
                0x000007ee       0x38 C:/Apps/arm-toolchain/bin/../lib/gcc/arm-none-eabi/13.2.1/thumb/v8-m.main+fp/hard\libc_nano.a(libc_a-lock.o)
 .ARM.attributes
                0x00000826       0x38 C:/Apps/arm-toolchain/bin/../lib/gcc/arm-none-eabi/13.2.1/thumb/v8-m.main+fp/hard\libc_nano.a(libc_a-strcpy.o)
 .ARM.attributes
                0x0000085e       0x38 C:/Apps/arm-toolchain/bin/../lib/gcc/arm-none-eabi/13.2.1/thumb/v8-m.main+fp/hard\libc_nano.a(libc_a-memcpy-stub.o)
 .ARM.attributes
                0x00000896       0x24 C:/Apps/arm-toolchain/bin/../lib/gcc/arm-none-eabi/13.2.1/thumb/v8-m.main+fp/hard\libc_nano.a(libc_a-strlen.o)
 .ARM.attributes
                0x000008ba       0x38 C:/Apps/arm-toolchain/bin/../lib/gcc/arm-none-eabi/13.2.1/thumb/v8-m.main+fp/hard\libc_nano.a(libc_a-abort.o)
 .ARM.attributes
                0x000008f2       0x38 C:/Apps/arm-toolchain/bin/../lib/gcc/arm-none-eabi/13.2.1/thumb/v8-m.main+fp/hard\libc_nano.a(libc_a-freer.o)
 .ARM.attributes
                0x0000092a       0x38 C:/Apps/arm-toolchain/bin/../lib/gcc/arm-none-eabi/13.2.1/thumb/v8-m.main+fp/hard\libc_nano.a(libc_a-nano-svfprintf.o)
 .ARM.attributes
                0x00000962       0x38 C:/Apps/arm-toolchain/bin/../lib/gcc/arm-none-eabi/13.2.1/thumb/v8-m.main+fp/hard\libc_nano.a(libc_a-nano-vfprintf.o)
 .ARM.attributes
                0x0000099a       0x38 C:/Apps/arm-toolchain/bin/../lib/gcc/arm-none-eabi/13.2.1/thumb/v8-m.main+fp/hard\libc_nano.a(libc_a-nano-vfprintf_i.o)
 .ARM.attributes
                0x000009d2       0x38 C:/Apps/arm-toolchain/bin/../lib/gcc/arm-none-eabi/13.2.1/thumb/v8-m.main+fp/hard\libc_nano.a(libc_a-fflush.o)
 .ARM.attributes
                0x00000a0a       0x38 C:/Apps/arm-toolchain/bin/../lib/gcc/arm-none-eabi/13.2.1/thumb/v8-m.main+fp/hard\libc_nano.a(libc_a-wbuf.o)
 .ARM.attributes
                0x00000a42       0x38 C:/Apps/arm-toolchain/bin/../lib/gcc/arm-none-eabi/13.2.1/thumb/v8-m.main+fp/hard\libc_nano.a(libc_a-wsetup.o)
 .ARM.attributes
                0x00000a7a       0x38 C:/Apps/arm-toolchain/bin/../lib/gcc/arm-none-eabi/13.2.1/thumb/v8-m.main+fp/hard\libc_nano.a(libc_a-memmove.o)
 .ARM.attributes
                0x00000ab2       0x38 C:/Apps/arm-toolchain/bin/../lib/gcc/arm-none-eabi/13.2.1/thumb/v8-m.main+fp/hard\libc_nano.a(libc_a-signal.o)
 .ARM.attributes
                0x00000aea       0x38 C:/Apps/arm-toolchain/bin/../lib/gcc/arm-none-eabi/13.2.1/thumb/v8-m.main+fp/hard\libc_nano.a(libc_a-signalr.o)
 .ARM.attributes
                0x00000b22       0x38 C:/Apps/arm-toolchain/bin/../lib/gcc/arm-none-eabi/13.2.1/thumb/v8-m.main+fp/hard\libc_nano.a(libc_a-memchr-stub.o)
 .ARM.attributes
                0x00000b5a       0x38 C:/Apps/arm-toolchain/bin/../lib/gcc/arm-none-eabi/13.2.1/thumb/v8-m.main+fp/hard\libc_nano.a(libc_a-reallocr.o)
 .ARM.attributes
                0x00000b92       0x38 C:/Apps/arm-toolchain/bin/../lib/gcc/arm-none-eabi/13.2.1/thumb/v8-m.main+fp/hard\libc_nano.a(libc_a-makebuf.o)
 .ARM.attributes
                0x00000bca       0x38 C:/Apps/arm-toolchain/bin/../lib/gcc/arm-none-eabi/13.2.1/thumb/v8-m.main+fp/hard\libc_nano.a(libc_a-fstatr.o)
 .ARM.attributes
                0x00000c02       0x38 C:/Apps/arm-toolchain/bin/../lib/gcc/arm-none-eabi/13.2.1/thumb/v8-m.main+fp/hard\libc_nano.a(libc_a-isattyr.o)
 .ARM.attributes
                0x00000c3a       0x38 C:/Apps/arm-toolchain/bin/../lib/gcc/arm-none-eabi/13.2.1/thumb/v8-m.main+fp/hard\libc_nano.a(libc_a-msizer.o)
 .ARM.attributes
                0x00000c72       0x38 C:/Apps/arm-toolchain/bin/../lib/gcc/arm-none-eabi/13.2.1/thumb/v8-m.main+fp/hard\libnosys.a(close.o)
 .ARM.attributes
                0x00000caa       0x38 C:/Apps/arm-toolchain/bin/../lib/gcc/arm-none-eabi/13.2.1/thumb/v8-m.main+fp/hard\libnosys.a(fstat.o)
 .ARM.attributes
                0x00000ce2       0x38 C:/Apps/arm-toolchain/bin/../lib/gcc/arm-none-eabi/13.2.1/thumb/v8-m.main+fp/hard\libnosys.a(getpid.o)
 .ARM.attributes
                0x00000d1a       0x38 C:/Apps/arm-toolchain/bin/../lib/gcc/arm-none-eabi/13.2.1/thumb/v8-m.main+fp/hard\libnosys.a(isatty.o)
 .ARM.attributes
                0x00000d52       0x38 C:/Apps/arm-toolchain/bin/../lib/gcc/arm-none-eabi/13.2.1/thumb/v8-m.main+fp/hard\libnosys.a(kill.o)
 .ARM.attributes
                0x00000d8a       0x38 C:/Apps/arm-toolchain/bin/../lib/gcc/arm-none-eabi/13.2.1/thumb/v8-m.main+fp/hard\libnosys.a(lseek.o)
 .ARM.attributes
                0x00000dc2       0x38 C:/Apps/arm-toolchain/bin/../lib/gcc/arm-none-eabi/13.2.1/thumb/v8-m.main+fp/hard\libnosys.a(read.o)
 .ARM.attributes
                0x00000dfa       0x38 C:/Apps/arm-toolchain/bin/../lib/gcc/arm-none-eabi/13.2.1/thumb/v8-m.main+fp/hard\libnosys.a(sbrk.o)
 .ARM.attributes
                0x00000e32       0x38 C:/Apps/arm-toolchain/bin/../lib/gcc/arm-none-eabi/13.2.1/thumb/v8-m.main+fp/hard\libnosys.a(write.o)
 .ARM.attributes
                0x00000e6a       0x38 C:/Apps/arm-toolchain/bin/../lib/gcc/arm-none-eabi/13.2.1/thumb/v8-m.main+fp/hard\libnosys.a(_exit.o)
 .ARM.attributes
                0x00000ea2       0x38 C:/Apps/arm-toolchain/bin/../lib/gcc/arm-none-eabi/13.2.1/thumb/v8-m.main+fp/hard/crtend.o
 .ARM.attributes
                0x00000eda       0x26 C:/Apps/arm-toolchain/bin/../lib/gcc/arm-none-eabi/13.2.1/thumb/v8-m.main+fp/hard/crtn.o

.comment        0x00000000       0x44
 .comment       0x00000000       0x44 C:/Users/hbd24004/Desktop/Laboration-4/nrfx/src/sample/../../build/system_nrf5340_application.c.o
                                 0x45 (size before relaxing)
 .comment       0x00000044       0x45 C:/Users/hbd24004/Desktop/Laboration-4/nrfx/src/sample/../../build/nrfx_uarte.c.o
 .comment       0x00000044       0x45 C:/Users/hbd24004/Desktop/Laboration-4/nrfx/src/sample/../../build/nrfx_systick.c.o
 .comment       0x00000044       0x45 C:/Users/hbd24004/Desktop/Laboration-4/nrfx/src/sample/../../build/main.c.o
 .comment       0x00000044       0x45 C:/Users/hbd24004/Desktop/Laboration-4/nrfx/src/sample/../../build/list.c.o
 .comment       0x00000044       0x45 C:/Users/hbd24004/Desktop/Laboration-4/nrfx/src/sample/../../build/goodFuncs.c.o
 .comment       0x00000044       0x45 C:/Users/hbd24004/Desktop/Laboration-4/nrfx/src/sample/../../build/lab32.c.o
 .comment       0x00000044       0x45 C:/Users/hbd24004/Desktop/Laboration-4/nrfx/src/sample/../../build/nrfx_rtc.c.o

.debug_line_str
                0x00000000      0x252
 .debug_line_str
                0x00000000      0x252 C:/Apps/arm-toolchain/bin/../lib/gcc/arm-none-eabi/13.2.1/thumb/v8-m.main+fp/hard/crt0.o
                                 0xda (size before relaxing)
 .debug_line_str
                0x00000252       0x89 C:/Users/hbd24004/Desktop/Laboration-4/nrfx/src/sample/../../build/gcc_startup_nrf5340_application.S.o
 .debug_line_str
                0x00000252       0xef C:/Apps/arm-toolchain/bin/../lib/gcc/arm-none-eabi/13.2.1/thumb/v8-m.main+fp/hard\libc_nano.a(libc_a-strlen.o)

.debug_line     0x00000000     0x6f08
 .debug_line    0x00000000       0x84 C:/Users/hbd24004/Desktop/Laboration-4/nrfx/src/sample/../../build/gcc_startup_nrf5340_application.S.o
 .debug_line    0x00000084     0x19bd C:/Users/hbd24004/Desktop/Laboration-4/nrfx/src/sample/../../build/system_nrf5340_application.c.o
 .debug_line    0x00001a41     0x15e4 C:/Users/hbd24004/Desktop/Laboration-4/nrfx/src/sample/../../build/nrfx_uarte.c.o
 .debug_line    0x00003025      0x7fe C:/Users/hbd24004/Desktop/Laboration-4/nrfx/src/sample/../../build/nrfx_systick.c.o
 .debug_line    0x00003823      0x9c9 C:/Users/hbd24004/Desktop/Laboration-4/nrfx/src/sample/../../build/main.c.o
 .debug_line    0x000041ec      0x8c0 C:/Users/hbd24004/Desktop/Laboration-4/nrfx/src/sample/../../build/list.c.o
 .debug_line    0x00004aac      0xc1e C:/Users/hbd24004/Desktop/Laboration-4/nrfx/src/sample/../../build/goodFuncs.c.o
 .debug_line    0x000056ca      0xac5 C:/Users/hbd24004/Desktop/Laboration-4/nrfx/src/sample/../../build/lab32.c.o
 .debug_line    0x0000618f      0xd79 C:/Users/hbd24004/Desktop/Laboration-4/nrfx/src/sample/../../build/nrfx_rtc.c.o

.debug_info     0x00000000     0x97d4
 .debug_info    0x00000000      0x2d8 C:/Users/hbd24004/Desktop/Laboration-4/nrfx/src/sample/../../build/gcc_startup_nrf5340_application.S.o
 .debug_info    0x000002d8     0x2c1d C:/Users/hbd24004/Desktop/Laboration-4/nrfx/src/sample/../../build/system_nrf5340_application.c.o
 .debug_info    0x00002ef5     0x245c C:/Users/hbd24004/Desktop/Laboration-4/nrfx/src/sample/../../build/nrfx_uarte.c.o
 .debug_info    0x00005351      0x32d C:/Users/hbd24004/Desktop/Laboration-4/nrfx/src/sample/../../build/nrfx_systick.c.o
 .debug_info    0x0000567e      0x5a1 C:/Users/hbd24004/Desktop/Laboration-4/nrfx/src/sample/../../build/main.c.o
 .debug_info    0x00005c1f      0x5c8 C:/Users/hbd24004/Desktop/Laboration-4/nrfx/src/sample/../../build/list.c.o
 .debug_info    0x000061e7     0x1aab C:/Users/hbd24004/Desktop/Laboration-4/nrfx/src/sample/../../build/goodFuncs.c.o
 .debug_info    0x00007c92      0x7da C:/Users/hbd24004/Desktop/Laboration-4/nrfx/src/sample/../../build/lab32.c.o
 .debug_info    0x0000846c     0x1368 C:/Users/hbd24004/Desktop/Laboration-4/nrfx/src/sample/../../build/nrfx_rtc.c.o

.debug_abbrev   0x00000000     0x151d
 .debug_abbrev  0x00000000       0x28 C:/Users/hbd24004/Desktop/Laboration-4/nrfx/src/sample/../../build/gcc_startup_nrf5340_application.S.o
 .debug_abbrev  0x00000028      0x251 C:/Users/hbd24004/Desktop/Laboration-4/nrfx/src/sample/../../build/system_nrf5340_application.c.o
 .debug_abbrev  0x00000279      0x3bc C:/Users/hbd24004/Desktop/Laboration-4/nrfx/src/sample/../../build/nrfx_uarte.c.o
 .debug_abbrev  0x00000635      0x1ef C:/Users/hbd24004/Desktop/Laboration-4/nrfx/src/sample/../../build/nrfx_systick.c.o
 .debug_abbrev  0x00000824      0x1f9 C:/Users/hbd24004/Desktop/Laboration-4/nrfx/src/sample/../../build/main.c.o
 .debug_abbrev  0x00000a1d      0x1c0 C:/Users/hbd24004/Desktop/Laboration-4/nrfx/src/sample/../../build/list.c.o
 .debug_abbrev  0x00000bdd      0x3e0 C:/Users/hbd24004/Desktop/Laboration-4/nrfx/src/sample/../../build/goodFuncs.c.o
 .debug_abbrev  0x00000fbd      0x23a C:/Users/hbd24004/Desktop/Laboration-4/nrfx/src/sample/../../build/lab32.c.o
 .debug_abbrev  0x000011f7      0x326 C:/Users/hbd24004/Desktop/Laboration-4/nrfx/src/sample/../../build/nrfx_rtc.c.o

.debug_aranges  0x00000000      0xac8
 .debug_aranges
                0x00000000       0x20 C:/Users/hbd24004/Desktop/Laboration-4/nrfx/src/sample/../../build/gcc_startup_nrf5340_application.S.o
 .debug_aranges
                0x00000020      0x398 C:/Users/hbd24004/Desktop/Laboration-4/nrfx/src/sample/../../build/system_nrf5340_application.c.o
 .debug_aranges
                0x000003b8      0x2c0 C:/Users/hbd24004/Desktop/Laboration-4/nrfx/src/sample/../../build/nrfx_uarte.c.o
 .debug_aranges
                0x00000678       0x70 C:/Users/hbd24004/Desktop/Laboration-4/nrfx/src/sample/../../build/nrfx_systick.c.o
 .debug_aranges
                0x000006e8       0x30 C:/Users/hbd24004/Desktop/Laboration-4/nrfx/src/sample/../../build/main.c.o
 .debug_aranges
                0x00000718       0x88 C:/Users/hbd24004/Desktop/Laboration-4/nrfx/src/sample/../../build/list.c.o
 .debug_aranges
                0x000007a0      0x110 C:/Users/hbd24004/Desktop/Laboration-4/nrfx/src/sample/../../build/goodFuncs.c.o
 .debug_aranges
                0x000008b0       0x88 C:/Users/hbd24004/Desktop/Laboration-4/nrfx/src/sample/../../build/lab32.c.o
 .debug_aranges
                0x00000938      0x190 C:/Users/hbd24004/Desktop/Laboration-4/nrfx/src/sample/../../build/nrfx_rtc.c.o

.debug_str      0x00000000    0x99805
 .debug_str     0x00000000    0x99805 C:/Users/hbd24004/Desktop/Laboration-4/nrfx/src/sample/../../build/gcc_startup_nrf5340_application.S.o
                                0x425 (size before relaxing)
 .debug_str     0x00099805    0x845fb C:/Users/hbd24004/Desktop/Laboration-4/nrfx/src/sample/../../build/system_nrf5340_application.c.o
 .debug_str     0x00099805    0x94da1 C:/Users/hbd24004/Desktop/Laboration-4/nrfx/src/sample/../../build/nrfx_uarte.c.o
 .debug_str     0x00099805    0x92bfb C:/Users/hbd24004/Desktop/Laboration-4/nrfx/src/sample/../../build/nrfx_systick.c.o
 .debug_str     0x00099805    0x93e3e C:/Users/hbd24004/Desktop/Laboration-4/nrfx/src/sample/../../build/main.c.o
 .debug_str     0x00099805    0x92995 C:/Users/hbd24004/Desktop/Laboration-4/nrfx/src/sample/../../build/list.c.o
 .debug_str     0x00099805    0x950ad C:/Users/hbd24004/Desktop/Laboration-4/nrfx/src/sample/../../build/goodFuncs.c.o
 .debug_str     0x00099805    0x929d5 C:/Users/hbd24004/Desktop/Laboration-4/nrfx/src/sample/../../build/lab32.c.o
 .debug_str     0x00099805    0x93e7c C:/Users/hbd24004/Desktop/Laboration-4/nrfx/src/sample/../../build/nrfx_rtc.c.o

.debug_rnglists
                0x00000000      0x801
 .debug_rnglists
                0x00000000      0x2ae C:/Users/hbd24004/Desktop/Laboration-4/nrfx/src/sample/../../build/system_nrf5340_application.c.o
 .debug_rnglists
                0x000002ae      0x216 C:/Users/hbd24004/Desktop/Laboration-4/nrfx/src/sample/../../build/nrfx_uarte.c.o
 .debug_rnglists
                0x000004c4       0x50 C:/Users/hbd24004/Desktop/Laboration-4/nrfx/src/sample/../../build/nrfx_systick.c.o
 .debug_rnglists
                0x00000514       0x20 C:/Users/hbd24004/Desktop/Laboration-4/nrfx/src/sample/../../build/main.c.o
 .debug_rnglists
                0x00000534       0x63 C:/Users/hbd24004/Desktop/Laboration-4/nrfx/src/sample/../../build/list.c.o
 .debug_rnglists
                0x00000597       0xc9 C:/Users/hbd24004/Desktop/Laboration-4/nrfx/src/sample/../../build/goodFuncs.c.o
 .debug_rnglists
                0x00000660       0x76 C:/Users/hbd24004/Desktop/Laboration-4/nrfx/src/sample/../../build/lab32.c.o
 .debug_rnglists
                0x000006d6      0x12b C:/Users/hbd24004/Desktop/Laboration-4/nrfx/src/sample/../../build/nrfx_rtc.c.o

.debug_macro    0x00000000    0x19607
 .debug_macro   0x00000000      0x16a C:/Users/hbd24004/Desktop/Laboration-4/nrfx/src/sample/../../build/system_nrf5340_application.c.o
 .debug_macro   0x0000016a      0xaf0 C:/Users/hbd24004/Desktop/Laboration-4/nrfx/src/sample/../../build/system_nrf5340_application.c.o
 .debug_macro   0x00000c5a       0x22 C:/Users/hbd24004/Desktop/Laboration-4/nrfx/src/sample/../../build/system_nrf5340_application.c.o
 .debug_macro   0x00000c7c       0x56 C:/Users/hbd24004/Desktop/Laboration-4/nrfx/src/sample/../../build/system_nrf5340_application.c.o
 .debug_macro   0x00000cd2       0x51 C:/Users/hbd24004/Desktop/Laboration-4/nrfx/src/sample/../../build/system_nrf5340_application.c.o
 .debug_macro   0x00000d23      0x103 C:/Users/hbd24004/Desktop/Laboration-4/nrfx/src/sample/../../build/system_nrf5340_application.c.o
 .debug_macro   0x00000e26       0x6a C:/Users/hbd24004/Desktop/Laboration-4/nrfx/src/sample/../../build/system_nrf5340_application.c.o
 .debug_macro   0x00000e90      0x1df C:/Users/hbd24004/Desktop/Laboration-4/nrfx/src/sample/../../build/system_nrf5340_application.c.o
 .debug_macro   0x0000106f       0x22 C:/Users/hbd24004/Desktop/Laboration-4/nrfx/src/sample/../../build/system_nrf5340_application.c.o
 .debug_macro   0x00001091       0x2e C:/Users/hbd24004/Desktop/Laboration-4/nrfx/src/sample/../../build/system_nrf5340_application.c.o
 .debug_macro   0x000010bf       0x50 C:/Users/hbd24004/Desktop/Laboration-4/nrfx/src/sample/../../build/system_nrf5340_application.c.o
 .debug_macro   0x0000110f       0x1c C:/Users/hbd24004/Desktop/Laboration-4/nrfx/src/sample/../../build/system_nrf5340_application.c.o
 .debug_macro   0x0000112b       0x29 C:/Users/hbd24004/Desktop/Laboration-4/nrfx/src/sample/../../build/system_nrf5340_application.c.o
 .debug_macro   0x00001154       0xfb C:/Users/hbd24004/Desktop/Laboration-4/nrfx/src/sample/../../build/system_nrf5340_application.c.o
 .debug_macro   0x0000124f     0x1685 C:/Users/hbd24004/Desktop/Laboration-4/nrfx/src/sample/../../build/system_nrf5340_application.c.o
 .debug_macro   0x000028d4       0x5e C:/Users/hbd24004/Desktop/Laboration-4/nrfx/src/sample/../../build/system_nrf5340_application.c.o
 .debug_macro   0x00002932      0x7ba C:/Users/hbd24004/Desktop/Laboration-4/nrfx/src/sample/../../build/system_nrf5340_application.c.o
 .debug_macro   0x000030ec    0x1248c C:/Users/hbd24004/Desktop/Laboration-4/nrfx/src/sample/../../build/system_nrf5340_application.c.o
 .debug_macro   0x00015578       0x52 C:/Users/hbd24004/Desktop/Laboration-4/nrfx/src/sample/../../build/system_nrf5340_application.c.o
 .debug_macro   0x000155ca       0x12 C:/Users/hbd24004/Desktop/Laboration-4/nrfx/src/sample/../../build/system_nrf5340_application.c.o
 .debug_macro   0x000155dc       0x6a C:/Users/hbd24004/Desktop/Laboration-4/nrfx/src/sample/../../build/system_nrf5340_application.c.o
 .debug_macro   0x00015646      0x44e C:/Users/hbd24004/Desktop/Laboration-4/nrfx/src/sample/../../build/system_nrf5340_application.c.o
 .debug_macro   0x00015a94      0x5e4 C:/Users/hbd24004/Desktop/Laboration-4/nrfx/src/sample/../../build/system_nrf5340_application.c.o
 .debug_macro   0x00016078      0x2cd C:/Users/hbd24004/Desktop/Laboration-4/nrfx/src/sample/../../build/nrfx_uarte.c.o
 .debug_macro   0x00016345       0x1c C:/Users/hbd24004/Desktop/Laboration-4/nrfx/src/sample/../../build/nrfx_uarte.c.o